[Licensing::Module] Trying to connect to existing licensing client channel...
Built from '6000.3/staging' branch; Version is '6000.3.15f1 (c1aa84e375f6) revision 12692100'; Using compiler version '194234433'; Build Type 'Release'
OS: 'Windows 10  (10.0.19045) 64bit Professional' Language: 'ko' Physical Memory: 32478 MB
[Licensing::IpcConnector] Successfully connected to: "LicenseClient-Administrator" at "2026-05-28T12:28:12.3785838Z"
BatchMode: 1, IsHumanControllingUs: 0, StartBugReporterOnCrash: 0, Is64bit: 1
System  architecture: x64
Process architecture: x64
Date: 2026-05-28T12:28:12Z

COMMAND LINE ARGUMENTS:
C:\Program Files\Unity\Hub\Editor\6000.3.15f1\Editor\Unity.exe
-adb2
-batchMode
-noUpm
-name
AssetImportWorker15
-projectPath
C:/Users/Administrator/Desktop/Game-Engine/Program
-logFile
Logs/AssetImportWorker15.log
-srvPort
50696
-licensingIpc
LicenseClient-Administrator
-job-worker-count
13
-background-job-worker-count
8
-gc-helper-count
1
-name
AssetImport
Successfully changed project path to: C:/Users/Administrator/Desktop/Game-Engine/Program
C:/Users/Administrator/Desktop/Game-Engine/Program
[UnityMemory] Configuration Parameters - Can be set up in boot.config
    "memorysetup-temp-allocator-size-nav-mesh-worker=65536"
    "memorysetup-temp-allocator-size-audio-worker=65536"
    "memorysetup-temp-allocator-size-gfx=262144"
    "memorysetup-allocator-temp-initial-block-size-main=262144"
    "memorysetup-allocator-temp-initial-block-size-worker=262144"
    "memorysetup-temp-allocator-size-background-worker=32768"
    "memorysetup-temp-allocator-size-job-worker=262144"
    "memorysetup-temp-allocator-size-preload-manager=33554432"
    "memorysetup-temp-allocator-size-gi-baking-worker=262144"
    "memorysetup-temp-allocator-size-gi-baking-worker=262144"
    "memorysetup-temp-allocator-size-gi-baking-worker=262144"
    "memorysetup-temp-allocator-size-gi-baking-worker=262144"
    "memorysetup-temp-allocator-size-gi-baking-worker=262144"
    "memorysetup-bucket-allocator-granularity=16"
    "memorysetup-bucket-allocator-bucket-count=8"
    "memorysetup-bucket-allocator-block-size=33554432"
    "memorysetup-bucket-allocator-block-count=8"
    "memorysetup-main-allocator-block-size=16777216"
    "memorysetup-thread-allocator-block-size=16777216"
    "memorysetup-gfx-main-allocator-block-size=16777216"
    "memorysetup-gfx-thread-allocator-block-size=16777216"
    "memorysetup-cache-allocator-block-size=4194304"
    "memorysetup-typetree-allocator-block-size=2097152"
    "memorysetup-profiler-bucket-allocator-granularity=16"
    "memorysetup-profiler-bucket-allocator-bucket-count=8"
    "memorysetup-profiler-bucket-allocator-block-size=33554432"
    "memorysetup-profiler-bucket-allocator-block-count=8"
    "memorysetup-profiler-allocator-block-size=16777216"
    "memorysetup-profiler-editor-allocator-block-size=1048576"
    "memorysetup-temp-allocator-size-main=16777216"
    "memorysetup-job-temp-allocator-block-size=2097152"
    "memorysetup-job-temp-allocator-block-size-background=1048576"
    "memorysetup-job-temp-allocator-reduction-small-platforms=262144"
    "memorysetup-temp-allocator-size-cloud-worker=32768"
Player connection [11372]  Target information:

Player connection [11372]  * "[IP] 192.168.0.94 [Port] 0 [Flags] 2 [Guid] 3174694424 [EditorId] 3174694424 [Version] 1048832 [Id] WindowsEditor(7,DESKTOP-MSMA3UP) [Debug] 1 [PackageName] WindowsEditor [ProjectName] Editor" 

Player connection [11372] Host joined multi-casting on [225.0.0.222:54997]...
Player connection [11372] Host joined alternative multi-casting on [225.0.0.222:34997]...
JobSystem: Creating JobQueue using job-worker-count value 13
Input System module state changed to: Initialized.
[Physics::Module] Initialized fallback backend.
[Physics::Module] Id: 0xdecafbad
Library Redirect Path: Library/
[Physics::Module] Selected backend.
[Physics::Module] Name: PhysX
[Physics::Module] Id: 0xf2b8ea05
[Physics::Module] SDK Version: 4.1.2
[Physics::Module] Integration Version: 1.0.0
[Physics::Module] Threading Mode: Multi-Threaded
Refreshing native plugins compatible for Editor in 2.32 ms, found 4 plugins.
Preloading 0 native plugins for Editor in 0.00 ms.
Initialize engine version: 6000.3.15f1 (c1aa84e375f6)
[Subsystems] Discovering subsystems at path C:/Program Files/Unity/Hub/Editor/6000.3.15f1/Editor/Data/Resources/UnitySubsystems
[Subsystems] Discovering subsystems at path C:/Users/Administrator/Desktop/Game-Engine/Program/Assets
GfxDevice: creating device client; kGfxThreadingModeNonThreaded
Direct3D:
    Version:  Direct3D 11.0 [level 11.1]
    Renderer: NVIDIA GeForce RTX 5060 Ti (ID=0x2d04)
    Vendor:   NVIDIA
    VRAM:     16050 MB
    Driver:   32.0.15.9636
Initialize mono
Mono path[0] = 'C:/Program Files/Unity/Hub/Editor/6000.3.15f1/Editor/Data/Managed'
Mono path[1] = 'C:/Program Files/Unity/Hub/Editor/6000.3.15f1/Editor/Data/MonoBleedingEdge/lib/mono/unityjit-win32'
Mono config path = 'C:/Program Files/Unity/Hub/Editor/6000.3.15f1/Editor/Data/MonoBleedingEdge/etc'
Using monoOptions --debugger-agent=transport=dt_socket,embedding=1,server=y,suspend=n,address=127.0.0.1:56928
Begin MonoManager ReloadAssembly
Registering precompiled unity dll's ...
Register platform support module: C:/Program Files/Unity/Hub/Editor/6000.3.15f1/Editor/Data/PlaybackEngines/WindowsStandaloneSupport/UnityEditor.WindowsStandalone.Extensions.dll
Registered in 0.001142 seconds.
- Loaded All Assemblies, in  0.437 seconds
[Licensing::Client] Error: HandshakeResponse reported an error:
	ResponseCode: 505
	ResponseStatus: Unsupported protocol version '1.18.1'.
[Licensing::Module] Error: Failed to handshake to channel: "LicenseClient-Administrator"
[Licensing::IpcConnector] LicenseClient-Administrator channel disconnected successfully.
[Licensing::IpcConnector] Successfully connected to: "LicenseClient-Administrator-6000.3.15" at "2026-05-28T12:28:13.2710607Z"
[Licensing::Client] Code 10 while verifying Licensing Client signature (process Id: 16204, path: "C:/Program Files/Unity/Hub/Editor/6000.3.15f1/Editor/Data/Resources/Licensing/Client/Unity.Licensing.Client.exe")
[Licensing::Module] LicensingClient has failed validation; ignoring
[Licensing::Client] Handshaking with LicensingClient:
  Version:                 1.18.1+9fbee8e
  Session Id:              c68aee43864244ab99820acf3c4ddfc5
  Correlation Id:          ad42b2fbb7b73a64a39450c4b227db39
  External correlation Id: 1866972056145043323
  Machine Id:              SvejmJGsl/EFmq0OAjofjZYOfss=
[Licensing::Module] Successfully connected to LicensingClient on channel: "LicenseClient-Administrator-6000.3.15" (connect: 0.00s, validation: 0.00s, handshake: 0.00s)
[Licensing::IpcConnector] Successfully connected to: "LicenseClient-Administrator-6000.3.15-notifications" at "2026-05-28T12:28:13.2761268Z"
[Licensing::Module] Licensing Background thread has ended after 0.90s
Native extension for WindowsStandalone target not found
Package Manager log level set to [2]
[Package Manager] Failed to launch server process. Reason: Unity was launched with the -noUpm command-line argument
[Package Manager] Unable to send message (not connected to server process).
[Package Manager] Cannot connect to Unity Package Manager local server
ScheduleIndexationOnStartup MainProcess:False IndexOnStartup:True
Mono: successfully reloaded assembly
- Finished resetting the current domain, in  0.431 seconds
Domain Reload Profiling: 868ms
	BeginReloadAssembly (147ms)
		ExecutionOrderSort (0ms)
		DisableScriptedObjects (0ms)
		BackupInstance (0ms)
		ReleaseScriptingObjects (0ms)
		CreateAndSetChildDomain (1ms)
	RebuildCommonClasses (39ms)
	RebuildNativeTypeToScriptingClass (15ms)
	initialDomainReloadingComplete (45ms)
	LoadAllAssembliesAndSetupDomain (190ms)
		LoadAssemblies (145ms)
		RebuildTransferFunctionScriptingTraits (0ms)
		AnalyzeDomain (187ms)
			TypeCache.Refresh (185ms)
				TypeCache.ScanAssembly (167ms)
			BuildScriptInfoCaches (0ms)
			ResolveRequiredComponents (1ms)
	FinalizeReload (432ms)
		ReleaseScriptCaches (0ms)
		RebuildScriptCaches (0ms)
		SetupLoadedEditorAssemblies (379ms)
			LogAssemblyErrors (0ms)
			InitializePlatformSupportModulesInManaged (50ms)
			SetLoadedEditorAssemblies (4ms)
			BeforeProcessingInitializeOnLoad (90ms)
			ProcessInitializeOnLoadAttributes (153ms)
			ProcessInitializeOnLoadMethodAttributes (81ms)
			AfterProcessingInitializeOnLoad (0ms)
			EditorAssembliesLoaded (0ms)
		ExecutionOrderSort2 (0ms)
		AwakeInstancesAfterBackupRestoration (0ms)
========================================================================
Worker process is ready to serve import requests
Import Worker Mode flag is 0x00
Begin MonoManager ReloadAssembly
[Licensing::Client] Successfully resolved entitlement details
[Licensing::Module] License group:
  Id: 14569174559127-UnityPersXXXX
  Product: Unity Personal
  Type: Assigned
  Expiration: Unlimited
- Loaded All Assemblies, in  0.882 seconds
Refreshing native plugins compatible for Editor in 1.01 ms, found 4 plugins.
Native extension for WindowsStandalone target not found
[Package Manager] Failed to launch server process. Reason: Unity was launched with the -noUpm command-line argument
[Package Manager] Unable to send message (not connected to server process).
[Package Manager] Cannot connect to Unity Package Manager local server
Refreshing native plugins compatible for Editor in 1.20 ms, found 4 plugins.
[Package Manager] Failed to launch server process. Reason: Unity was launched with the -noUpm command-line argument
[Package Manager] Unable to send message (not connected to server process).
[Package Manager] Cannot connect to Unity Package Manager local server
ScheduleIndexationOnStartup MainProcess:False IndexOnStartup:True
Mono: successfully reloaded assembly
- Finished resetting the current domain, in  0.781 seconds
Domain Reload Profiling: 1662ms
	BeginReloadAssembly (204ms)
		ExecutionOrderSort (0ms)
		DisableScriptedObjects (6ms)
		BackupInstance (0ms)
		ReleaseScriptingObjects (0ms)
		CreateAndSetChildDomain (38ms)
	RebuildCommonClasses (38ms)
	RebuildNativeTypeToScriptingClass (15ms)
	initialDomainReloadingComplete (38ms)
	LoadAllAssembliesAndSetupDomain (585ms)
		LoadAssemblies (403ms)
		RebuildTransferFunctionScriptingTraits (0ms)
		AnalyzeDomain (297ms)
			TypeCache.Refresh (199ms)
				TypeCache.ScanAssembly (175ms)
			BuildScriptInfoCaches (83ms)
			ResolveRequiredComponents (10ms)
	FinalizeReload (782ms)
		ReleaseScriptCaches (0ms)
		RebuildScriptCaches (0ms)
		SetupLoadedEditorAssemblies (561ms)
			LogAssemblyErrors (0ms)
			InitializePlatformSupportModulesInManaged (2ms)
			SetLoadedEditorAssemblies (4ms)
			BeforeProcessingInitializeOnLoad (136ms)
			ProcessInitializeOnLoadAttributes (352ms)
			ProcessInitializeOnLoadMethodAttributes (65ms)
			AfterProcessingInitializeOnLoad (3ms)
			EditorAssembliesLoaded (0ms)
		ExecutionOrderSort2 (0ms)
		AwakeInstancesAfterBackupRestoration (6ms)
Launched and connected shader compiler UnityShaderCompiler.exe after 0.01 seconds
Refreshing native plugins compatible for Editor in 1.26 ms, found 4 plugins.
Preloading 0 native plugins for Editor in 0.00 ms.
Unloading 17 Unused Serialized files (Serialized files now loaded: 0)
Unloading 6441 unused Assets / (4.2 MB). Loaded Objects now: 7235.
Memory consumption went from 157.5 MB to 153.2 MB.
Total: 11.447400 ms (FindLiveObjects: 1.453200 ms CreateObjectMapping: 0.845900 ms MarkObjects: 6.639400 ms  DeleteObjects: 2.506200 ms)

========================================================================
Received Import Request.
  Time since last request: 13023.926838 seconds.
  path: Assets/GolfAssets/Textures/InteractProps
  artifactKey: Guid(48a73042ba206b8419198c1d345adc79) Importer(2089858483,b0f066a214c2f5e87bad3c948f4d605d)
Start importing Assets/GolfAssets/Textures/InteractProps using Guid(48a73042ba206b8419198c1d345adc79) Importer(2089858483,b0f066a214c2f5e87bad3c948f4d605d) (ScriptedImporter) -> (artifact id: '1f375cceae6c8acf1af44891b0a5ab4c') in 0.050333 seconds
Number of updated asset objects reloaded before import = 0Number of asset objects unloaded after import = 1

========================================================================
Received Import Request.
  Time since last request: 0.000021 seconds.
  path: Assets/GolfAssets/Textures/Cosmetics/wood/Sphere_DefaultMaterial_AlbedoTransparency.png
  artifactKey: Guid(5380c5074bffe8346ac847ee2fa0a180) Importer(2089858483,b0f066a214c2f5e87bad3c948f4d605d)
Start importing Assets/GolfAssets/Textures/Cosmetics/wood/Sphere_DefaultMaterial_AlbedoTransparency.png using Guid(5380c5074bffe8346ac847ee2fa0a180) Importer(2089858483,b0f066a214c2f5e87bad3c948f4d605d) (ScriptedImporter) -> (artifact id: 'bc461c933a3d8d35ee79dfe23dd8ed54') in 0.0843394 seconds
Number of updated asset objects reloaded before import = 0Number of asset objects unloaded after import = 1

========================================================================
Received Import Request.
  Time since last request: 0.000022 seconds.
  path: Assets/GolfAssets/Renderer.asset
  artifactKey: Guid(a3c69f300d0aecf438454ed49a32c0b0) Importer(2089858483,b0f066a214c2f5e87bad3c948f4d605d)
Start importing Assets/GolfAssets/Renderer.asset using Guid(a3c69f300d0aecf438454ed49a32c0b0) Importer(2089858483,b0f066a214c2f5e87bad3c948f4d605d) (ScriptedImporter) -> (artifact id: 'a264618be49ff72ca441d53aeb37d9a4') in 0.0699086 seconds
Number of updated asset objects reloaded before import = 0Number of asset objects unloaded after import = 2

========================================================================
Received Import Request.
  Time since last request: 0.000018 seconds.
  path: Assets/GolfAssets/Prefabs/Level/90.prefab
  artifactKey: Guid(6444a16b561214f4b8f98c4bed00d617) Importer(2089858483,b0f066a214c2f5e87bad3c948f4d605d)
Start importing Assets/GolfAssets/Prefabs/Level/90.prefab using Guid(6444a16b561214f4b8f98c4bed00d617) Importer(2089858483,b0f066a214c2f5e87bad3c948f4d605d) (ScriptedImporter) -> (artifact id: '8726fc7a471d4becde825e002f691542') in 0.0386802 seconds
Number of updated asset objects reloaded before import = 0Number of asset objects unloaded after import = 16

========================================================================
Received Import Request.
  Time since last request: 0.000029 seconds.
  path: Assets/GolfAssets/Models/Coins/Coin3.fbx
  artifactKey: Guid(de5d5fdd24a20744dacb441adfce2dc4) Importer(2089858483,b0f066a214c2f5e87bad3c948f4d605d)
Start importing Assets/GolfAssets/Models/Coins/Coin3.fbx using Guid(de5d5fdd24a20744dacb441adfce2dc4) Importer(2089858483,b0f066a214c2f5e87bad3c948f4d605d) (ScriptedImporter) -> (artifact id: 'e15e4c08265210100c44c905f5e94f66') in 0.0302677 seconds
Number of updated asset objects reloaded before import = 0Number of asset objects unloaded after import = 7

========================================================================
Received Import Request.
  Time since last request: 0.000021 seconds.
  path: Assets/GolfAssets/Models/Level/Part1/Turn.fbx
  artifactKey: Guid(5351b6dc43acc654a9a6eb74e000d69a) Importer(2089858483,b0f066a214c2f5e87bad3c948f4d605d)
Start importing Assets/GolfAssets/Models/Level/Part1/Turn.fbx using Guid(5351b6dc43acc654a9a6eb74e000d69a) Importer(2089858483,b0f066a214c2f5e87bad3c948f4d605d) (ScriptedImporter) -> (artifact id: 'c4b4e81434d7e8a58344c540a1ba7f7e') in 0.0336727 seconds
Number of updated asset objects reloaded before import = 0Number of asset objects unloaded after import = 9

========================================================================
Received Import Request.
  Time since last request: 0.000017 seconds.
  path: Assets/GolfAssets/Materials/TransitionOutline.mat
  artifactKey: Guid(464e79ffec29407499167f1863a3c88d) Importer(2089858483,b0f066a214c2f5e87bad3c948f4d605d)
Start importing Assets/GolfAssets/Materials/TransitionOutline.mat using Guid(464e79ffec29407499167f1863a3c88d) Importer(2089858483,b0f066a214c2f5e87bad3c948f4d605d) (ScriptedImporter) -> (artifact id: '7b690e1ecc795194f8db6bcd510594bd') in 0.0106188 seconds
Number of updated asset objects reloaded before import = 0Number of asset objects unloaded after import = 6

========================================================================
Received Import Request.
  Time since last request: 0.000017 seconds.
  path: Assets/GolfAssets/Prefabs/InteractProps/FanBase.prefab
  artifactKey: Guid(da95e4ed54947dd428bbcc4cdf938523) Importer(2089858483,b0f066a214c2f5e87bad3c948f4d605d)
Start importing Assets/GolfAssets/Prefabs/InteractProps/FanBase.prefab using Guid(da95e4ed54947dd428bbcc4cdf938523) Importer(2089858483,b0f066a214c2f5e87bad3c948f4d605d) (ScriptedImporter) -> (artifact id: '4a5a140d60ed958880d8db6dfeed37b9') in 0.011243 seconds
Number of updated asset objects reloaded before import = 0Number of asset objects unloaded after import = 15

========================================================================
Received Import Request.
  Time since last request: 6.331366 seconds.
  path: Assets/Golf Assets/Textures/Cosmetics
  artifactKey: Guid(740ae164cdb7ac24cb7afb62988a61dd) Importer(2089858483,b0f066a214c2f5e87bad3c948f4d605d)
Start importing Assets/Golf Assets/Textures/Cosmetics using Guid(740ae164cdb7ac24cb7afb62988a61dd) Importer(2089858483,b0f066a214c2f5e87bad3c948f4d605d) (ScriptedImporter) -> (artifact id: '91c34bda9ad0e34248272d2eeb3892f8') in 0.0089915 seconds
Number of updated asset objects reloaded before import = 0Number of asset objects unloaded after import = 1

========================================================================
Received Import Request.
  Time since last request: 0.000015 seconds.
  path: Assets/Golf Assets/Animations/PipeENTERANCE2.anim
  artifactKey: Guid(82c7e183625616644b487abc2ad54ba9) Importer(2089858483,b0f066a214c2f5e87bad3c948f4d605d)
Start importing Assets/Golf Assets/Animations/PipeENTERANCE2.anim using Guid(82c7e183625616644b487abc2ad54ba9) Importer(2089858483,b0f066a214c2f5e87bad3c948f4d605d) (ScriptedImporter) -> (artifact id: '48cf5f62b9c7652f0d52a6bb6511d3c2') in 0.013076 seconds
Number of updated asset objects reloaded before import = 0Number of asset objects unloaded after import = 1

========================================================================
Received Import Request.
  Time since last request: 0.000019 seconds.
  path: Assets/Golf Assets/Prefabs/Bumpers/Bumper.prefab
  artifactKey: Guid(a65279c4fad7ab448813d9e259e9a3b9) Importer(2089858483,b0f066a214c2f5e87bad3c948f4d605d)
Start importing Assets/Golf Assets/Prefabs/Bumpers/Bumper.prefab using Guid(a65279c4fad7ab448813d9e259e9a3b9) Importer(2089858483,b0f066a214c2f5e87bad3c948f4d605d) (ScriptedImporter) -> (artifact id: 'b93435c0d0c95951915c8d3d3c8c53b5') in 0.0110336 seconds
Number of updated asset objects reloaded before import = 0Number of asset objects unloaded after import = 15

========================================================================
Received Import Request.
  Time since last request: 0.000014 seconds.
  path: Assets/Golf Assets/Textures/InteractProps/1_DefaultMaterial_AlbedoTransparency.png
  artifactKey: Guid(fc1ae6c1974c26e47afcb50e84b43e71) Importer(2089858483,b0f066a214c2f5e87bad3c948f4d605d)
Start importing Assets/Golf Assets/Textures/InteractProps/1_DefaultMaterial_AlbedoTransparency.png using Guid(fc1ae6c1974c26e47afcb50e84b43e71) Importer(2089858483,b0f066a214c2f5e87bad3c948f4d605d) (ScriptedImporter) -> (artifact id: '9e65b1739b230baac66fe91180bbce3a') in 0.0209188 seconds
Number of updated asset objects reloaded before import = 0Number of asset objects unloaded after import = 1

========================================================================
Received Import Request.
  Time since last request: 0.000030 seconds.
  path: Assets/Golf Assets/Materials/Hammer,Flag.mat
  artifactKey: Guid(01ce0542e74e80b47af4110ea16d1e73) Importer(2089858483,b0f066a214c2f5e87bad3c948f4d605d)
Start importing Assets/Golf Assets/Materials/Hammer,Flag.mat using Guid(01ce0542e74e80b47af4110ea16d1e73) Importer(2089858483,b0f066a214c2f5e87bad3c948f4d605d) (ScriptedImporter) -> (artifact id: '7a3311a3f71008d3e8db67b9e396939e') in 0.0095089 seconds
Number of updated asset objects reloaded before import = 0Number of asset objects unloaded after import = 3

========================================================================
Received Import Request.
  Time since last request: 0.000026 seconds.
  path: Assets/Golf Assets/Models/Level/Part1/UpHill.fbx
  artifactKey: Guid(1eed6803448fd1d47864899fbee1df28) Importer(2089858483,b0f066a214c2f5e87bad3c948f4d605d)
Start importing Assets/Golf Assets/Models/Level/Part1/UpHill.fbx using Guid(1eed6803448fd1d47864899fbee1df28) Importer(2089858483,b0f066a214c2f5e87bad3c948f4d605d) (ScriptedImporter) -> (artifact id: 'cd0003a2bf481883868e7718bb51b93c') in 0.0141999 seconds
Number of updated asset objects reloaded before import = 0Number of asset objects unloaded after import = 9

========================================================================
Received Import Request.
  Time since last request: 0.000021 seconds.
  path: Assets/Golf Assets/Models/Level/Part1/90.fbx
  artifactKey: Guid(8e6b346142d6e004fb5de294d724d262) Importer(2089858483,b0f066a214c2f5e87bad3c948f4d605d)
Start importing Assets/Golf Assets/Models/Level/Part1/90.fbx using Guid(8e6b346142d6e004fb5de294d724d262) Importer(2089858483,b0f066a214c2f5e87bad3c948f4d605d) (ScriptedImporter) -> (artifact id: '2dabded97f26334a444af74393f19070') in 0.0143493 seconds
Number of updated asset objects reloaded before import = 0Number of asset objects unloaded after import = 9

========================================================================
Received Import Request.
  Time since last request: 0.000017 seconds.
  path: Assets/Golf Assets/Prefabs/InteractProps/Boost.prefab
  artifactKey: Guid(52c54b11448694c40bedee2b5df9b970) Importer(2089858483,b0f066a214c2f5e87bad3c948f4d605d)
Start importing Assets/Golf Assets/Prefabs/InteractProps/Boost.prefab using Guid(52c54b11448694c40bedee2b5df9b970) Importer(2089858483,b0f066a214c2f5e87bad3c948f4d605d) (ScriptedImporter) -> (artifact id: '35d3cc31306150c7e1d537c482bf0acc') in 0.0119471 seconds
Number of updated asset objects reloaded before import = 0Number of asset objects unloaded after import = 15

========================================================================
Received Import Request.
  Time since last request: 0.000028 seconds.
  path: Assets/Golf Assets/Prefabs/Bumpers/Line.prefab
  artifactKey: Guid(c12ea050b83597a47a9dc334f863c691) Importer(2089858483,b0f066a214c2f5e87bad3c948f4d605d)
Start importing Assets/Golf Assets/Prefabs/Bumpers/Line.prefab using Guid(c12ea050b83597a47a9dc334f863c691) Importer(2089858483,b0f066a214c2f5e87bad3c948f4d605d) (ScriptedImporter) -> (artifact id: '245fc64f1a4485772c8240571fea8628') in 0.0117176 seconds
Number of updated asset objects reloaded before import = 0Number of asset objects unloaded after import = 16

========================================================================
Received Import Request.
  Time since last request: 0.000018 seconds.
  path: Assets/Golf Assets/Models/Pipes
  artifactKey: Guid(dec56e1ad3b9a394795efba73f0d113c) Importer(2089858483,b0f066a214c2f5e87bad3c948f4d605d)
Start importing Assets/Golf Assets/Models/Pipes using Guid(dec56e1ad3b9a394795efba73f0d113c) Importer(2089858483,b0f066a214c2f5e87bad3c948f4d605d) (ScriptedImporter) -> (artifact id: '83501ebf6b678b709f8b760ae50e8680') in 0.0062262 seconds
Number of updated asset objects reloaded before import = 0Number of asset objects unloaded after import = 1

========================================================================
Received Import Request.
  Time since last request: 0.000021 seconds.
  path: Assets/Golf Assets/Renderer.asset
  artifactKey: Guid(a3c69f300d0aecf438454ed49a32c0b0) Importer(2089858483,b0f066a214c2f5e87bad3c948f4d605d)
Start importing Assets/Golf Assets/Renderer.asset using Guid(a3c69f300d0aecf438454ed49a32c0b0) Importer(2089858483,b0f066a214c2f5e87bad3c948f4d605d) (ScriptedImporter) -> (artifact id: 'd09b3eb4e7e8d7fd9b9f973c3657b347') in 0.0111224 seconds
Number of updated asset objects reloaded before import = 0Number of asset objects unloaded after import = 2

========================================================================
Received Import Request.
  Time since last request: 0.000019 seconds.
  path: Assets/Golf Assets/Prefabs/Characters
  artifactKey: Guid(710da2b6b19175d459f41149186f33a1) Importer(2089858483,b0f066a214c2f5e87bad3c948f4d605d)
Start importing Assets/Golf Assets/Prefabs/Characters using Guid(710da2b6b19175d459f41149186f33a1) Importer(2089858483,b0f066a214c2f5e87bad3c948f4d605d) (ScriptedImporter) -> (artifact id: '1148dc5c97dcef83cbde3a5745697b28') in 0.0076541 seconds
Number of updated asset objects reloaded before import = 0Number of asset objects unloaded after import = 1

========================================================================
Received Import Request.
  Time since last request: 0.000031 seconds.
  path: Assets/Golf Assets/Animations
  artifactKey: Guid(84683e1b7a9510942a88194c155e2241) Importer(2089858483,b0f066a214c2f5e87bad3c948f4d605d)
Start importing Assets/Golf Assets/Animations using Guid(84683e1b7a9510942a88194c155e2241) Importer(2089858483,b0f066a214c2f5e87bad3c948f4d605d) (ScriptedImporter) -> (artifact id: '33179b53cef526af95b5b5dedb9ecbb7') in 0.007156 seconds
Number of updated asset objects reloaded before import = 0Number of asset objects unloaded after import = 1

========================================================================
Received Import Request.
  Time since last request: 0.000017 seconds.
  path: Assets/Golf Assets/Animations/Flag.controller
  artifactKey: Guid(5df5ecc31160419418de60d06e191aa1) Importer(2089858483,b0f066a214c2f5e87bad3c948f4d605d)
Start importing Assets/Golf Assets/Animations/Flag.controller using Guid(5df5ecc31160419418de60d06e191aa1) Importer(2089858483,b0f066a214c2f5e87bad3c948f4d605d) (ScriptedImporter) -> (artifact id: '3a0164f68254e2587bb49d70d0556201') in 0.0084883 seconds
Number of updated asset objects reloaded before import = 0Number of asset objects unloaded after import = 14

========================================================================
Received Import Request.
  Time since last request: 0.000016 seconds.
  path: Assets/Golf Assets/Materials/Glass.mat
  artifactKey: Guid(e10b8a5a8f0230c42940e8dce3193002) Importer(2089858483,b0f066a214c2f5e87bad3c948f4d605d)
Start importing Assets/Golf Assets/Materials/Glass.mat using Guid(e10b8a5a8f0230c42940e8dce3193002) Importer(2089858483,b0f066a214c2f5e87bad3c948f4d605d) (ScriptedImporter) -> (artifact id: 'd720724ab87e44120f754070e77de81d') in 0.0082205 seconds
Number of updated asset objects reloaded before import = 0Number of asset objects unloaded after import = 2

========================================================================
Received Import Request.
  Time since last request: 0.000016 seconds.
  path: Assets/Golf Assets/Models/Level/Part1/RampFull.fbx
  artifactKey: Guid(6abb7a0c2ce9ea6488c25d98d6c4e284) Importer(2089858483,b0f066a214c2f5e87bad3c948f4d605d)
Start importing Assets/Golf Assets/Models/Level/Part1/RampFull.fbx using Guid(6abb7a0c2ce9ea6488c25d98d6c4e284) Importer(2089858483,b0f066a214c2f5e87bad3c948f4d605d) (ScriptedImporter) -> (artifact id: '0237cb590059b33fb199ef7a8d466333') in 0.0131968 seconds
Number of updated asset objects reloaded before import = 0Number of asset objects unloaded after import = 9

========================================================================
Received Import Request.
  Time since last request: 0.000016 seconds.
  path: Assets/Golf Assets/Materials/Cosmetics/Waves.mat
  artifactKey: Guid(b5dc728b1127c8c439e97c8fa79ecf63) Importer(2089858483,b0f066a214c2f5e87bad3c948f4d605d)
Start importing Assets/Golf Assets/Materials/Cosmetics/Waves.mat using Guid(b5dc728b1127c8c439e97c8fa79ecf63) Importer(2089858483,b0f066a214c2f5e87bad3c948f4d605d) (ScriptedImporter) -> (artifact id: 'c7445d5291a22ad24d5856a5b21d11ef') in 0.0089058 seconds
Number of updated asset objects reloaded before import = 0Number of asset objects unloaded after import = 2

========================================================================
Received Import Request.
  Time since last request: 0.000015 seconds.
  path: Assets/Golf Assets/Models/Level/Part1/FullSquareHole.fbx
  artifactKey: Guid(6076966bb02006e44acdb4359b859d1f) Importer(2089858483,b0f066a214c2f5e87bad3c948f4d605d)
Start importing Assets/Golf Assets/Models/Level/Part1/FullSquareHole.fbx using Guid(6076966bb02006e44acdb4359b859d1f) Importer(2089858483,b0f066a214c2f5e87bad3c948f4d605d) (ScriptedImporter) -> (artifact id: 'edeb75212afd20101142358189161d74') in 0.0165141 seconds
Number of updated asset objects reloaded before import = 0Number of asset objects unloaded after import = 9

========================================================================
Received Import Request.
  Time since last request: 0.000021 seconds.
  path: Assets/Golf Assets/Materials/WindmIillBase.mat
  artifactKey: Guid(c0f46f2be3dd893439f8671cee13d64b) Importer(2089858483,b0f066a214c2f5e87bad3c948f4d605d)
Start importing Assets/Golf Assets/Materials/WindmIillBase.mat using Guid(c0f46f2be3dd893439f8671cee13d64b) Importer(2089858483,b0f066a214c2f5e87bad3c948f4d605d) (ScriptedImporter) -> (artifact id: '0b10451a06cbe49d01fc37e5bb1e4430') in 0.0089066 seconds
Number of updated asset objects reloaded before import = 0Number of asset objects unloaded after import = 3

========================================================================
Received Import Request.
  Time since last request: 0.000024 seconds.
  path: Assets/Golf Assets/Materials/Cosmetics/GolfBall.mat
  artifactKey: Guid(61b2cbcbc7214c04cbd8532e98166027) Importer(2089858483,b0f066a214c2f5e87bad3c948f4d605d)
Start importing Assets/Golf Assets/Materials/Cosmetics/GolfBall.mat using Guid(61b2cbcbc7214c04cbd8532e98166027) Importer(2089858483,b0f066a214c2f5e87bad3c948f4d605d) (ScriptedImporter) -> (artifact id: 'f79a0eb8c12e09dc6d711968143d7bef') in 0.0097113 seconds
Number of updated asset objects reloaded before import = 0Number of asset objects unloaded after import = 3

========================================================================
Received Import Request.
  Time since last request: 0.000014 seconds.
  path: Assets/Golf Assets/Models/Level/Part1/End.fbx
  artifactKey: Guid(f92ee8e9047527447b227b43d0a98f35) Importer(2089858483,b0f066a214c2f5e87bad3c948f4d605d)
Start importing Assets/Golf Assets/Models/Level/Part1/End.fbx using Guid(f92ee8e9047527447b227b43d0a98f35) Importer(2089858483,b0f066a214c2f5e87bad3c948f4d605d) (ScriptedImporter) -> (artifact id: 'cbe6a774257f9f4de7efd79653869b48') in 0.0137446 seconds
Number of updated asset objects reloaded before import = 0Number of asset objects unloaded after import = 9

========================================================================
Received Import Request.
  Time since last request: 0.000019 seconds.
  path: Assets/Golf Assets/Prefabs/Bg/SkySphere.prefab
  artifactKey: Guid(d1494f85c99b0d9428842d0d78f4051a) Importer(2089858483,b0f066a214c2f5e87bad3c948f4d605d)
Start importing Assets/Golf Assets/Prefabs/Bg/SkySphere.prefab using Guid(d1494f85c99b0d9428842d0d78f4051a) Importer(2089858483,b0f066a214c2f5e87bad3c948f4d605d) (ScriptedImporter) -> (artifact id: 'b63449df7607c4ede117115a38a016ed') in 0.0117919 seconds
Number of updated asset objects reloaded before import = 0Number of asset objects unloaded after import = 15

========================================================================
Received Import Request.
  Time since last request: 0.000017 seconds.
  path: Assets/Golf Assets/Textures/Checker/1_DefaultMaterial_Normal.png
  artifactKey: Guid(befea18a41d7acc4dace95c7e997f9fc) Importer(2089858483,b0f066a214c2f5e87bad3c948f4d605d)
Start importing Assets/Golf Assets/Textures/Checker/1_DefaultMaterial_Normal.png using Guid(befea18a41d7acc4dace95c7e997f9fc) Importer(2089858483,b0f066a214c2f5e87bad3c948f4d605d) (ScriptedImporter) -> (artifact id: '55c748f6b43214fa617a089c1efbd9b5') in 0.0111765 seconds
Number of updated asset objects reloaded before import = 0Number of asset objects unloaded after import = 1

========================================================================
Received Import Request.
  Time since last request: 0.000016 seconds.
  path: Assets/Golf Assets/Materials/Checker 1.mat
  artifactKey: Guid(ccceb4c745d987d4a8c98874b24128b0) Importer(2089858483,b0f066a214c2f5e87bad3c948f4d605d)
Start importing Assets/Golf Assets/Materials/Checker 1.mat using Guid(ccceb4c745d987d4a8c98874b24128b0) Importer(2089858483,b0f066a214c2f5e87bad3c948f4d605d) (ScriptedImporter) -> (artifact id: '32e7332d4409475df6479494887aedc2') in 0.010259 seconds
Number of updated asset objects reloaded before import = 0Number of asset objects unloaded after import = 3

========================================================================
Received Import Request.
  Time since last request: 0.000016 seconds.
  path: Assets/Golf Assets/Textures/InteractProps/1_DefaultMaterial_Normal.png
  artifactKey: Guid(3ee2edc69a8390f46b367a51474543d4) Importer(2089858483,b0f066a214c2f5e87bad3c948f4d605d)
Start importing Assets/Golf Assets/Textures/InteractProps/1_DefaultMaterial_Normal.png using Guid(3ee2edc69a8390f46b367a51474543d4) Importer(2089858483,b0f066a214c2f5e87bad3c948f4d605d) (ScriptedImporter) -> (artifact id: '66daa90b06c8b5b1e0b2114decd2785e') in 0.0137683 seconds
Number of updated asset objects reloaded before import = 0Number of asset objects unloaded after import = 1

========================================================================
Received Import Request.
  Time since last request: 0.000021 seconds.
  path: Assets/Golf Assets/Textures/InteractProps/1_DefaultMaterial_Emission.png
  artifactKey: Guid(edd8e8066430f014e98a8b334f7fdf38) Importer(2089858483,b0f066a214c2f5e87bad3c948f4d605d)
Start importing Assets/Golf Assets/Textures/InteractProps/1_DefaultMaterial_Emission.png using Guid(edd8e8066430f014e98a8b334f7fdf38) Importer(2089858483,b0f066a214c2f5e87bad3c948f4d605d) (ScriptedImporter) -> (artifact id: '079a55aa5d6251ed166c866b4aa74ef9') in 0.0120514 seconds
Number of updated asset objects reloaded before import = 0Number of asset objects unloaded after import = 1

========================================================================
Received Import Request.
  Time since last request: 0.000013 seconds.
  path: Assets/Golf Assets/Prefabs/Level/D90Hole.prefab
  artifactKey: Guid(d083cbe67f0707b4f839377875d4dc75) Importer(2089858483,b0f066a214c2f5e87bad3c948f4d605d)
Start importing Assets/Golf Assets/Prefabs/Level/D90Hole.prefab using Guid(d083cbe67f0707b4f839377875d4dc75) Importer(2089858483,b0f066a214c2f5e87bad3c948f4d605d) (ScriptedImporter) -> (artifact id: '229ef3f70de72031764666cef1a1c7a1') in 0.0105321 seconds
Number of updated asset objects reloaded before import = 0Number of asset objects unloaded after import = 16

========================================================================
Received Import Request.
  Time since last request: 5.364657 seconds.
  path: Assets/Class 8th (Physics System)/Golf Assets/Materials/Bumpers.mat
  artifactKey: Guid(ef0837d9b8f93884a9bacd2478821eba) Importer(815301076,1909f56bfc062723c751e8b465ee728b)
Start importing Assets/Class 8th (Physics System)/Golf Assets/Materials/Bumpers.mat using Guid(ef0837d9b8f93884a9bacd2478821eba) Importer(815301076,1909f56bfc062723c751e8b465ee728b) (PreviewImporter) -> (artifact id: 'f752f5557124656ef379b809efd0a458') in 0.4913644 seconds
Number of updated asset objects reloaded before import = 0Number of asset objects unloaded after import = 3

========================================================================
Received Import Request.
  Time since last request: 0.000065 seconds.
  path: Assets/Class 8th (Physics System)/Golf Assets/Materials/ColorPicker 1.mat
  artifactKey: Guid(ec3f0f7687a394c4f9bf9fc8605f1c05) Importer(815301076,1909f56bfc062723c751e8b465ee728b)
Start importing Assets/Class 8th (Physics System)/Golf Assets/Materials/ColorPicker 1.mat using Guid(ec3f0f7687a394c4f9bf9fc8605f1c05) Importer(815301076,1909f56bfc062723c751e8b465ee728b) (PreviewImporter) -> (artifact id: '7fbdb6d31a1cb3c12e9bdb7f55f0dc89') in 0.0161882 seconds
Number of updated asset objects reloaded before import = 0Number of asset objects unloaded after import = 2

========================================================================
Received Import Request.
  Time since last request: 0.000041 seconds.
  path: Assets/Class 8th (Physics System)/Golf Assets/Materials/ColorPicker.mat
  artifactKey: Guid(ff15b73cd5e069c4db286a8da49ce702) Importer(815301076,1909f56bfc062723c751e8b465ee728b)
Start importing Assets/Class 8th (Physics System)/Golf Assets/Materials/ColorPicker.mat using Guid(ff15b73cd5e069c4db286a8da49ce702) Importer(815301076,1909f56bfc062723c751e8b465ee728b) (PreviewImporter) -> (artifact id: 'ae16462ead11c73c882bb9e9b8a2bb49') in 0.013514 seconds
Number of updated asset objects reloaded before import = 0Number of asset objects unloaded after import = 2

========================================================================
Received Import Request.
  Time since last request: 0.000029 seconds.
  path: Assets/Class 8th (Physics System)/Golf Assets/Materials/WindmIillBase.mat
  artifactKey: Guid(c0f46f2be3dd893439f8671cee13d64b) Importer(815301076,1909f56bfc062723c751e8b465ee728b)
Start importing Assets/Class 8th (Physics System)/Golf Assets/Materials/WindmIillBase.mat using Guid(c0f46f2be3dd893439f8671cee13d64b) Importer(815301076,1909f56bfc062723c751e8b465ee728b) (PreviewImporter) -> (artifact id: '1c589146bfb71805e94e46149a09a8c1') in 0.0157602 seconds
Number of updated asset objects reloaded before import = 0Number of asset objects unloaded after import = 3

========================================================================
Received Import Request.
  Time since last request: 0.000031 seconds.
  path: Assets/Class 8th (Physics System)/Golf Assets/Materials/Coins.mat
  artifactKey: Guid(87961895e957b134b820ac37199b0990) Importer(815301076,1909f56bfc062723c751e8b465ee728b)
Start importing Assets/Class 8th (Physics System)/Golf Assets/Materials/Coins.mat using Guid(87961895e957b134b820ac37199b0990) Importer(815301076,1909f56bfc062723c751e8b465ee728b) (PreviewImporter) -> (artifact id: '936a779342a7e42d7f8cec8ec287b3ed') in 0.0163672 seconds
Number of updated asset objects reloaded before import = 0Number of asset objects unloaded after import = 3

========================================================================
Received Import Request.
  Time since last request: 0.000029 seconds.
  path: Assets/Class 8th (Physics System)/Golf Assets/Materials/TransitionOutline.mat
  artifactKey: Guid(464e79ffec29407499167f1863a3c88d) Importer(815301076,1909f56bfc062723c751e8b465ee728b)
Start importing Assets/Class 8th (Physics System)/Golf Assets/Materials/TransitionOutline.mat using Guid(464e79ffec29407499167f1863a3c88d) Importer(815301076,1909f56bfc062723c751e8b465ee728b) (PreviewImporter) -> (artifact id: '66525e1719f6db4faf59d2677bf6e2f9') in 0.4519924 seconds
Number of updated asset objects reloaded before import = 0Number of asset objects unloaded after import = 6

========================================================================
Received Import Request.
  Time since last request: 2.636777 seconds.
  path: Assets/Class 8th (Physics System)/Golf Assets/Settings/Medium_PipelineAsset.asset
  artifactKey: Guid(7f423b31b6934b349b3ab8d7c337eafd) Importer(2089858483,b0f066a214c2f5e87bad3c948f4d605d)
Start importing Assets/Class 8th (Physics System)/Golf Assets/Settings/Medium_PipelineAsset.asset using Guid(7f423b31b6934b349b3ab8d7c337eafd) Importer(2089858483,b0f066a214c2f5e87bad3c948f4d605d) (ScriptedImporter) -> (artifact id: '94b498d766032ab9cdbfeab56999b18c') in 0.0335393 seconds
Number of updated asset objects reloaded before import = 0Number of asset objects unloaded after import = 2

========================================================================
Received Import Request.
  Time since last request: 0.440009 seconds.
  path: Assets/Class 8th (Physics System)/Golf Assets/Settings/Low_PipelineAsset.asset
  artifactKey: Guid(1122bf35af95890459b869c7176d7b1e) Importer(2089858483,b0f066a214c2f5e87bad3c948f4d605d)
Start importing Assets/Class 8th (Physics System)/Golf Assets/Settings/Low_PipelineAsset.asset using Guid(1122bf35af95890459b869c7176d7b1e) Importer(2089858483,b0f066a214c2f5e87bad3c948f4d605d) (ScriptedImporter) -> (artifact id: 'c0cb655eec5f2498212af017b9ec1a0d') in 0.0173259 seconds
Number of updated asset objects reloaded before import = 0Number of asset objects unloaded after import = 2

========================================================================
Received Import Request.
  Time since last request: 0.000017 seconds.
  path: Assets/Class 8th (Physics System)/Golf Assets/Textures/WindMill/1_DefaultMaterial_Normal.png
  artifactKey: Guid(6ea074fcf88837348bbf93da4a0734e4) Importer(2089858483,b0f066a214c2f5e87bad3c948f4d605d)
Start importing Assets/Class 8th (Physics System)/Golf Assets/Textures/WindMill/1_DefaultMaterial_Normal.png using Guid(6ea074fcf88837348bbf93da4a0734e4) Importer(2089858483,b0f066a214c2f5e87bad3c948f4d605d) (ScriptedImporter) -> (artifact id: '9c325ba8a40c7286483bd2ea5778576f') in 0.0106111 seconds
Number of updated asset objects reloaded before import = 0Number of asset objects unloaded after import = 1

========================================================================
Received Import Request.
  Time since last request: 0.000022 seconds.
  path: Assets/Class 8th (Physics System)/Golf Assets/Textures/Cosmetics/waves/Sphere_DefaultMaterial_AlbedoTransparency.png
  artifactKey: Guid(b06863ecc829a694da142d735014b469) Importer(2089858483,b0f066a214c2f5e87bad3c948f4d605d)
Start importing Assets/Class 8th (Physics System)/Golf Assets/Textures/Cosmetics/waves/Sphere_DefaultMaterial_AlbedoTransparency.png using Guid(b06863ecc829a694da142d735014b469) Importer(2089858483,b0f066a214c2f5e87bad3c948f4d605d) (ScriptedImporter) -> (artifact id: '2c3296c94798aa61669329a618d6162e') in 0.011665 seconds
Number of updated asset objects reloaded before import = 0Number of asset objects unloaded after import = 1

========================================================================
Received Import Request.
  Time since last request: 0.000019 seconds.
  path: Assets/Class 8th (Physics System)/Golf Assets/Textures/InteractProps/1_DefaultMaterial_MetallicSmoothness.png
  artifactKey: Guid(afd37cb99b9480140b79e43fa49d0552) Importer(2089858483,b0f066a214c2f5e87bad3c948f4d605d)
Start importing Assets/Class 8th (Physics System)/Golf Assets/Textures/InteractProps/1_DefaultMaterial_MetallicSmoothness.png using Guid(afd37cb99b9480140b79e43fa49d0552) Importer(2089858483,b0f066a214c2f5e87bad3c948f4d605d) (ScriptedImporter) -> (artifact id: '7004e58029f20bb3fb502a26f96cca5b') in 0.0162604 seconds
Number of updated asset objects reloaded before import = 0Number of asset objects unloaded after import = 1

========================================================================
Received Import Request.
  Time since last request: 0.000022 seconds.
  path: Assets/Class 8th (Physics System)/Golf Assets/Shaders/Blur.shadergraph
  artifactKey: Guid(0029f8da3332e5a40937310c10948634) Importer(2089858483,b0f066a214c2f5e87bad3c948f4d605d)
Start importing Assets/Class 8th (Physics System)/Golf Assets/Shaders/Blur.shadergraph using Guid(0029f8da3332e5a40937310c10948634) Importer(2089858483,b0f066a214c2f5e87bad3c948f4d605d) (ScriptedImporter) -> (artifact id: '43bbbc8f6c07b85703c10084b9e87295') in 0.12997 seconds
Number of updated asset objects reloaded before import = 0Number of asset objects unloaded after import = 5

========================================================================
Received Import Request.
  Time since last request: 0.000024 seconds.
  path: Assets/Class 8th (Physics System)/Golf Assets/Models/Level/Part1/End.fbx
  artifactKey: Guid(f92ee8e9047527447b227b43d0a98f35) Importer(2089858483,b0f066a214c2f5e87bad3c948f4d605d)
Start importing Assets/Class 8th (Physics System)/Golf Assets/Models/Level/Part1/End.fbx using Guid(f92ee8e9047527447b227b43d0a98f35) Importer(2089858483,b0f066a214c2f5e87bad3c948f4d605d) (ScriptedImporter) -> (artifact id: '13800d1a3aa0d49f0032afbb106ee658') in 0.0112771 seconds
Number of updated asset objects reloaded before import = 0Number of asset objects unloaded after import = 9

========================================================================
Received Import Request.
  Time since last request: 0.000031 seconds.
  path: Assets/Class 8th (Physics System)/Golf Assets/Materials/Cosmetics/8ball.mat
  artifactKey: Guid(8312163c96502854aac06bd368093d07) Importer(2089858483,b0f066a214c2f5e87bad3c948f4d605d)
Start importing Assets/Class 8th (Physics System)/Golf Assets/Materials/Cosmetics/8ball.mat using Guid(8312163c96502854aac06bd368093d07) Importer(2089858483,b0f066a214c2f5e87bad3c948f4d605d) (ScriptedImporter) -> (artifact id: '561f1c0078e5b5ebd51f34759cc8ec6f') in 0.0088396 seconds
Number of updated asset objects reloaded before import = 0Number of asset objects unloaded after import = 2

========================================================================
Received Import Request.
  Time since last request: 0.000026 seconds.
  path: Assets/Class 8th (Physics System)/Golf Assets/Prefabs/InteractProps/FanBlade.prefab
  artifactKey: Guid(aa2092fa8c47618428e24461b7b93328) Importer(2089858483,b0f066a214c2f5e87bad3c948f4d605d)
Start importing Assets/Class 8th (Physics System)/Golf Assets/Prefabs/InteractProps/FanBlade.prefab using Guid(aa2092fa8c47618428e24461b7b93328) Importer(2089858483,b0f066a214c2f5e87bad3c948f4d605d) (ScriptedImporter) -> (artifact id: '6b6774344d7287fe9b28fee03531281b') in 0.0104648 seconds
Number of updated asset objects reloaded before import = 0Number of asset objects unloaded after import = 15

========================================================================
Received Import Request.
  Time since last request: 0.000022 seconds.
  path: Assets/Class 8th (Physics System)/Golf Assets/Textures/Bumpers/1_DefaultMaterial_Normal.png
  artifactKey: Guid(7dab240777981a04fae7b2ec5f7df9ca) Importer(2089858483,b0f066a214c2f5e87bad3c948f4d605d)
Start importing Assets/Class 8th (Physics System)/Golf Assets/Textures/Bumpers/1_DefaultMaterial_Normal.png using Guid(7dab240777981a04fae7b2ec5f7df9ca) Importer(2089858483,b0f066a214c2f5e87bad3c948f4d605d) (ScriptedImporter) -> (artifact id: 'eb60594ffdfbff63052d5e1263f424ab') in 0.0114163 seconds
Number of updated asset objects reloaded before import = 0Number of asset objects unloaded after import = 1

========================================================================
Received Import Request.
  Time since last request: 0.000021 seconds.
  path: Assets/Class 8th (Physics System)/Golf Assets/Materials/Blur.mat
  artifactKey: Guid(ee626e974c3baee4389457aae66805d2) Importer(2089858483,b0f066a214c2f5e87bad3c948f4d605d)
Start importing Assets/Class 8th (Physics System)/Golf Assets/Materials/Blur.mat using Guid(ee626e974c3baee4389457aae66805d2) Importer(2089858483,b0f066a214c2f5e87bad3c948f4d605d) (ScriptedImporter) -> (artifact id: 'a4b657e68944e250954b44885669a47b') in 0.0104789 seconds
Number of updated asset objects reloaded before import = 0Number of asset objects unloaded after import = 6

========================================================================
Received Import Request.
  Time since last request: 0.000021 seconds.
  path: Assets/Class 8th (Physics System)/Golf Assets/Models/Bumpers/Bumper.fbx
  artifactKey: Guid(60af87ea6ce0ac441a159dcd6b25b928) Importer(2089858483,b0f066a214c2f5e87bad3c948f4d605d)
Start importing Assets/Class 8th (Physics System)/Golf Assets/Models/Bumpers/Bumper.fbx using Guid(60af87ea6ce0ac441a159dcd6b25b928) Importer(2089858483,b0f066a214c2f5e87bad3c948f4d605d) (ScriptedImporter) -> (artifact id: '98dfcf98bd14dfdcc238b8eb0854f50f') in 0.0124919 seconds
Number of updated asset objects reloaded before import = 0Number of asset objects unloaded after import = 7

========================================================================
Received Import Request.
  Time since last request: 0.000026 seconds.
  path: Assets/Class 8th (Physics System)/Golf Assets/Prefabs/InteractProps/Bounce.prefab
  artifactKey: Guid(2420ab9f71fd6f446bafdfc9d0a0e60f) Importer(2089858483,b0f066a214c2f5e87bad3c948f4d605d)
Start importing Assets/Class 8th (Physics System)/Golf Assets/Prefabs/InteractProps/Bounce.prefab using Guid(2420ab9f71fd6f446bafdfc9d0a0e60f) Importer(2089858483,b0f066a214c2f5e87bad3c948f4d605d) (ScriptedImporter) -> (artifact id: '129084fd458553f7eb53cd1e665da6cf') in 0.0118219 seconds
Number of updated asset objects reloaded before import = 0Number of asset objects unloaded after import = 14

========================================================================
Received Import Request.
  Time since last request: 0.000036 seconds.
  path: Assets/Class 8th (Physics System)/Golf Assets/Materials/CloudColr.mat
  artifactKey: Guid(019f4f1f790ac66469981300343e8ba3) Importer(2089858483,b0f066a214c2f5e87bad3c948f4d605d)
Start importing Assets/Class 8th (Physics System)/Golf Assets/Materials/CloudColr.mat using Guid(019f4f1f790ac66469981300343e8ba3) Importer(2089858483,b0f066a214c2f5e87bad3c948f4d605d) (ScriptedImporter) -> (artifact id: 'bafe953b4b94c383df243d25601910cd') in 0.0100517 seconds
Number of updated asset objects reloaded before import = 0Number of asset objects unloaded after import = 6

========================================================================
Received Import Request.
  Time since last request: 0.000019 seconds.
  path: Assets/Class 8th (Physics System)/Golf Assets/Prefabs/InteractProps/Sticky.prefab
  artifactKey: Guid(c2cba89f0396e894d82cc38ae384b193) Importer(2089858483,b0f066a214c2f5e87bad3c948f4d605d)
Start importing Assets/Class 8th (Physics System)/Golf Assets/Prefabs/InteractProps/Sticky.prefab using Guid(c2cba89f0396e894d82cc38ae384b193) Importer(2089858483,b0f066a214c2f5e87bad3c948f4d605d) (ScriptedImporter) -> (artifact id: 'da917cc1c14cc2b2563a48dc4b18ab13') in 0.0125234 seconds
Number of updated asset objects reloaded before import = 0Number of asset objects unloaded after import = 14

========================================================================
Received Import Request.
  Time since last request: 0.000023 seconds.
  path: Assets/Class 8th (Physics System)/Golf Assets/Prefabs/Level/90Curved.prefab
  artifactKey: Guid(a9b0b7ce886a3094fb0fcc006f625e2e) Importer(2089858483,b0f066a214c2f5e87bad3c948f4d605d)
Start importing Assets/Class 8th (Physics System)/Golf Assets/Prefabs/Level/90Curved.prefab using Guid(a9b0b7ce886a3094fb0fcc006f625e2e) Importer(2089858483,b0f066a214c2f5e87bad3c948f4d605d) (ScriptedImporter) -> (artifact id: '081209f44f52b08e1ad2f3f200953616') in 0.0119173 seconds
Number of updated asset objects reloaded before import = 0Number of asset objects unloaded after import = 16

========================================================================
Received Import Request.
  Time since last request: 0.000019 seconds.
  path: Assets/Class 8th (Physics System)/Golf Assets/Models/Level/Part1/SidesHole.fbx
  artifactKey: Guid(2c984a4608aed17438d4dfaf12587374) Importer(2089858483,b0f066a214c2f5e87bad3c948f4d605d)
Start importing Assets/Class 8th (Physics System)/Golf Assets/Models/Level/Part1/SidesHole.fbx using Guid(2c984a4608aed17438d4dfaf12587374) Importer(2089858483,b0f066a214c2f5e87bad3c948f4d605d) (ScriptedImporter) -> (artifact id: 'd1c8a9e65e2aee4aee27c67d895b2104') in 0.0148361 seconds
Number of updated asset objects reloaded before import = 0Number of asset objects unloaded after import = 9

========================================================================
Received Import Request.
  Time since last request: 0.000022 seconds.
  path: Assets/Class 8th (Physics System)/Golf Assets/Materials/Cosmetics/Wood.mat
  artifactKey: Guid(3a759a4e9e7bd934c900202c84f84d90) Importer(815301076,1909f56bfc062723c751e8b465ee728b)
Start importing Assets/Class 8th (Physics System)/Golf Assets/Materials/Cosmetics/Wood.mat using Guid(3a759a4e9e7bd934c900202c84f84d90) Importer(815301076,1909f56bfc062723c751e8b465ee728b) (PreviewImporter) -> (artifact id: 'aade44f3ff465b7f40d6b5e974af9339') in 0.0239544 seconds
Number of updated asset objects reloaded before import = 0Number of asset objects unloaded after import = 3

========================================================================
Received Import Request.
  Time since last request: 0.000028 seconds.
  path: Assets/Class 8th (Physics System)/Golf Assets/Materials/TransitionOutline.mat
  artifactKey: Guid(464e79ffec29407499167f1863a3c88d) Importer(2089858483,b0f066a214c2f5e87bad3c948f4d605d)
Start importing Assets/Class 8th (Physics System)/Golf Assets/Materials/TransitionOutline.mat using Guid(464e79ffec29407499167f1863a3c88d) Importer(2089858483,b0f066a214c2f5e87bad3c948f4d605d) (ScriptedImporter) -> (artifact id: '9e61f9a947daa429a5cff65bef024750') in 0.0101235 seconds
Number of updated asset objects reloaded before import = 0Number of asset objects unloaded after import = 6

========================================================================
Received Import Request.
  Time since last request: 0.217487 seconds.
  path: Assets/Class 8th (Physics System)/Golf Assets/Textures/Cosmetics/star
  artifactKey: Guid(8985de7b662a27949ab235c94c1b0394) Importer(2089858483,b0f066a214c2f5e87bad3c948f4d605d)
Start importing Assets/Class 8th (Physics System)/Golf Assets/Textures/Cosmetics/star using Guid(8985de7b662a27949ab235c94c1b0394) Importer(2089858483,b0f066a214c2f5e87bad3c948f4d605d) (ScriptedImporter) -> (artifact id: '2d0981e61cdadb761bb803d7905fec7b') in 0.0085415 seconds
Number of updated asset objects reloaded before import = 0Number of asset objects unloaded after import = 1

========================================================================
Received Import Request.
  Time since last request: 0.000018 seconds.
  path: Assets/Class 8th (Physics System)/Golf Assets/Models/Coins/Coin1.fbx
  artifactKey: Guid(83bfe2f18c634524986b073029b63807) Importer(2089858483,b0f066a214c2f5e87bad3c948f4d605d)
Start importing Assets/Class 8th (Physics System)/Golf Assets/Models/Coins/Coin1.fbx using Guid(83bfe2f18c634524986b073029b63807) Importer(2089858483,b0f066a214c2f5e87bad3c948f4d605d) (ScriptedImporter) -> (artifact id: 'c3bcd1fc66f0262ce3aca10e203d7aaa') in 0.0129084 seconds
Number of updated asset objects reloaded before import = 0Number of asset objects unloaded after import = 7

========================================================================
Received Import Request.
  Time since last request: 0.000021 seconds.
  path: Assets/Class 8th (Physics System)/Golf Assets/Prefabs/Pipes/PipeAnimation.prefab
  artifactKey: Guid(fc0ff4040bc4333418fb51ffd12f6f46) Importer(2089858483,b0f066a214c2f5e87bad3c948f4d605d)
Start importing Assets/Class 8th (Physics System)/Golf Assets/Prefabs/Pipes/PipeAnimation.prefab using Guid(fc0ff4040bc4333418fb51ffd12f6f46) Importer(2089858483,b0f066a214c2f5e87bad3c948f4d605d) (ScriptedImporter) -> (artifact id: '066368c28e7f07c8b914a5c156fa0ab6') in 0.0076916 seconds
Number of updated asset objects reloaded before import = 0Number of asset objects unloaded after import = 15

========================================================================
Received Import Request.
  Time since last request: 0.000024 seconds.
  path: Assets/Class 8th (Physics System)/Golf Assets/Models/Level/Part1/Norails.fbx
  artifactKey: Guid(37a0f1113e484584599b51db5dd7b42b) Importer(2089858483,b0f066a214c2f5e87bad3c948f4d605d)
Start importing Assets/Class 8th (Physics System)/Golf Assets/Models/Level/Part1/Norails.fbx using Guid(37a0f1113e484584599b51db5dd7b42b) Importer(2089858483,b0f066a214c2f5e87bad3c948f4d605d) (ScriptedImporter) -> (artifact id: '6f8f01b07dd5b25de0f977fecc06c57f') in 0.0169656 seconds
Number of updated asset objects reloaded before import = 0Number of asset objects unloaded after import = 9

========================================================================
Received Import Request.
  Time since last request: 0.000040 seconds.
  path: Assets/Class 8th (Physics System)/Golf Assets/Prefabs/Pipes/PipeTurnEnter.prefab
  artifactKey: Guid(7d69e6a120539514eb707f274270f90b) Importer(2089858483,b0f066a214c2f5e87bad3c948f4d605d)
Start importing Assets/Class 8th (Physics System)/Golf Assets/Prefabs/Pipes/PipeTurnEnter.prefab using Guid(7d69e6a120539514eb707f274270f90b) Importer(2089858483,b0f066a214c2f5e87bad3c948f4d605d) (ScriptedImporter) -> (artifact id: 'c2aed34e32c7fbe047233ba651f21ab6') in 0.0115446 seconds
Number of updated asset objects reloaded before import = 0Number of asset objects unloaded after import = 16

========================================================================
Received Import Request.
  Time since last request: 0.000022 seconds.
  path: Assets/Class 8th (Physics System)/Golf Assets/Materials/FrogPortals.mat
  artifactKey: Guid(f06b24829cc283043a0e14734a73dd4d) Importer(2089858483,b0f066a214c2f5e87bad3c948f4d605d)
Start importing Assets/Class 8th (Physics System)/Golf Assets/Materials/FrogPortals.mat using Guid(f06b24829cc283043a0e14734a73dd4d) Importer(2089858483,b0f066a214c2f5e87bad3c948f4d605d) (ScriptedImporter) -> (artifact id: '0a90c8f2e4fe4d226053b4d7286c26d9') in 0.0278692 seconds
Number of updated asset objects reloaded before import = 0Number of asset objects unloaded after import = 4

========================================================================
Received Import Request.
  Time since last request: 0.000037 seconds.
  path: Assets/Class 8th (Physics System)/Golf Assets/Models/Level/Part1
  artifactKey: Guid(12ced2fc2e615d945a910136465606fc) Importer(2089858483,b0f066a214c2f5e87bad3c948f4d605d)
Start importing Assets/Class 8th (Physics System)/Golf Assets/Models/Level/Part1 using Guid(12ced2fc2e615d945a910136465606fc) Importer(2089858483,b0f066a214c2f5e87bad3c948f4d605d) (ScriptedImporter) -> (artifact id: '1a90bb5b456de061dfaaab651b2e490c') in 0.0066411 seconds
Number of updated asset objects reloaded before import = 0Number of asset objects unloaded after import = 1

========================================================================
Received Import Request.
  Time since last request: 0.000037 seconds.
  path: Assets/Class 8th (Physics System)/Golf Assets/Textures/Bumpers
  artifactKey: Guid(9485490c760f60740abb48853ed3adbc) Importer(2089858483,b0f066a214c2f5e87bad3c948f4d605d)
Start importing Assets/Class 8th (Physics System)/Golf Assets/Textures/Bumpers using Guid(9485490c760f60740abb48853ed3adbc) Importer(2089858483,b0f066a214c2f5e87bad3c948f4d605d) (ScriptedImporter) -> (artifact id: 'b6c9fbe5e7cf0529cb84a031a2ce272b') in 0.006915 seconds
Number of updated asset objects reloaded before import = 0Number of asset objects unloaded after import = 1

========================================================================
Received Import Request.
  Time since last request: 0.000023 seconds.
  path: Assets/Class 8th (Physics System)/Golf Assets/Prefabs/Level/DownHill.prefab
  artifactKey: Guid(1e34f523c11fe4a4dbff9e801a5fecf3) Importer(2089858483,b0f066a214c2f5e87bad3c948f4d605d)
Start importing Assets/Class 8th (Physics System)/Golf Assets/Prefabs/Level/DownHill.prefab using Guid(1e34f523c11fe4a4dbff9e801a5fecf3) Importer(2089858483,b0f066a214c2f5e87bad3c948f4d605d) (ScriptedImporter) -> (artifact id: 'ea63bbb2e58b9668c74ccadf4726c6bd') in 0.0108927 seconds
Number of updated asset objects reloaded before import = 0Number of asset objects unloaded after import = 16

========================================================================
Received Import Request.
  Time since last request: 0.000024 seconds.
  path: Assets/Class 8th (Physics System)/Golf Assets/Models/Pipes
  artifactKey: Guid(dec56e1ad3b9a394795efba73f0d113c) Importer(2089858483,b0f066a214c2f5e87bad3c948f4d605d)
Start importing Assets/Class 8th (Physics System)/Golf Assets/Models/Pipes using Guid(dec56e1ad3b9a394795efba73f0d113c) Importer(2089858483,b0f066a214c2f5e87bad3c948f4d605d) (ScriptedImporter) -> (artifact id: '7c6563f117e6df348ebc6c01b2bd420d') in 0.0071541 seconds
Number of updated asset objects reloaded before import = 0Number of asset objects unloaded after import = 1

========================================================================
Received Import Request.
  Time since last request: 0.000039 seconds.
  path: Assets/Class 8th (Physics System)/Golf Assets/Renderer.asset
  artifactKey: Guid(a3c69f300d0aecf438454ed49a32c0b0) Importer(2089858483,b0f066a214c2f5e87bad3c948f4d605d)
Start importing Assets/Class 8th (Physics System)/Golf Assets/Renderer.asset using Guid(a3c69f300d0aecf438454ed49a32c0b0) Importer(2089858483,b0f066a214c2f5e87bad3c948f4d605d) (ScriptedImporter) -> (artifact id: '8dcda1a3bf0b33c3afb3fd95fb78f978') in 0.0176783 seconds
Number of updated asset objects reloaded before import = 0Number of asset objects unloaded after import = 2

========================================================================
Received Import Request.
  Time since last request: 0.000019 seconds.
  path: Assets/Class 8th (Physics System)/Golf Assets/Materials/Checker 3.mat
  artifactKey: Guid(d8d43424317c6704c86e2f364563fdcb) Importer(2089858483,b0f066a214c2f5e87bad3c948f4d605d)
Start importing Assets/Class 8th (Physics System)/Golf Assets/Materials/Checker 3.mat using Guid(d8d43424317c6704c86e2f364563fdcb) Importer(2089858483,b0f066a214c2f5e87bad3c948f4d605d) (ScriptedImporter) -> (artifact id: 'dc8a55c14adc19d3a77a992287b3f8a6') in 0.009479 seconds
Number of updated asset objects reloaded before import = 0Number of asset objects unloaded after import = 3

========================================================================
Received Import Request.
  Time since last request: 0.000029 seconds.
  path: Assets/Class 8th (Physics System)/Golf Assets/Settings
  artifactKey: Guid(893f79f6f695ed04f96f2cb88019c3d1) Importer(2089858483,b0f066a214c2f5e87bad3c948f4d605d)
Start importing Assets/Class 8th (Physics System)/Golf Assets/Settings using Guid(893f79f6f695ed04f96f2cb88019c3d1) Importer(2089858483,b0f066a214c2f5e87bad3c948f4d605d) (ScriptedImporter) -> (artifact id: 'bafd4e646a9dcb8b7f9524a1537827e4') in 0.0073226 seconds
Number of updated asset objects reloaded before import = 0Number of asset objects unloaded after import = 1

========================================================================
Received Import Request.
  Time since last request: 3.016765 seconds.
  path: Assets/Class 8th (Physics System)/Golf Assets/Prefabs/TransitionSphere.prefab
  artifactKey: Guid(85960fb398252ad4586e07090a32e255) Importer(815301076,1909f56bfc062723c751e8b465ee728b)
Start importing Assets/Class 8th (Physics System)/Golf Assets/Prefabs/TransitionSphere.prefab using Guid(85960fb398252ad4586e07090a32e255) Importer(815301076,1909f56bfc062723c751e8b465ee728b) (PreviewImporter) -> (artifact id: 'f99e6c080c8f6d13e83a0226b45d20b1') in 0.0315487 seconds
Number of updated asset objects reloaded before import = 0Number of asset objects unloaded after import = 17

========================================================================
Received Import Request.
  Time since last request: 0.652678 seconds.
  path: Assets/Class 8th (Physics System)/Golf Assets/Settings/High_PipelineAsset_ForwardRenderer.asset
  artifactKey: Guid(d194ec32852058649ad004c40d345c42) Importer(815301076,1909f56bfc062723c751e8b465ee728b)
Start importing Assets/Class 8th (Physics System)/Golf Assets/Settings/High_PipelineAsset_ForwardRenderer.asset using Guid(d194ec32852058649ad004c40d345c42) Importer(815301076,1909f56bfc062723c751e8b465ee728b) (PreviewImporter) -> (artifact id: '3fd20b2575095625684ecb71d8a163de') in 0.0015883 seconds
Number of updated asset objects reloaded before import = 0Number of asset objects unloaded after import = 1

========================================================================
Received Import Request.
  Time since last request: 0.000023 seconds.
  path: Assets/Class 8th (Physics System)/Golf Assets/Settings/Very High_PipelineAsset.asset
  artifactKey: Guid(e23d6755c8fd37f498d8d3d5d2a2d7b4) Importer(815301076,1909f56bfc062723c751e8b465ee728b)
Start importing Assets/Class 8th (Physics System)/Golf Assets/Settings/Very High_PipelineAsset.asset using Guid(e23d6755c8fd37f498d8d3d5d2a2d7b4) Importer(815301076,1909f56bfc062723c751e8b465ee728b) (PreviewImporter) -> (artifact id: 'c93d803352ef9040fa54bceab6000414') in 0.0015876 seconds
Number of updated asset objects reloaded before import = 0Number of asset objects unloaded after import = 2

========================================================================
Received Import Request.
  Time since last request: 2.041167 seconds.
  path: Assets/Class 8th (Physics System)/Golf Assets/Prefabs/InteractProps/Boost.prefab
  artifactKey: Guid(52c54b11448694c40bedee2b5df9b970) Importer(815301076,1909f56bfc062723c751e8b465ee728b)
Start importing Assets/Class 8th (Physics System)/Golf Assets/Prefabs/InteractProps/Boost.prefab using Guid(52c54b11448694c40bedee2b5df9b970) Importer(815301076,1909f56bfc062723c751e8b465ee728b) (PreviewImporter) -> (artifact id: 'daac403de385c2e2b562500ab0292764') in 3.8982814 seconds
Number of updated asset objects reloaded before import = 0Number of asset objects unloaded after import = 20

========================================================================
Received Import Request.
  Time since last request: 0.000032 seconds.
  path: Assets/Class 8th (Physics System)/Golf Assets/Prefabs/Characters/FrogPortalExit.prefab
  artifactKey: Guid(dbddbe7c5a2a45c479de1bfff3331760) Importer(815301076,1909f56bfc062723c751e8b465ee728b)
Start importing Assets/Class 8th (Physics System)/Golf Assets/Prefabs/Characters/FrogPortalExit.prefab using Guid(dbddbe7c5a2a45c479de1bfff3331760) Importer(815301076,1909f56bfc062723c751e8b465ee728b) (PreviewImporter) -> (artifact id: '5e075d101ff2640e5010bea6ae5ab795') in 2.2348281 seconds
Number of updated asset objects reloaded before import = 0Number of asset objects unloaded after import = 19

========================================================================
Received Import Request.
  Time since last request: 0.892363 seconds.
  path: Assets/Class 8th (Physics System)/Golf Assets/Prefabs/Level/90Curved.prefab
  artifactKey: Guid(a9b0b7ce886a3094fb0fcc006f625e2e) Importer(815301076,1909f56bfc062723c751e8b465ee728b)
Start importing Assets/Class 8th (Physics System)/Golf Assets/Prefabs/Level/90Curved.prefab using Guid(a9b0b7ce886a3094fb0fcc006f625e2e) Importer(815301076,1909f56bfc062723c751e8b465ee728b) (PreviewImporter) -> (artifact id: '48488b9d6117beb69db7846d7297a249') in 0.0181601 seconds
Number of updated asset objects reloaded before import = 0Number of asset objects unloaded after import = 22

========================================================================
Received Import Request.
  Time since last request: 0.000025 seconds.
  path: Assets/Class 8th (Physics System)/Golf Assets/Prefabs/Level/D90Hole.prefab
  artifactKey: Guid(d083cbe67f0707b4f839377875d4dc75) Importer(815301076,1909f56bfc062723c751e8b465ee728b)
Start importing Assets/Class 8th (Physics System)/Golf Assets/Prefabs/Level/D90Hole.prefab using Guid(d083cbe67f0707b4f839377875d4dc75) Importer(815301076,1909f56bfc062723c751e8b465ee728b) (PreviewImporter) -> (artifact id: 'f3f3dbbca85601d0674824b5b325c6ec') in 0.0154212 seconds
Number of updated asset objects reloaded before import = 0Number of asset objects unloaded after import = 22

========================================================================
Received Import Request.
  Time since last request: 0.000024 seconds.
  path: Assets/Class 8th (Physics System)/Golf Assets/Prefabs/Level/Turn.prefab
  artifactKey: Guid(1998c21e38ccd7c469ef87eb37027db7) Importer(815301076,1909f56bfc062723c751e8b465ee728b)
Start importing Assets/Class 8th (Physics System)/Golf Assets/Prefabs/Level/Turn.prefab using Guid(1998c21e38ccd7c469ef87eb37027db7) Importer(815301076,1909f56bfc062723c751e8b465ee728b) (PreviewImporter) -> (artifact id: '91fce1ed8d739cf7f71c2720cb7b1616') in 0.0166791 seconds
Number of updated asset objects reloaded before import = 0Number of asset objects unloaded after import = 22

========================================================================
Received Import Request.
  Time since last request: 0.000028 seconds.
  path: Assets/Class 8th (Physics System)/Golf Assets/Prefabs/Level/End.prefab
  artifactKey: Guid(04b8659cad704624588994bd97ac4637) Importer(815301076,1909f56bfc062723c751e8b465ee728b)
Start importing Assets/Class 8th (Physics System)/Golf Assets/Prefabs/Level/End.prefab using Guid(04b8659cad704624588994bd97ac4637) Importer(815301076,1909f56bfc062723c751e8b465ee728b) (PreviewImporter) -> (artifact id: '6595572b3fb1f9b353ca6f3083341698') in 0.0141311 seconds
Number of updated asset objects reloaded before import = 0Number of asset objects unloaded after import = 22

========================================================================
Received Import Request.
  Time since last request: 11.886019 seconds.
  path: Assets/Class 8th (Physics System)/Golf Assets/Settings/Medium_PipelineAsset.asset
  artifactKey: Guid(7f423b31b6934b349b3ab8d7c337eafd) Importer(2089858483,b0f066a214c2f5e87bad3c948f4d605d)
Start importing Assets/Class 8th (Physics System)/Golf Assets/Settings/Medium_PipelineAsset.asset using Guid(7f423b31b6934b349b3ab8d7c337eafd) Importer(2089858483,b0f066a214c2f5e87bad3c948f4d605d) (ScriptedImporter) -> (artifact id: '3b8287911ae5f84c90b94cbf1c2567f9') in 0.024645 seconds
Number of updated asset objects reloaded before import = 0Number of asset objects unloaded after import = 2

========================================================================
Received Import Request.
  Time since last request: 5.336690 seconds.
  path: Assets/Class 8th (Physics System)/Golf Assets/Textures/CheckerRandom.png
  artifactKey: Guid(67258fb4476960848a5b9bb7609cc565) Importer(815301076,1909f56bfc062723c751e8b465ee728b)
Start importing Assets/Class 8th (Physics System)/Golf Assets/Textures/CheckerRandom.png using Guid(67258fb4476960848a5b9bb7609cc565) Importer(815301076,1909f56bfc062723c751e8b465ee728b) (PreviewImporter) -> (artifact id: 'aa5caf3ef57b44c9f5a8306ba76a5ab6') in 0.0151948 seconds
Number of updated asset objects reloaded before import = 0Number of asset objects unloaded after import = 2

========================================================================
Received Import Request.
  Time since last request: 0.719367 seconds.
  path: Assets/Class 8th (Physics System)/Golf Assets/Settings/Low_PipelineAsset.asset
  artifactKey: Guid(1122bf35af95890459b869c7176d7b1e) Importer(815301076,1909f56bfc062723c751e8b465ee728b)
Start importing Assets/Class 8th (Physics System)/Golf Assets/Settings/Low_PipelineAsset.asset using Guid(1122bf35af95890459b869c7176d7b1e) Importer(815301076,1909f56bfc062723c751e8b465ee728b) (PreviewImporter) -> (artifact id: '2f73160c3c1eb9dde04c6738192be9af') in 0.0017257 seconds
Number of updated asset objects reloaded before import = 0Number of asset objects unloaded after import = 2

========================================================================
Received Import Request.
  Time since last request: 0.575153 seconds.
  path: Assets/Class 8th (Physics System)/Golf Assets/Prefabs/Pipes/PipeStraight.prefab
  artifactKey: Guid(47e09b6e6781c3f47b6ac77fd181518a) Importer(815301076,1909f56bfc062723c751e8b465ee728b)
Start importing Assets/Class 8th (Physics System)/Golf Assets/Prefabs/Pipes/PipeStraight.prefab using Guid(47e09b6e6781c3f47b6ac77fd181518a) Importer(815301076,1909f56bfc062723c751e8b465ee728b) (PreviewImporter) -> (artifact id: 'ba276975bb27e48007cde513d2fc7f05') in 0.0173916 seconds
Number of updated asset objects reloaded before import = 0Number of asset objects unloaded after import = 15

========================================================================
Received Import Request.
  Time since last request: 16.472059 seconds.
  path: Assets/Class 8th (Physics System)/Golf Assets/Prefabs/Bumpers/Cross.prefab
  artifactKey: Guid(732d3378ecf71f042b9d98bc913dc68b) Importer(815301076,1909f56bfc062723c751e8b465ee728b)
Start importing Assets/Class 8th (Physics System)/Golf Assets/Prefabs/Bumpers/Cross.prefab using Guid(732d3378ecf71f042b9d98bc913dc68b) Importer(815301076,1909f56bfc062723c751e8b465ee728b) (PreviewImporter) -> (artifact id: '8ca3a05155b34217c01193b450902ca9') in 0.0119949 seconds
Number of updated asset objects reloaded before import = 0Number of asset objects unloaded after import = 19

========================================================================
Received Import Request.
  Time since last request: 1.877504 seconds.
  path: Assets/Class 8th (Physics System)/Golf Assets/Prefabs/Bg/Clouds/CloudSpawner.prefab
  artifactKey: Guid(fd596848093dce34ba92f0eff95360d3) Importer(815301076,1909f56bfc062723c751e8b465ee728b)
Start importing Assets/Class 8th (Physics System)/Golf Assets/Prefabs/Bg/Clouds/CloudSpawner.prefab using Guid(fd596848093dce34ba92f0eff95360d3) Importer(815301076,1909f56bfc062723c751e8b465ee728b) (PreviewImporter) -> (artifact id: '2d0a69ef8edc9ae85372c55d64aad97d') in 0.0016266 seconds
Number of updated asset objects reloaded before import = 0Number of asset objects unloaded after import = 6

========================================================================
Received Import Request.
  Time since last request: 145.097864 seconds.
  path: Assets/Class 8th (Physics System)/Golf Assets/Prefabs/Level/90Curved.prefab
  artifactKey: Guid(a9b0b7ce886a3094fb0fcc006f625e2e) Importer(815301076,1909f56bfc062723c751e8b465ee728b)
Start importing Assets/Class 8th (Physics System)/Golf Assets/Prefabs/Level/90Curved.prefab using Guid(a9b0b7ce886a3094fb0fcc006f625e2e) Importer(815301076,1909f56bfc062723c751e8b465ee728b) (PreviewImporter) -> (artifact id: 'b5f65cb5fc7c0b614bcdf7a9d1f75741') in 0.0141547 seconds
Number of updated asset objects reloaded before import = 0Number of asset objects unloaded after import = 22

========================================================================
Received Import Request.
  Time since last request: 0.000046 seconds.
  path: Assets/Class 8th (Physics System)/Golf Assets/Prefabs/Level/D90Hole.prefab
  artifactKey: Guid(d083cbe67f0707b4f839377875d4dc75) Importer(815301076,1909f56bfc062723c751e8b465ee728b)
Start importing Assets/Class 8th (Physics System)/Golf Assets/Prefabs/Level/D90Hole.prefab using Guid(d083cbe67f0707b4f839377875d4dc75) Importer(815301076,1909f56bfc062723c751e8b465ee728b) (PreviewImporter) -> (artifact id: '4f019550db73ba488702486fb0b98758') in 0.0109522 seconds
Number of updated asset objects reloaded before import = 0Number of asset objects unloaded after import = 22

========================================================================
Received Import Request.
  Time since last request: 0.000027 seconds.
  path: Assets/Class 8th (Physics System)/Golf Assets/Prefabs/Level/Sidehole.prefab
  artifactKey: Guid(8727499c941e7a74485799a892048acc) Importer(815301076,1909f56bfc062723c751e8b465ee728b)
Start importing Assets/Class 8th (Physics System)/Golf Assets/Prefabs/Level/Sidehole.prefab using Guid(8727499c941e7a74485799a892048acc) Importer(815301076,1909f56bfc062723c751e8b465ee728b) (PreviewImporter) -> (artifact id: '1b01a3363de1d2fea7935a5cd573a777') in 0.013272 seconds
Number of updated asset objects reloaded before import = 0Number of asset objects unloaded after import = 22

========================================================================
Received Import Request.
  Time since last request: 0.000042 seconds.
  path: Assets/Class 8th (Physics System)/Golf Assets/Prefabs/Level/Sideshole.prefab
  artifactKey: Guid(bda3565a89cd92246bf155134b407f2b) Importer(815301076,1909f56bfc062723c751e8b465ee728b)
Start importing Assets/Class 8th (Physics System)/Golf Assets/Prefabs/Level/Sideshole.prefab using Guid(bda3565a89cd92246bf155134b407f2b) Importer(815301076,1909f56bfc062723c751e8b465ee728b) (PreviewImporter) -> (artifact id: '2b725cb93edda9eb3df04a8d4251638b') in 0.0113134 seconds
Number of updated asset objects reloaded before import = 0Number of asset objects unloaded after import = 22

========================================================================
Received Import Request.
  Time since last request: 0.000032 seconds.
  path: Assets/Class 8th (Physics System)/Golf Assets/Prefabs/Level/EdgeBit.prefab
  artifactKey: Guid(59f5299e0015f584ba8da3c25dabad0e) Importer(815301076,1909f56bfc062723c751e8b465ee728b)
Start importing Assets/Class 8th (Physics System)/Golf Assets/Prefabs/Level/EdgeBit.prefab using Guid(59f5299e0015f584ba8da3c25dabad0e) Importer(815301076,1909f56bfc062723c751e8b465ee728b) (PreviewImporter) -> (artifact id: '6add26fd9c50f3745a9364eebdfcb898') in 0.0087052 seconds
Number of updated asset objects reloaded before import = 0Number of asset objects unloaded after import = 19

========================================================================
Received Import Request.
  Time since last request: 0.000042 seconds.
  path: Assets/Class 8th (Physics System)/Golf Assets/Prefabs/Level/Turnhole.prefab
  artifactKey: Guid(07c0ea4c363724b4c9be66e35eb2e9f5) Importer(815301076,1909f56bfc062723c751e8b465ee728b)
Start importing Assets/Class 8th (Physics System)/Golf Assets/Prefabs/Level/Turnhole.prefab using Guid(07c0ea4c363724b4c9be66e35eb2e9f5) Importer(815301076,1909f56bfc062723c751e8b465ee728b) (PreviewImporter) -> (artifact id: '286febcbe4068faf8a8e59e3d37865b4') in 0.0129475 seconds
Number of updated asset objects reloaded before import = 0Number of asset objects unloaded after import = 22

========================================================================
Received Import Request.
  Time since last request: 0.000023 seconds.
  path: Assets/Class 8th (Physics System)/Golf Assets/Prefabs/Level/Side.prefab
  artifactKey: Guid(c703067f8537c10458b2b6e226eda9d9) Importer(815301076,1909f56bfc062723c751e8b465ee728b)
Start importing Assets/Class 8th (Physics System)/Golf Assets/Prefabs/Level/Side.prefab using Guid(c703067f8537c10458b2b6e226eda9d9) Importer(815301076,1909f56bfc062723c751e8b465ee728b) (PreviewImporter) -> (artifact id: 'f2cc08907e46b2960cdacdf9718e0f0d') in 0.0098186 seconds
Number of updated asset objects reloaded before import = 0Number of asset objects unloaded after import = 22

========================================================================
Received Import Request.
  Time since last request: 0.000028 seconds.
  path: Assets/Class 8th (Physics System)/Golf Assets/Prefabs/Level/Turn.prefab
  artifactKey: Guid(1998c21e38ccd7c469ef87eb37027db7) Importer(815301076,1909f56bfc062723c751e8b465ee728b)
Start importing Assets/Class 8th (Physics System)/Golf Assets/Prefabs/Level/Turn.prefab using Guid(1998c21e38ccd7c469ef87eb37027db7) Importer(815301076,1909f56bfc062723c751e8b465ee728b) (PreviewImporter) -> (artifact id: '8a0119e198d7c0e42f09cb1fa561a31a') in 0.0092495 seconds
Number of updated asset objects reloaded before import = 0Number of asset objects unloaded after import = 22

========================================================================
Received Import Request.
  Time since last request: 0.000021 seconds.
  path: Assets/Class 8th (Physics System)/Golf Assets/Prefabs/Level/DownHill.prefab
  artifactKey: Guid(1e34f523c11fe4a4dbff9e801a5fecf3) Importer(815301076,1909f56bfc062723c751e8b465ee728b)
Start importing Assets/Class 8th (Physics System)/Golf Assets/Prefabs/Level/DownHill.prefab using Guid(1e34f523c11fe4a4dbff9e801a5fecf3) Importer(815301076,1909f56bfc062723c751e8b465ee728b) (PreviewImporter) -> (artifact id: '9faf5dbf37adf946b292482e67d62cd0') in 0.0089755 seconds
Number of updated asset objects reloaded before import = 0Number of asset objects unloaded after import = 22

========================================================================
Received Import Request.
  Time since last request: 0.000056 seconds.
  path: Assets/Class 8th (Physics System)/Golf Assets/Prefabs/Level/Endhole.prefab
  artifactKey: Guid(ad6c6fd7e14427047823a5d2f14b53c6) Importer(815301076,1909f56bfc062723c751e8b465ee728b)
Start importing Assets/Class 8th (Physics System)/Golf Assets/Prefabs/Level/Endhole.prefab using Guid(ad6c6fd7e14427047823a5d2f14b53c6) Importer(815301076,1909f56bfc062723c751e8b465ee728b) (PreviewImporter) -> (artifact id: '8a163a7858b4059e63b40c354ebebb69') in 0.0120542 seconds
Number of updated asset objects reloaded before import = 0Number of asset objects unloaded after import = 22

========================================================================
Received Import Request.
  Time since last request: 0.000029 seconds.
  path: Assets/Class 8th (Physics System)/Golf Assets/Prefabs/Level/RampSide.prefab
  artifactKey: Guid(b5a8bbc509d04d84ca618cadf1c51bcd) Importer(815301076,1909f56bfc062723c751e8b465ee728b)
Start importing Assets/Class 8th (Physics System)/Golf Assets/Prefabs/Level/RampSide.prefab using Guid(b5a8bbc509d04d84ca618cadf1c51bcd) Importer(815301076,1909f56bfc062723c751e8b465ee728b) (PreviewImporter) -> (artifact id: '127571901fc12eb1c76aa8a4179519bc') in 0.0110365 seconds
Number of updated asset objects reloaded before import = 0Number of asset objects unloaded after import = 22

========================================================================
Received Import Request.
  Time since last request: 0.000026 seconds.
  path: Assets/Class 8th (Physics System)/Golf Assets/Prefabs/Level/180hole.prefab
  artifactKey: Guid(09f5b179f5cc1c34db8eb9ee2e815eab) Importer(815301076,1909f56bfc062723c751e8b465ee728b)
Start importing Assets/Class 8th (Physics System)/Golf Assets/Prefabs/Level/180hole.prefab using Guid(09f5b179f5cc1c34db8eb9ee2e815eab) Importer(815301076,1909f56bfc062723c751e8b465ee728b) (PreviewImporter) -> (artifact id: 'dad7acf67c87fba088662e8ce91a056e') in 0.0103942 seconds
Number of updated asset objects reloaded before import = 0Number of asset objects unloaded after import = 22

========================================================================
Received Import Request.
  Time since last request: 0.417872 seconds.
  path: Assets/Class 8th (Physics System)/Scenes/Class 8th (Physics System).unity
  artifactKey: Guid(e4424866a8d78f1489ba116c3d369696) Importer(2089858483,b0f066a214c2f5e87bad3c948f4d605d)
Start importing Assets/Class 8th (Physics System)/Scenes/Class 8th (Physics System).unity using Guid(e4424866a8d78f1489ba116c3d369696) Importer(2089858483,b0f066a214c2f5e87bad3c948f4d605d) (ScriptedImporter) -> (artifact id: '1300ee99ffa4e7d59478ea6f81fbcea1') in 0.0086226 seconds
Number of updated asset objects reloaded before import = 0Number of asset objects unloaded after import = 1

Editor requested this worker to shutdown with reason: Scaling down because of idle timeout
AssetImportWorker is now disconnected from the server
Process exiting
Exiting without the bug reporter. Application will terminate with return code 0