[Licensing::Module] Trying to connect to existing licensing client channel...
Built from '6000.3/staging' branch; Version is '6000.3.15f1 (c1aa84e375f6) revision 12692100'; Using compiler version '194234433'; Build Type 'Release'
OS: 'Windows 10  (10.0.19045) 64bit Professional' Language: 'ko' Physical Memory: 32478 MB
[Licensing::IpcConnector] Successfully connected to: "LicenseClient-Administrator" at "2026-06-04T11:08:25.9483925Z"
BatchMode: 1, IsHumanControllingUs: 0, StartBugReporterOnCrash: 0, Is64bit: 1
System  architecture: x64
Process architecture: x64
Date: 2026-06-04T11:08:25Z

COMMAND LINE ARGUMENTS:
C:\Program Files\Unity\Hub\Editor\6000.3.15f1\Editor\Unity.exe
-adb2
-batchMode
-noUpm
-name
AssetImportWorker0
-projectPath
C:/Users/Administrator/Desktop/Game-Engine/Program
-logFile
Logs/AssetImportWorker0.log
-srvPort
50721
-licensingIpc
LicenseClient-Administrator
-job-worker-count
13
-background-job-worker-count
8
-gc-helper-count
1
-name
AssetImport
Successfully changed project path to: C:/Users/Administrator/Desktop/Game-Engine/Program
C:/Users/Administrator/Desktop/Game-Engine/Program
[UnityMemory] Configuration Parameters - Can be set up in boot.config
    "memorysetup-temp-allocator-size-nav-mesh-worker=65536"
    "memorysetup-temp-allocator-size-audio-worker=65536"
    "memorysetup-temp-allocator-size-gfx=262144"
    "memorysetup-allocator-temp-initial-block-size-main=262144"
    "memorysetup-allocator-temp-initial-block-size-worker=262144"
    "memorysetup-temp-allocator-size-background-worker=32768"
    "memorysetup-temp-allocator-size-job-worker=262144"
    "memorysetup-temp-allocator-size-preload-manager=33554432"
    "memorysetup-temp-allocator-size-gi-baking-worker=262144"
    "memorysetup-temp-allocator-size-gi-baking-worker=262144"
    "memorysetup-temp-allocator-size-gi-baking-worker=262144"
    "memorysetup-temp-allocator-size-gi-baking-worker=262144"
    "memorysetup-temp-allocator-size-gi-baking-worker=262144"
    "memorysetup-bucket-allocator-granularity=16"
    "memorysetup-bucket-allocator-bucket-count=8"
    "memorysetup-bucket-allocator-block-size=33554432"
    "memorysetup-bucket-allocator-block-count=8"
    "memorysetup-main-allocator-block-size=16777216"
    "memorysetup-thread-allocator-block-size=16777216"
    "memorysetup-gfx-main-allocator-block-size=16777216"
    "memorysetup-gfx-thread-allocator-block-size=16777216"
    "memorysetup-cache-allocator-block-size=4194304"
    "memorysetup-typetree-allocator-block-size=2097152"
    "memorysetup-profiler-bucket-allocator-granularity=16"
    "memorysetup-profiler-bucket-allocator-bucket-count=8"
    "memorysetup-profiler-bucket-allocator-block-size=33554432"
    "memorysetup-profiler-bucket-allocator-block-count=8"
    "memorysetup-profiler-allocator-block-size=16777216"
    "memorysetup-profiler-editor-allocator-block-size=1048576"
    "memorysetup-temp-allocator-size-main=16777216"
    "memorysetup-job-temp-allocator-block-size=2097152"
    "memorysetup-job-temp-allocator-block-size-background=1048576"
    "memorysetup-job-temp-allocator-reduction-small-platforms=262144"
    "memorysetup-temp-allocator-size-cloud-worker=32768"
Player connection [19296]  Target information:

Player connection [19296]  * "[IP] 192.168.0.94 [Port] 0 [Flags] 2 [Guid] 634596238 [EditorId] 634596238 [Version] 1048832 [Id] WindowsEditor(7,DESKTOP-MSMA3UP) [Debug] 1 [PackageName] WindowsEditor [ProjectName] Editor" 

Player connection [19296] Host joined multi-casting on [225.0.0.222:54997]...
Player connection [19296] Host joined alternative multi-casting on [225.0.0.222:34997]...
JobSystem: Creating JobQueue using job-worker-count value 13
Input System module state changed to: Initialized.
[Physics::Module] Initialized fallback backend.
[Physics::Module] Id: 0xdecafbad
Library Redirect Path: Library/
[Physics::Module] Selected backend.
[Physics::Module] Name: PhysX
[Physics::Module] Id: 0xf2b8ea05
[Physics::Module] SDK Version: 4.1.2
[Physics::Module] Integration Version: 1.0.0
[Physics::Module] Threading Mode: Multi-Threaded
Refreshing native plugins compatible for Editor in 2.44 ms, found 4 plugins.
Preloading 0 native plugins for Editor in 0.00 ms.
Initialize engine version: 6000.3.15f1 (c1aa84e375f6)
[Subsystems] Discovering subsystems at path C:/Program Files/Unity/Hub/Editor/6000.3.15f1/Editor/Data/Resources/UnitySubsystems
[Subsystems] Discovering subsystems at path C:/Users/Administrator/Desktop/Game-Engine/Program/Assets
GfxDevice: creating device client; kGfxThreadingModeNonThreaded
Direct3D:
    Version:  Direct3D 11.0 [level 11.1]
    Renderer: NVIDIA GeForce RTX 5060 Ti (ID=0x2d04)
    Vendor:   NVIDIA
    VRAM:     16050 MB
    Driver:   32.0.15.9636
Initialize mono
Mono path[0] = 'C:/Program Files/Unity/Hub/Editor/6000.3.15f1/Editor/Data/Managed'
Mono path[1] = 'C:/Program Files/Unity/Hub/Editor/6000.3.15f1/Editor/Data/MonoBleedingEdge/lib/mono/unityjit-win32'
Mono config path = 'C:/Program Files/Unity/Hub/Editor/6000.3.15f1/Editor/Data/MonoBleedingEdge/etc'
Using monoOptions --debugger-agent=transport=dt_socket,embedding=1,server=y,suspend=n,address=127.0.0.1:56596
Begin MonoManager ReloadAssembly
Registering precompiled unity dll's ...
Register platform support module: C:/Program Files/Unity/Hub/Editor/6000.3.15f1/Editor/Data/PlaybackEngines/WindowsStandaloneSupport/UnityEditor.WindowsStandalone.Extensions.dll
Registered in 0.001135 seconds.
[Licensing::Client] Error: HandshakeResponse reported an error:
	ResponseCode: 505
	ResponseStatus: Unsupported protocol version '1.18.1'.
[Licensing::Module] Error: Failed to handshake to channel: "LicenseClient-Administrator"
[Licensing::IpcConnector] LicenseClient-Administrator channel disconnected successfully.
[Licensing::IpcConnector] Successfully connected to: "LicenseClient-Administrator-6000.3.15" at "2026-06-04T11:08:26.7339274Z"
[Licensing::Client] Code 10 while verifying Licensing Client signature (process Id: 17532, path: "C:/Program Files/Unity/Hub/Editor/6000.3.15f1/Editor/Data/Resources/Licensing/Client/Unity.Licensing.Client.exe")
[Licensing::Module] LicensingClient has failed validation; ignoring
[Licensing::Client] Handshaking with LicensingClient:
  Version:                 1.18.1+9fbee8e
  Session Id:              aa3f06ede71944f9b180dac9e90088db
  Correlation Id:          98ed7eafdd281100ec9dddc6e4770ce2
  External correlation Id: 1107113224391373748
  Machine Id:              SvejmJGsl/EFmq0OAjofjZYOfss=
[Licensing::Module] Successfully connected to LicensingClient on channel: "LicenseClient-Administrator-6000.3.15" (connect: 0.00s, validation: 0.00s, handshake: 0.00s)
[Licensing::IpcConnector] Successfully connected to: "LicenseClient-Administrator-6000.3.15-notifications" at "2026-06-04T11:08:26.7392805Z"
[Licensing::Module] Licensing Background thread has ended after 0.79s
- Loaded All Assemblies, in  0.399 seconds
Native extension for WindowsStandalone target not found
Package Manager log level set to [2]
[Package Manager] Failed to launch server process. Reason: Unity was launched with the -noUpm command-line argument
[Package Manager] Unable to send message (not connected to server process).
[Package Manager] Cannot connect to Unity Package Manager local server
ScheduleIndexationOnStartup MainProcess:False IndexOnStartup:True
Mono: successfully reloaded assembly
- Finished resetting the current domain, in  0.418 seconds
Domain Reload Profiling: 816ms
	BeginReloadAssembly (128ms)
		ExecutionOrderSort (0ms)
		DisableScriptedObjects (0ms)
		BackupInstance (0ms)
		ReleaseScriptingObjects (0ms)
		CreateAndSetChildDomain (1ms)
	RebuildCommonClasses (35ms)
	RebuildNativeTypeToScriptingClass (14ms)
	initialDomainReloadingComplete (43ms)
	LoadAllAssembliesAndSetupDomain (178ms)
		LoadAssemblies (127ms)
		RebuildTransferFunctionScriptingTraits (0ms)
		AnalyzeDomain (175ms)
			TypeCache.Refresh (173ms)
				TypeCache.ScanAssembly (157ms)
			BuildScriptInfoCaches (0ms)
			ResolveRequiredComponents (1ms)
	FinalizeReload (419ms)
		ReleaseScriptCaches (0ms)
		RebuildScriptCaches (0ms)
		SetupLoadedEditorAssemblies (364ms)
			LogAssemblyErrors (0ms)
			InitializePlatformSupportModulesInManaged (51ms)
			SetLoadedEditorAssemblies (3ms)
			BeforeProcessingInitializeOnLoad (83ms)
			ProcessInitializeOnLoadAttributes (151ms)
			ProcessInitializeOnLoadMethodAttributes (75ms)
			AfterProcessingInitializeOnLoad (0ms)
			EditorAssembliesLoaded (0ms)
		ExecutionOrderSort2 (0ms)
		AwakeInstancesAfterBackupRestoration (0ms)
========================================================================
Worker process is ready to serve import requests
Import Worker Mode flag is 0x00
Begin MonoManager ReloadAssembly
[Licensing::Client] Successfully resolved entitlement details
[Licensing::Module] License group:
  Id: 14569174559127-UnityPersXXXX
  Product: Unity Personal
  Type: Assigned
  Expiration: Unlimited
- Loaded All Assemblies, in  0.757 seconds
Refreshing native plugins compatible for Editor in 0.93 ms, found 4 plugins.
Native extension for WindowsStandalone target not found
[Package Manager] Failed to launch server process. Reason: Unity was launched with the -noUpm command-line argument
[Package Manager] Unable to send message (not connected to server process).
[Package Manager] Cannot connect to Unity Package Manager local server
Refreshing native plugins compatible for Editor in 1.29 ms, found 4 plugins.
[Package Manager] Failed to launch server process. Reason: Unity was launched with the -noUpm command-line argument
[Package Manager] Unable to send message (not connected to server process).
[Package Manager] Cannot connect to Unity Package Manager local server
ScheduleIndexationOnStartup MainProcess:False IndexOnStartup:True
Mono: successfully reloaded assembly
- Finished resetting the current domain, in  0.720 seconds
Domain Reload Profiling: 1475ms
	BeginReloadAssembly (164ms)
		ExecutionOrderSort (0ms)
		DisableScriptedObjects (6ms)
		BackupInstance (0ms)
		ReleaseScriptingObjects (0ms)
		CreateAndSetChildDomain (29ms)
	RebuildCommonClasses (37ms)
	RebuildNativeTypeToScriptingClass (15ms)
	initialDomainReloadingComplete (38ms)
	LoadAllAssembliesAndSetupDomain (502ms)
		LoadAssemblies (309ms)
		RebuildTransferFunctionScriptingTraits (0ms)
		AnalyzeDomain (279ms)
			TypeCache.Refresh (175ms)
				TypeCache.ScanAssembly (158ms)
			BuildScriptInfoCaches (85ms)
			ResolveRequiredComponents (15ms)
	FinalizeReload (720ms)
		ReleaseScriptCaches (0ms)
		RebuildScriptCaches (0ms)
		SetupLoadedEditorAssemblies (522ms)
			LogAssemblyErrors (0ms)
			InitializePlatformSupportModulesInManaged (2ms)
			SetLoadedEditorAssemblies (3ms)
			BeforeProcessingInitializeOnLoad (124ms)
			ProcessInitializeOnLoadAttributes (330ms)
			ProcessInitializeOnLoadMethodAttributes (60ms)
			AfterProcessingInitializeOnLoad (2ms)
			EditorAssembliesLoaded (0ms)
		ExecutionOrderSort2 (0ms)
		AwakeInstancesAfterBackupRestoration (6ms)
Launched and connected shader compiler UnityShaderCompiler.exe after 0.01 seconds
Refreshing native plugins compatible for Editor in 1.07 ms, found 4 plugins.
Preloading 0 native plugins for Editor in 0.00 ms.
Unloading 16 Unused Serialized files (Serialized files now loaded: 0)
Unloading 6443 unused Assets / (3.9 MB). Loaded Objects now: 7239.
Memory consumption went from 154.8 MB to 150.9 MB.
Total: 7.411700 ms (FindLiveObjects: 0.830900 ms CreateObjectMapping: 0.295800 ms MarkObjects: 4.416900 ms  DeleteObjects: 1.867500 ms)

========================================================================
Received Import Request.
  Time since last request: 8267.131338 seconds.
  path: Assets/Class 9th (Coroutine)/Scripts/CreateManager.cs
  artifactKey: Guid(be6d87fd021791644a946891e4c31fe3) Importer(2089858483,b0f066a214c2f5e87bad3c948f4d605d)
Start importing Assets/Class 9th (Coroutine)/Scripts/CreateManager.cs using Guid(be6d87fd021791644a946891e4c31fe3) Importer(2089858483,b0f066a214c2f5e87bad3c948f4d605d) (ScriptedImporter) -> (artifact id: '3c2a6e688f4fe93ba660f125354a66b8') in 0.0795489 seconds
Number of updated asset objects reloaded before import = 0Number of asset objects unloaded after import = 0

========================================================================
Received Prepare
Refreshing native plugins compatible for Editor in 0.70 ms, found 4 plugins.
Preloading 0 native plugins for Editor in 0.00 ms.
Unloading 16 Unused Serialized files (Serialized files now loaded: 0)
Unloading 17 unused Assets / (1.7 MB). Loaded Objects now: 7241.
Memory consumption went from 148.7 MB to 147.1 MB.
Total: 4.197400 ms (FindLiveObjects: 0.291200 ms CreateObjectMapping: 0.121000 ms MarkObjects: 3.489000 ms  DeleteObjects: 0.295500 ms)

Prepare: number of updated asset objects reloaded= 0
========================================================================
Received Prepare
Begin MonoManager ReloadAssembly
[Licensing::Client] Successfully resolved entitlement details
- Loaded All Assemblies, in  0.748 seconds
Refreshing native plugins compatible for Editor in 0.87 ms, found 4 plugins.
Native extension for WindowsStandalone target not found
[Package Manager] Failed to launch server process. Reason: Unity was launched with the -noUpm command-line argument
[Package Manager] Unable to send message (not connected to server process).
[Package Manager] Cannot connect to Unity Package Manager local server
[Package Manager] Failed to launch server process. Reason: Unity was launched with the -noUpm command-line argument
[Package Manager] Unable to send message (not connected to server process).
[Package Manager] Cannot connect to Unity Package Manager local server
ScheduleIndexationOnStartup MainProcess:False IndexOnStartup:True
Mono: successfully reloaded assembly
- Finished resetting the current domain, in  0.681 seconds
Domain Reload Profiling: 1433ms
	BeginReloadAssembly (214ms)
		ExecutionOrderSort (0ms)
		DisableScriptedObjects (6ms)
		BackupInstance (0ms)
		ReleaseScriptingObjects (0ms)
		CreateAndSetChildDomain (51ms)
	RebuildCommonClasses (36ms)
	RebuildNativeTypeToScriptingClass (16ms)
	initialDomainReloadingComplete (25ms)
	LoadAllAssembliesAndSetupDomain (460ms)
		LoadAssemblies (342ms)
		RebuildTransferFunctionScriptingTraits (0ms)
		AnalyzeDomain (218ms)
			TypeCache.Refresh (16ms)
				TypeCache.ScanAssembly (0ms)
			BuildScriptInfoCaches (187ms)
			ResolveRequiredComponents (11ms)
	FinalizeReload (682ms)
		ReleaseScriptCaches (0ms)
		RebuildScriptCaches (0ms)
		SetupLoadedEditorAssemblies (514ms)
			LogAssemblyErrors (0ms)
			InitializePlatformSupportModulesInManaged (2ms)
			SetLoadedEditorAssemblies (3ms)
			BeforeProcessingInitializeOnLoad (129ms)
			ProcessInitializeOnLoadAttributes (315ms)
			ProcessInitializeOnLoadMethodAttributes (63ms)
			AfterProcessingInitializeOnLoad (2ms)
			EditorAssembliesLoaded (0ms)
		ExecutionOrderSort2 (0ms)
		AwakeInstancesAfterBackupRestoration (14ms)
Refreshing native plugins compatible for Editor in 1.09 ms, found 4 plugins.
Preloading 0 native plugins for Editor in 0.00 ms.
Unloading 16 Unused Serialized files (Serialized files now loaded: 0)
Unloading 6441 unused Assets / (3.7 MB). Loaded Objects now: 7257.
Memory consumption went from 160.4 MB to 156.7 MB.
Total: 7.775200 ms (FindLiveObjects: 0.930800 ms CreateObjectMapping: 0.365900 ms MarkObjects: 4.600600 ms  DeleteObjects: 1.877300 ms)

Prepare: number of updated asset objects reloaded= 0
========================================================================
Received Prepare
Begin MonoManager ReloadAssembly
- Loaded All Assemblies, in  0.735 seconds
Refreshing native plugins compatible for Editor in 1.15 ms, found 4 plugins.
Native extension for WindowsStandalone target not found
[Package Manager] Failed to launch server process. Reason: Unity was launched with the -noUpm command-line argument
[Package Manager] Unable to send message (not connected to server process).
[Package Manager] Cannot connect to Unity Package Manager local server
[Package Manager] Failed to launch server process. Reason: Unity was launched with the -noUpm command-line argument
[Package Manager] Unable to send message (not connected to server process).
[Package Manager] Cannot connect to Unity Package Manager local server
ScheduleIndexationOnStartup MainProcess:False IndexOnStartup:True
Mono: successfully reloaded assembly
- Finished resetting the current domain, in  0.767 seconds
Domain Reload Profiling: 1505ms
	BeginReloadAssembly (211ms)
		ExecutionOrderSort (0ms)
		DisableScriptedObjects (6ms)
		BackupInstance (0ms)
		ReleaseScriptingObjects (0ms)
		CreateAndSetChildDomain (52ms)
	RebuildCommonClasses (35ms)
	RebuildNativeTypeToScriptingClass (15ms)
	initialDomainReloadingComplete (26ms)
	LoadAllAssembliesAndSetupDomain (451ms)
		LoadAssemblies (338ms)
		RebuildTransferFunctionScriptingTraits (0ms)
		AnalyzeDomain (209ms)
			TypeCache.Refresh (11ms)
				TypeCache.ScanAssembly (0ms)
			BuildScriptInfoCaches (184ms)
			ResolveRequiredComponents (10ms)
	FinalizeReload (767ms)
		ReleaseScriptCaches (0ms)
		RebuildScriptCaches (0ms)
		SetupLoadedEditorAssemblies (589ms)
			LogAssemblyErrors (0ms)
			InitializePlatformSupportModulesInManaged (2ms)
			SetLoadedEditorAssemblies (3ms)
			BeforeProcessingInitializeOnLoad (126ms)
			ProcessInitializeOnLoadAttributes (378ms)
			ProcessInitializeOnLoadMethodAttributes (77ms)
			AfterProcessingInitializeOnLoad (3ms)
			EditorAssembliesLoaded (0ms)
		ExecutionOrderSort2 (0ms)
		AwakeInstancesAfterBackupRestoration (18ms)
Refreshing native plugins compatible for Editor in 1.62 ms, found 4 plugins.
Preloading 0 native plugins for Editor in 0.00 ms.
Unloading 16 Unused Serialized files (Serialized files now loaded: 0)
Unloading 6441 unused Assets / (4.0 MB). Loaded Objects now: 7260.
Memory consumption went from 160.2 MB to 156.2 MB.
Total: 9.077300 ms (FindLiveObjects: 1.160600 ms CreateObjectMapping: 0.513900 ms MarkObjects: 4.923400 ms  DeleteObjects: 2.477600 ms)

Prepare: number of updated asset objects reloaded= 0
========================================================================
Received Prepare
Begin MonoManager ReloadAssembly
[Licensing::Client] Successfully resolved entitlement details
- Loaded All Assemblies, in  0.730 seconds
Refreshing native plugins compatible for Editor in 0.93 ms, found 4 plugins.
Native extension for WindowsStandalone target not found
[Package Manager] Failed to launch server process. Reason: Unity was launched with the -noUpm command-line argument
[Package Manager] Unable to send message (not connected to server process).
[Package Manager] Cannot connect to Unity Package Manager local server
[Package Manager] Failed to launch server process. Reason: Unity was launched with the -noUpm command-line argument
[Package Manager] Unable to send message (not connected to server process).
[Package Manager] Cannot connect to Unity Package Manager local server
ScheduleIndexationOnStartup MainProcess:False IndexOnStartup:True
Mono: successfully reloaded assembly
- Finished resetting the current domain, in  0.662 seconds
Domain Reload Profiling: 1396ms
	BeginReloadAssembly (208ms)
		ExecutionOrderSort (0ms)
		DisableScriptedObjects (6ms)
		BackupInstance (0ms)
		ReleaseScriptingObjects (0ms)
		CreateAndSetChildDomain (49ms)
	RebuildCommonClasses (37ms)
	RebuildNativeTypeToScriptingClass (16ms)
	initialDomainReloadingComplete (26ms)
	LoadAllAssembliesAndSetupDomain (446ms)
		LoadAssemblies (322ms)
		RebuildTransferFunctionScriptingTraits (0ms)
		AnalyzeDomain (217ms)
			TypeCache.Refresh (14ms)
				TypeCache.ScanAssembly (0ms)
			BuildScriptInfoCaches (189ms)
			ResolveRequiredComponents (10ms)
	FinalizeReload (663ms)
		ReleaseScriptCaches (0ms)
		RebuildScriptCaches (0ms)
		SetupLoadedEditorAssemblies (501ms)
			LogAssemblyErrors (0ms)
			InitializePlatformSupportModulesInManaged (2ms)
			SetLoadedEditorAssemblies (3ms)
			BeforeProcessingInitializeOnLoad (125ms)
			ProcessInitializeOnLoadAttributes (308ms)
			ProcessInitializeOnLoadMethodAttributes (60ms)
			AfterProcessingInitializeOnLoad (4ms)
			EditorAssembliesLoaded (0ms)
		ExecutionOrderSort2 (0ms)
		AwakeInstancesAfterBackupRestoration (15ms)
Refreshing native plugins compatible for Editor in 1.13 ms, found 4 plugins.
Preloading 0 native plugins for Editor in 0.00 ms.
Unloading 16 Unused Serialized files (Serialized files now loaded: 0)
Unloading 6441 unused Assets / (3.4 MB). Loaded Objects now: 7263.
Memory consumption went from 160.3 MB to 156.8 MB.
Total: 7.511700 ms (FindLiveObjects: 0.855700 ms CreateObjectMapping: 0.287600 ms MarkObjects: 4.635200 ms  DeleteObjects: 1.731300 ms)

Prepare: number of updated asset objects reloaded= 0
========================================================================
Received Prepare
Begin MonoManager ReloadAssembly
- Loaded All Assemblies, in  0.713 seconds
Refreshing native plugins compatible for Editor in 1.33 ms, found 4 plugins.
Native extension for WindowsStandalone target not found
[Package Manager] Failed to launch server process. Reason: Unity was launched with the -noUpm command-line argument
[Package Manager] Unable to send message (not connected to server process).
[Package Manager] Cannot connect to Unity Package Manager local server
[Package Manager] Failed to launch server process. Reason: Unity was launched with the -noUpm command-line argument
[Package Manager] Unable to send message (not connected to server process).
[Package Manager] Cannot connect to Unity Package Manager local server
ScheduleIndexationOnStartup MainProcess:False IndexOnStartup:True
Mono: successfully reloaded assembly
- Finished resetting the current domain, in  0.813 seconds
Domain Reload Profiling: 1530ms
	BeginReloadAssembly (202ms)
		ExecutionOrderSort (0ms)
		DisableScriptedObjects (6ms)
		BackupInstance (0ms)
		ReleaseScriptingObjects (0ms)
		CreateAndSetChildDomain (45ms)
	RebuildCommonClasses (36ms)
	RebuildNativeTypeToScriptingClass (15ms)
	initialDomainReloadingComplete (25ms)
	LoadAllAssembliesAndSetupDomain (438ms)
		LoadAssemblies (322ms)
		RebuildTransferFunctionScriptingTraits (0ms)
		AnalyzeDomain (212ms)
			TypeCache.Refresh (13ms)
				TypeCache.ScanAssembly (0ms)
			BuildScriptInfoCaches (185ms)
			ResolveRequiredComponents (10ms)
	FinalizeReload (814ms)
		ReleaseScriptCaches (0ms)
		RebuildScriptCaches (0ms)
		SetupLoadedEditorAssemblies (634ms)
			LogAssemblyErrors (0ms)
			InitializePlatformSupportModulesInManaged (2ms)
			SetLoadedEditorAssemblies (4ms)
			BeforeProcessingInitializeOnLoad (158ms)
			ProcessInitializeOnLoadAttributes (387ms)
			ProcessInitializeOnLoadMethodAttributes (80ms)
			AfterProcessingInitializeOnLoad (3ms)
			EditorAssembliesLoaded (0ms)
		ExecutionOrderSort2 (0ms)
		AwakeInstancesAfterBackupRestoration (18ms)
Refreshing native plugins compatible for Editor in 1.30 ms, found 4 plugins.
Preloading 0 native plugins for Editor in 0.00 ms.
Unloading 16 Unused Serialized files (Serialized files now loaded: 0)
Unloading 6441 unused Assets / (3.7 MB). Loaded Objects now: 7266.
Memory consumption went from 160.3 MB to 156.6 MB.
Total: 9.128700 ms (FindLiveObjects: 0.932800 ms CreateObjectMapping: 0.672400 ms MarkObjects: 5.015700 ms  DeleteObjects: 2.506300 ms)

Prepare: number of updated asset objects reloaded= 0
========================================================================
Received Import Request.
  Time since last request: 3133.558069 seconds.
  path: Assets/_Recovery/0.unity
  artifactKey: Guid(91ba2cc721492be4b8de7a0315233e39) Importer(815301076,1909f56bfc062723c751e8b465ee728b)
Start importing Assets/_Recovery/0.unity using Guid(91ba2cc721492be4b8de7a0315233e39) Importer(815301076,1909f56bfc062723c751e8b465ee728b) (PreviewImporter) -> (artifact id: 'c5e862e3e34ef22bb5055baf53513d17') in 0.0250599 seconds
Number of updated asset objects reloaded before import = 0Number of asset objects unloaded after import = 0

========================================================================
Received Import Request.
  Time since last request: 3.978701 seconds.
  path: Assets/Class 9th (Coroutine)/Scripts/CreateManager.cs
  artifactKey: Guid(be6d87fd021791644a946891e4c31fe3) Importer(2089858483,b0f066a214c2f5e87bad3c948f4d605d)
Start importing Assets/Class 9th (Coroutine)/Scripts/CreateManager.cs using Guid(be6d87fd021791644a946891e4c31fe3) Importer(2089858483,b0f066a214c2f5e87bad3c948f4d605d) (ScriptedImporter) -> (artifact id: '15695362e26a68330f15546cd1e7273f') in 0.0757417 seconds
Number of updated asset objects reloaded before import = 0Number of asset objects unloaded after import = 0

========================================================================
Received Import Request.
  Time since last request: 10.091939 seconds.
  path: Assets/Class 10th (Sound System)
  artifactKey: Guid(fa17e2f3e9b908b4ca01c7f8ab88a6c8) Importer(815301076,1909f56bfc062723c751e8b465ee728b)
Start importing Assets/Class 10th (Sound System) using Guid(fa17e2f3e9b908b4ca01c7f8ab88a6c8) Importer(815301076,1909f56bfc062723c751e8b465ee728b) (PreviewImporter) -> (artifact id: '78ddcce6a06d21afa3968bb1c90ada1d') in 0.0005043 seconds
Number of updated asset objects reloaded before import = 0Number of asset objects unloaded after import = 0

========================================================================
Received Import Request.
  Time since last request: 0.954206 seconds.
  path: Assets/Class 10th (Sound System)
  artifactKey: Guid(fa17e2f3e9b908b4ca01c7f8ab88a6c8) Importer(2089858483,b0f066a214c2f5e87bad3c948f4d605d)
Start importing Assets/Class 10th (Sound System) using Guid(fa17e2f3e9b908b4ca01c7f8ab88a6c8) Importer(2089858483,b0f066a214c2f5e87bad3c948f4d605d) (ScriptedImporter) -> (artifact id: 'b2ab77f9b1e3882b98424e9419bebcc6') in 0.0075095 seconds
Number of updated asset objects reloaded before import = 0Number of asset objects unloaded after import = 1

========================================================================
Received Import Request.
  Time since last request: 7.806039 seconds.
  path: Assets/Class 10th (Sound System)/Scenes
  artifactKey: Guid(47531e8a176e7b440bda05fc708269bb) Importer(815301076,1909f56bfc062723c751e8b465ee728b)
Start importing Assets/Class 10th (Sound System)/Scenes using Guid(47531e8a176e7b440bda05fc708269bb) Importer(815301076,1909f56bfc062723c751e8b465ee728b) (PreviewImporter) -> (artifact id: '4545a24ce51904fcdd4b224f08a45517') in 0.0004978 seconds
Number of updated asset objects reloaded before import = 0Number of asset objects unloaded after import = 0

========================================================================
Received Import Request.
  Time since last request: 0.954191 seconds.
  path: Assets/Class 10th (Sound System)/Scenes
  artifactKey: Guid(47531e8a176e7b440bda05fc708269bb) Importer(2089858483,b0f066a214c2f5e87bad3c948f4d605d)
Start importing Assets/Class 10th (Sound System)/Scenes using Guid(47531e8a176e7b440bda05fc708269bb) Importer(2089858483,b0f066a214c2f5e87bad3c948f4d605d) (ScriptedImporter) -> (artifact id: '60e415063ac8860d89bbfabb95979a8b') in 0.0072924 seconds
Number of updated asset objects reloaded before import = 0Number of asset objects unloaded after import = 1

========================================================================
Received Import Request.
  Time since last request: 15.806293 seconds.
  path: Assets/Class 10th (Sound System)/Scenes/Class 10th (Sound System).unity
  artifactKey: Guid(105d8250a13c3b54e9cd2965d1d5bf72) Importer(815301076,1909f56bfc062723c751e8b465ee728b)
Start importing Assets/Class 10th (Sound System)/Scenes/Class 10th (Sound System).unity using Guid(105d8250a13c3b54e9cd2965d1d5bf72) Importer(815301076,1909f56bfc062723c751e8b465ee728b) (PreviewImporter) -> (artifact id: 'bb1c318c34617cc5a861f7d231cd48ad') in 0.0005674 seconds
Number of updated asset objects reloaded before import = 0Number of asset objects unloaded after import = 0

========================================================================
Received Import Request.
  Time since last request: 0.958963 seconds.
  path: Assets/Class 10th (Sound System)/Scenes/Class 10th (Sound System).unity
  artifactKey: Guid(105d8250a13c3b54e9cd2965d1d5bf72) Importer(2089858483,b0f066a214c2f5e87bad3c948f4d605d)
Start importing Assets/Class 10th (Sound System)/Scenes/Class 10th (Sound System).unity using Guid(105d8250a13c3b54e9cd2965d1d5bf72) Importer(2089858483,b0f066a214c2f5e87bad3c948f4d605d) (ScriptedImporter) -> (artifact id: '64a5c9f1a4ed513aae847a21039fd521') in 0.0088726 seconds
Number of updated asset objects reloaded before import = 0Number of asset objects unloaded after import = 1

========================================================================
Received Import Request.
  Time since last request: 210.832779 seconds.
  path: Assets/Class 10th (Sound System)/Scenes/Class 10th (Sound System).unity
  artifactKey: Guid(105d8250a13c3b54e9cd2965d1d5bf72) Importer(815301076,1909f56bfc062723c751e8b465ee728b)
Start importing Assets/Class 10th (Sound System)/Scenes/Class 10th (Sound System).unity using Guid(105d8250a13c3b54e9cd2965d1d5bf72) Importer(815301076,1909f56bfc062723c751e8b465ee728b) (PreviewImporter) -> (artifact id: '0625621e653a102527d487bcc8a80de4') in 0.0005794 seconds
Number of updated asset objects reloaded before import = 0Number of asset objects unloaded after import = 0

========================================================================
Received Import Request.
  Time since last request: 0.625822 seconds.
  path: Assets/Class 10th (Sound System)/Scenes/Class 10th (Sound System).unity
  artifactKey: Guid(105d8250a13c3b54e9cd2965d1d5bf72) Importer(2089858483,b0f066a214c2f5e87bad3c948f4d605d)
Start importing Assets/Class 10th (Sound System)/Scenes/Class 10th (Sound System).unity using Guid(105d8250a13c3b54e9cd2965d1d5bf72) Importer(2089858483,b0f066a214c2f5e87bad3c948f4d605d) (ScriptedImporter) -> (artifact id: '3dfd8b014685a26b61a0ee91225908fd') in 0.0089853 seconds
Number of updated asset objects reloaded before import = 0Number of asset objects unloaded after import = 1

========================================================================
Received Import Request.
  Time since last request: 232.966348 seconds.
  path: Assets/Cosmic_Retro_RecreationRoom_FREE/Models/EnvironmentParts
  artifactKey: Guid(3c80f8be9f35fa547bf72246fbec3b29) Importer(2089858483,b0f066a214c2f5e87bad3c948f4d605d)
Start importing Assets/Cosmic_Retro_RecreationRoom_FREE/Models/EnvironmentParts using Guid(3c80f8be9f35fa547bf72246fbec3b29) Importer(2089858483,b0f066a214c2f5e87bad3c948f4d605d) (ScriptedImporter) -> (artifact id: 'c37cf3b5d31c9c60312fa2a479494658') in 0.0084393 seconds
Number of updated asset objects reloaded before import = 0Number of asset objects unloaded after import = 1

========================================================================
Received Import Request.
  Time since last request: 0.000018 seconds.
  path: Assets/Cosmic_Retro_RecreationRoom_FREE/Models/Props/CRR_Poster_01.fbx
  artifactKey: Guid(c0c0caf401ee47444b04c558d03901d1) Importer(2089858483,b0f066a214c2f5e87bad3c948f4d605d)
Start importing Assets/Cosmic_Retro_RecreationRoom_FREE/Models/Props/CRR_Poster_01.fbx using Guid(c0c0caf401ee47444b04c558d03901d1) Importer(2089858483,b0f066a214c2f5e87bad3c948f4d605d) (ScriptedImporter) -> (artifact id: '849757c61835fcd58e5f3f6dc79ec305') in 0.0877397 seconds
Number of updated asset objects reloaded before import = 0Number of asset objects unloaded after import = 8

========================================================================
Received Import Request.
  Time since last request: 0.000027 seconds.
  path: Assets/Cosmic_Retro_RecreationRoom_FREE/Models/Props/CRR_PizzaBox_Open_Full_01.fbx
  artifactKey: Guid(fbe88e0ca99269f418b00cf085a093cd) Importer(2089858483,b0f066a214c2f5e87bad3c948f4d605d)
Start importing Assets/Cosmic_Retro_RecreationRoom_FREE/Models/Props/CRR_PizzaBox_Open_Full_01.fbx using Guid(fbe88e0ca99269f418b00cf085a093cd) Importer(2089858483,b0f066a214c2f5e87bad3c948f4d605d) (ScriptedImporter) -> (artifact id: '00d8c583c82c8809eeef2a2eb59655ba') in 0.0150086 seconds
Number of updated asset objects reloaded before import = 0Number of asset objects unloaded after import = 13

========================================================================
Received Import Request.
  Time since last request: 0.000032 seconds.
  path: Assets/Cosmic_Retro_RecreationRoom_FREE/DemoScene/DEMO_Retro_RecreationRoom_Props/Global Volume Profile.asset
  artifactKey: Guid(0567644b94608db40bb2895ccca3bea5) Importer(2089858483,b0f066a214c2f5e87bad3c948f4d605d)
Start importing Assets/Cosmic_Retro_RecreationRoom_FREE/DemoScene/DEMO_Retro_RecreationRoom_Props/Global Volume Profile.asset using Guid(0567644b94608db40bb2895ccca3bea5) Importer(2089858483,b0f066a214c2f5e87bad3c948f4d605d) (ScriptedImporter) -> (artifact id: 'c36bdbb60593ef19787b0fcaf71b2954') in 0.0151443 seconds
Number of updated asset objects reloaded before import = 0Number of asset objects unloaded after import = 5

========================================================================
Received Import Request.
  Time since last request: 0.000017 seconds.
  path: Assets/Cosmic_Retro_RecreationRoom_FREE/Prefabs/Props/CRR_Poster_01.prefab
  artifactKey: Guid(7e70a2ad27ead4f4ebf75328d0fc8978) Importer(2089858483,b0f066a214c2f5e87bad3c948f4d605d)
Start importing Assets/Cosmic_Retro_RecreationRoom_FREE/Prefabs/Props/CRR_Poster_01.prefab using Guid(7e70a2ad27ead4f4ebf75328d0fc8978) Importer(2089858483,b0f066a214c2f5e87bad3c948f4d605d) (ScriptedImporter) -> (artifact id: '1bbe4646ddd25e0032e0ab8efa7288d0') in 0.0379523 seconds
Number of updated asset objects reloaded before import = 0Number of asset objects unloaded after import = 15

========================================================================
Received Import Request.
  Time since last request: 0.000022 seconds.
  path: Assets/Cosmic_Retro_RecreationRoom_FREE/Models/Props/CRR_ArcadeMachine_02.fbx
  artifactKey: Guid(76c74928484dbea4eb7f87df0e584d2e) Importer(2089858483,b0f066a214c2f5e87bad3c948f4d605d)
Start importing Assets/Cosmic_Retro_RecreationRoom_FREE/Models/Props/CRR_ArcadeMachine_02.fbx using Guid(76c74928484dbea4eb7f87df0e584d2e) Importer(2089858483,b0f066a214c2f5e87bad3c948f4d605d) (ScriptedImporter) -> (artifact id: 'c465d383bf3eb9e785fe5e51f9a843a8') in 0.0134881 seconds
Number of updated asset objects reloaded before import = 0Number of asset objects unloaded after import = 8

========================================================================
Received Import Request.
  Time since last request: 0.000015 seconds.
  path: Assets/Cosmic_Retro_RecreationRoom_FREE/Models/Props/Collider/CRR_ArcadeMachine_02_C.fbx
  artifactKey: Guid(beb2de413e8ec114887eed31108ca99e) Importer(2089858483,b0f066a214c2f5e87bad3c948f4d605d)
Start importing Assets/Cosmic_Retro_RecreationRoom_FREE/Models/Props/Collider/CRR_ArcadeMachine_02_C.fbx using Guid(beb2de413e8ec114887eed31108ca99e) Importer(2089858483,b0f066a214c2f5e87bad3c948f4d605d) (ScriptedImporter) -> (artifact id: '688d96672c0a3a957282e52ad5a897e3') in 0.0147133 seconds
Number of updated asset objects reloaded before import = 0Number of asset objects unloaded after import = 7

========================================================================
Received Import Request.
  Time since last request: 0.000023 seconds.
  path: Assets/Cosmic_Retro_RecreationRoom_FREE/Prefabs
  artifactKey: Guid(b5c573bf57492264c9215671cb409936) Importer(2089858483,b0f066a214c2f5e87bad3c948f4d605d)
Start importing Assets/Cosmic_Retro_RecreationRoom_FREE/Prefabs using Guid(b5c573bf57492264c9215671cb409936) Importer(2089858483,b0f066a214c2f5e87bad3c948f4d605d) (ScriptedImporter) -> (artifact id: '79e2c0ca9465d5e6b96396026b68bba3') in 0.0082489 seconds
Number of updated asset objects reloaded before import = 0Number of asset objects unloaded after import = 1

========================================================================
Received Import Request.
  Time since last request: 0.000054 seconds.
  path: Assets/Cosmic_Retro_RecreationRoom_FREE/Models/EnvironmentParts/CRR_Floor_01.fbx
  artifactKey: Guid(44bd7e456aebd4e44b6088a3b509b0be) Importer(2089858483,b0f066a214c2f5e87bad3c948f4d605d)
Start importing Assets/Cosmic_Retro_RecreationRoom_FREE/Models/EnvironmentParts/CRR_Floor_01.fbx using Guid(44bd7e456aebd4e44b6088a3b509b0be) Importer(2089858483,b0f066a214c2f5e87bad3c948f4d605d) (ScriptedImporter) -> (artifact id: '75f781a4d7033eac3249741822c3ef6c') in 0.0189126 seconds
Number of updated asset objects reloaded before import = 0Number of asset objects unloaded after import = 8

========================================================================
Received Import Request.
  Time since last request: 0.000114 seconds.
  path: Assets/Cosmic_Retro_RecreationRoom_FREE/Models/EnvironmentParts/Collider/CRR_Wall_1U_Double_C.fbx
  artifactKey: Guid(5fa1580ba548023499c02a9e709e4eb5) Importer(2089858483,b0f066a214c2f5e87bad3c948f4d605d)
Start importing Assets/Cosmic_Retro_RecreationRoom_FREE/Models/EnvironmentParts/Collider/CRR_Wall_1U_Double_C.fbx using Guid(5fa1580ba548023499c02a9e709e4eb5) Importer(2089858483,b0f066a214c2f5e87bad3c948f4d605d) (ScriptedImporter) -> (artifact id: '4e1a784634c77748f45081a04f0dda46') in 0.0145224 seconds
Number of updated asset objects reloaded before import = 0Number of asset objects unloaded after import = 7

========================================================================
Received Import Request.
  Time since last request: 0.000037 seconds.
  path: Assets/Cosmic_Retro_RecreationRoom_FREE/Textures/Cosmic_Retro_Albedo.png
  artifactKey: Guid(bd943555004780646a987860d195f997) Importer(2089858483,b0f066a214c2f5e87bad3c948f4d605d)
Start importing Assets/Cosmic_Retro_RecreationRoom_FREE/Textures/Cosmic_Retro_Albedo.png using Guid(bd943555004780646a987860d195f997) Importer(2089858483,b0f066a214c2f5e87bad3c948f4d605d) (ScriptedImporter) -> (artifact id: 'caadf79de21950dcfb0876dd6ac15256') in 0.0466571 seconds
Number of updated asset objects reloaded before import = 0Number of asset objects unloaded after import = 1

========================================================================
Received Import Request.
  Time since last request: 0.000034 seconds.
  path: Assets/Cosmic_Retro_RecreationRoom_FREE/Prefabs/Props/CRR_RetroConsole_01.prefab
  artifactKey: Guid(0c4a1e6b5bb1a7445ab57834753feeb8) Importer(2089858483,b0f066a214c2f5e87bad3c948f4d605d)
Start importing Assets/Cosmic_Retro_RecreationRoom_FREE/Prefabs/Props/CRR_RetroConsole_01.prefab using Guid(0c4a1e6b5bb1a7445ab57834753feeb8) Importer(2089858483,b0f066a214c2f5e87bad3c948f4d605d) (ScriptedImporter) -> (artifact id: 'eedffd7d731ba96b5f21f3cbd948c2d5') in 0.0153824 seconds
Number of updated asset objects reloaded before import = 0Number of asset objects unloaded after import = 15

========================================================================
Received Import Request.
  Time since last request: 0.000031 seconds.
  path: Assets/Cosmic_Retro_RecreationRoom_FREE/Prefabs/Props/CRR_PizzaBox_Open_Full_01.prefab
  artifactKey: Guid(722bb9a11ef1bd34fb9d9c1f90e7849a) Importer(2089858483,b0f066a214c2f5e87bad3c948f4d605d)
Start importing Assets/Cosmic_Retro_RecreationRoom_FREE/Prefabs/Props/CRR_PizzaBox_Open_Full_01.prefab using Guid(722bb9a11ef1bd34fb9d9c1f90e7849a) Importer(2089858483,b0f066a214c2f5e87bad3c948f4d605d) (ScriptedImporter) -> (artifact id: 'fbc267049b96ae8c0ec6fed3d9835176') in 0.0115991 seconds
Number of updated asset objects reloaded before import = 0Number of asset objects unloaded after import = 24

========================================================================
Received Import Request.
  Time since last request: 0.000027 seconds.
  path: Assets/Cosmic_Retro_RecreationRoom_FREE
  artifactKey: Guid(a3f4e965b6a4ba14bb8a9e9589370df2) Importer(2089858483,b0f066a214c2f5e87bad3c948f4d605d)
Start importing Assets/Cosmic_Retro_RecreationRoom_FREE using Guid(a3f4e965b6a4ba14bb8a9e9589370df2) Importer(2089858483,b0f066a214c2f5e87bad3c948f4d605d) (ScriptedImporter) -> (artifact id: 'fae74c967459e9de1b0bb31d75371ad6') in 0.0080769 seconds
Number of updated asset objects reloaded before import = 0Number of asset objects unloaded after import = 1

========================================================================
Received Import Request.
  Time since last request: 0.000016 seconds.
  path: Assets/Cosmic_Retro_RecreationRoom_FREE/Prefabs/Props/CRR_SideTable_01.prefab
  artifactKey: Guid(9ac92fff37085b745b46afeab27d11ea) Importer(2089858483,b0f066a214c2f5e87bad3c948f4d605d)
Start importing Assets/Cosmic_Retro_RecreationRoom_FREE/Prefabs/Props/CRR_SideTable_01.prefab using Guid(9ac92fff37085b745b46afeab27d11ea) Importer(2089858483,b0f066a214c2f5e87bad3c948f4d605d) (ScriptedImporter) -> (artifact id: '71cb08b891b6989204e22e079aadaf30') in 0.012491 seconds
Number of updated asset objects reloaded before import = 0Number of asset objects unloaded after import = 15

========================================================================
Received Import Request.
  Time since last request: 0.000017 seconds.
  path: Assets/Cosmic_Retro_RecreationRoom_FREE/Models/Props/CRR_Dartboard.fbx
  artifactKey: Guid(95a229a4c74e04943a1579e23d38b096) Importer(2089858483,b0f066a214c2f5e87bad3c948f4d605d)
Start importing Assets/Cosmic_Retro_RecreationRoom_FREE/Models/Props/CRR_Dartboard.fbx using Guid(95a229a4c74e04943a1579e23d38b096) Importer(2089858483,b0f066a214c2f5e87bad3c948f4d605d) (ScriptedImporter) -> (artifact id: '9d6679ac86d9376e6393d6f62de8142f') in 0.0169397 seconds
Number of updated asset objects reloaded before import = 0Number of asset objects unloaded after import = 8

========================================================================
Received Import Request.
  Time since last request: 0.000017 seconds.
  path: Assets/Cosmic_Retro_RecreationRoom_FREE/Prefabs/Props
  artifactKey: Guid(be718f7acc7e0a849beb0124221d581b) Importer(2089858483,b0f066a214c2f5e87bad3c948f4d605d)
Start importing Assets/Cosmic_Retro_RecreationRoom_FREE/Prefabs/Props using Guid(be718f7acc7e0a849beb0124221d581b) Importer(2089858483,b0f066a214c2f5e87bad3c948f4d605d) (ScriptedImporter) -> (artifact id: 'e08a347585c7590371c09db3526b84bf') in 0.0082269 seconds
Number of updated asset objects reloaded before import = 0Number of asset objects unloaded after import = 1

========================================================================
Received Import Request.
  Time since last request: 0.000019 seconds.
  path: Assets/Cosmic_Retro_RecreationRoom_FREE/Models/Props/CRR_SoftDrink_01.fbx
  artifactKey: Guid(d491640e35ddd234f899b1178fdb00d6) Importer(2089858483,b0f066a214c2f5e87bad3c948f4d605d)
Start importing Assets/Cosmic_Retro_RecreationRoom_FREE/Models/Props/CRR_SoftDrink_01.fbx using Guid(d491640e35ddd234f899b1178fdb00d6) Importer(2089858483,b0f066a214c2f5e87bad3c948f4d605d) (ScriptedImporter) -> (artifact id: 'b61d28dfb38bfc56aec59726bcb6f7c0') in 0.0143822 seconds
Number of updated asset objects reloaded before import = 0Number of asset objects unloaded after import = 8

========================================================================
Received Import Request.
  Time since last request: 0.000041 seconds.
  path: Assets/Cosmic_Retro_RecreationRoom_FREE/Prefabs/Props/CRR_SoftDrink_01.prefab
  artifactKey: Guid(b849c2861a4420249a3318195ef57c50) Importer(2089858483,b0f066a214c2f5e87bad3c948f4d605d)
Start importing Assets/Cosmic_Retro_RecreationRoom_FREE/Prefabs/Props/CRR_SoftDrink_01.prefab using Guid(b849c2861a4420249a3318195ef57c50) Importer(2089858483,b0f066a214c2f5e87bad3c948f4d605d) (ScriptedImporter) -> (artifact id: '192871385b49d1eca8d2336695e58bf9') in 0.0118878 seconds
Number of updated asset objects reloaded before import = 0Number of asset objects unloaded after import = 15

========================================================================
Received Import Request.
  Time since last request: 0.000047 seconds.
  path: Assets/Cosmic_Retro_RecreationRoom_FREE/Prefabs/Props/CRR_Dartboard.prefab
  artifactKey: Guid(416d0c6c8b22d764eaeabb9882a499cc) Importer(2089858483,b0f066a214c2f5e87bad3c948f4d605d)
Start importing Assets/Cosmic_Retro_RecreationRoom_FREE/Prefabs/Props/CRR_Dartboard.prefab using Guid(416d0c6c8b22d764eaeabb9882a499cc) Importer(2089858483,b0f066a214c2f5e87bad3c948f4d605d) (ScriptedImporter) -> (artifact id: 'bd86521c96ae71836abc3f285cb4a4c8') in 0.0126437 seconds
Number of updated asset objects reloaded before import = 0Number of asset objects unloaded after import = 16

========================================================================
Received Import Request.
  Time since last request: 0.000020 seconds.
  path: Assets/Cosmic_Retro_RecreationRoom_FREE/Models/Props/CRR_SideTable_01.fbx
  artifactKey: Guid(dcd8bd0004616ec4dad3438735b3784f) Importer(2089858483,b0f066a214c2f5e87bad3c948f4d605d)
Start importing Assets/Cosmic_Retro_RecreationRoom_FREE/Models/Props/CRR_SideTable_01.fbx using Guid(dcd8bd0004616ec4dad3438735b3784f) Importer(2089858483,b0f066a214c2f5e87bad3c948f4d605d) (ScriptedImporter) -> (artifact id: '30df04397bdd88522868a0fb4032fbca') in 0.0144659 seconds
Number of updated asset objects reloaded before import = 0Number of asset objects unloaded after import = 8

========================================================================
Received Import Request.
  Time since last request: 0.000019 seconds.
  path: Assets/Cosmic_Retro_RecreationRoom_FREE/Models/EnvironmentParts/Collider
  artifactKey: Guid(aaf117e28963b2240a05bc2aea41d203) Importer(2089858483,b0f066a214c2f5e87bad3c948f4d605d)
Start importing Assets/Cosmic_Retro_RecreationRoom_FREE/Models/EnvironmentParts/Collider using Guid(aaf117e28963b2240a05bc2aea41d203) Importer(2089858483,b0f066a214c2f5e87bad3c948f4d605d) (ScriptedImporter) -> (artifact id: 'f213dbda96e585283e54bff1efe2418a') in 0.0079937 seconds
Number of updated asset objects reloaded before import = 0Number of asset objects unloaded after import = 1

========================================================================
Received Import Request.
  Time since last request: 11.883734 seconds.
  path: Assets/Cosmic Retro Recreation Room/Textures
  artifactKey: Guid(e74422e769123a64aac8b873a6ea07b7) Importer(2089858483,b0f066a214c2f5e87bad3c948f4d605d)
Start importing Assets/Cosmic Retro Recreation Room/Textures using Guid(e74422e769123a64aac8b873a6ea07b7) Importer(2089858483,b0f066a214c2f5e87bad3c948f4d605d) (ScriptedImporter) -> (artifact id: '0926df0d48d80a0ad3182c25d711e580') in 0.0099319 seconds
Number of updated asset objects reloaded before import = 0Number of asset objects unloaded after import = 1

========================================================================
Received Import Request.
  Time since last request: 0.000023 seconds.
  path: Assets/Cosmic Retro Recreation Room/Prefabs/Props/CRR_Neon_01.prefab
  artifactKey: Guid(c8d9f15ad5d9c614aa310110965cfd1c) Importer(2089858483,b0f066a214c2f5e87bad3c948f4d605d)
Start importing Assets/Cosmic Retro Recreation Room/Prefabs/Props/CRR_Neon_01.prefab using Guid(c8d9f15ad5d9c614aa310110965cfd1c) Importer(2089858483,b0f066a214c2f5e87bad3c948f4d605d) (ScriptedImporter) -> (artifact id: 'd8c7fc8e1dc455338844aa360d6c4dc1') in 0.0140628 seconds
Number of updated asset objects reloaded before import = 0Number of asset objects unloaded after import = 15

========================================================================
Received Import Request.
  Time since last request: 0.000016 seconds.
  path: Assets/Cosmic Retro Recreation Room/Models/Props/Collider/CRR_ArcadeMachine_02_C.fbx
  artifactKey: Guid(beb2de413e8ec114887eed31108ca99e) Importer(2089858483,b0f066a214c2f5e87bad3c948f4d605d)
Start importing Assets/Cosmic Retro Recreation Room/Models/Props/Collider/CRR_ArcadeMachine_02_C.fbx using Guid(beb2de413e8ec114887eed31108ca99e) Importer(2089858483,b0f066a214c2f5e87bad3c948f4d605d) (ScriptedImporter) -> (artifact id: '877d3892e0fc04cd2b69264486226326') in 0.0117088 seconds
Number of updated asset objects reloaded before import = 0Number of asset objects unloaded after import = 7

========================================================================
Received Import Request.
  Time since last request: 0.000023 seconds.
  path: Assets/Cosmic Retro Recreation Room/Models/EnvironmentParts/CRR_Floor_01.fbx
  artifactKey: Guid(44bd7e456aebd4e44b6088a3b509b0be) Importer(2089858483,b0f066a214c2f5e87bad3c948f4d605d)
Start importing Assets/Cosmic Retro Recreation Room/Models/EnvironmentParts/CRR_Floor_01.fbx using Guid(44bd7e456aebd4e44b6088a3b509b0be) Importer(2089858483,b0f066a214c2f5e87bad3c948f4d605d) (ScriptedImporter) -> (artifact id: 'aa289c56fa5d9a4225add81f9e2ef098') in 0.011727 seconds
Number of updated asset objects reloaded before import = 0Number of asset objects unloaded after import = 8

========================================================================
Received Import Request.
  Time since last request: 0.000021 seconds.
  path: Assets/Cosmic Retro Recreation Room/Prefabs/EnvironmentParts/CRR_Floor_01.prefab
  artifactKey: Guid(5b8195f4170330546baaf8069972955e) Importer(2089858483,b0f066a214c2f5e87bad3c948f4d605d)
Start importing Assets/Cosmic Retro Recreation Room/Prefabs/EnvironmentParts/CRR_Floor_01.prefab using Guid(5b8195f4170330546baaf8069972955e) Importer(2089858483,b0f066a214c2f5e87bad3c948f4d605d) (ScriptedImporter) -> (artifact id: '951985c1a48a45a1bd0fe88dd3c3144c') in 0.0103353 seconds
Number of updated asset objects reloaded before import = 0Number of asset objects unloaded after import = 15

========================================================================
Received Import Request.
  Time since last request: 0.000029 seconds.
  path: Assets/Cosmic Retro Recreation Room/DemoScene/DEMO_Retro_RecreationRoom.unity
  artifactKey: Guid(cd82e7ea8e801074a93241844a674e4e) Importer(2089858483,b0f066a214c2f5e87bad3c948f4d605d)
Start importing Assets/Cosmic Retro Recreation Room/DemoScene/DEMO_Retro_RecreationRoom.unity using Guid(cd82e7ea8e801074a93241844a674e4e) Importer(2089858483,b0f066a214c2f5e87bad3c948f4d605d) (ScriptedImporter) -> (artifact id: 'a925b02ac3ac5e07973a04aeac4f18bf') in 0.0090877 seconds
Number of updated asset objects reloaded before import = 0Number of asset objects unloaded after import = 1

========================================================================
Received Import Request.
  Time since last request: 0.000027 seconds.
  path: Assets/Cosmic Retro Recreation Room/Prefabs/Props/CRR_SideTable_01.prefab
  artifactKey: Guid(9ac92fff37085b745b46afeab27d11ea) Importer(2089858483,b0f066a214c2f5e87bad3c948f4d605d)
Start importing Assets/Cosmic Retro Recreation Room/Prefabs/Props/CRR_SideTable_01.prefab using Guid(9ac92fff37085b745b46afeab27d11ea) Importer(2089858483,b0f066a214c2f5e87bad3c948f4d605d) (ScriptedImporter) -> (artifact id: '9600e9f298822bb3bb23aaf33333e49e') in 0.0126494 seconds
Number of updated asset objects reloaded before import = 0Number of asset objects unloaded after import = 15

========================================================================
Received Import Request.
  Time since last request: 0.000015 seconds.
  path: Assets/Cosmic Retro Recreation Room/Textures/Cosmic_Retro_Emissive.png
  artifactKey: Guid(7e9574db2b75e83468244bb042e784e1) Importer(2089858483,b0f066a214c2f5e87bad3c948f4d605d)
Start importing Assets/Cosmic Retro Recreation Room/Textures/Cosmic_Retro_Emissive.png using Guid(7e9574db2b75e83468244bb042e784e1) Importer(2089858483,b0f066a214c2f5e87bad3c948f4d605d) (ScriptedImporter) -> (artifact id: '2d28baad49ead6585dc4c5bea5bb74e5') in 0.0116891 seconds
Number of updated asset objects reloaded before import = 0Number of asset objects unloaded after import = 1

========================================================================
Received Import Request.
  Time since last request: 1.363767 seconds.
  path: Assets/Cosmic Retro Recreation Room/Models/Props/CRR_Neon_01.fbx
  artifactKey: Guid(1d7e15c9ac0f19041b7875e61a7c020c) Importer(815301076,1909f56bfc062723c751e8b465ee728b)
Start importing Assets/Cosmic Retro Recreation Room/Models/Props/CRR_Neon_01.fbx using Guid(1d7e15c9ac0f19041b7875e61a7c020c) Importer(815301076,1909f56bfc062723c751e8b465ee728b) (PreviewImporter) -> (artifact id: '87941c24b8fde9e76ce85f93d74dc422') in 7.2691163 seconds
Number of updated asset objects reloaded before import = 0Number of asset objects unloaded after import = 10

========================================================================
Received Import Request.
  Time since last request: 551.969768 seconds.
  path: Assets/Class 10th (Sound System)/Cosmic Retro Recreation Room/Models/Props
  artifactKey: Guid(5d7b501f70a803241b6ebb7bcbba466a) Importer(2089858483,b0f066a214c2f5e87bad3c948f4d605d)
Start importing Assets/Class 10th (Sound System)/Cosmic Retro Recreation Room/Models/Props using Guid(5d7b501f70a803241b6ebb7bcbba466a) Importer(2089858483,b0f066a214c2f5e87bad3c948f4d605d) (ScriptedImporter) -> (artifact id: 'a30cd7bfff406977a0cbbb527f539e0a') in 0.0082924 seconds
Number of updated asset objects reloaded before import = 0Number of asset objects unloaded after import = 1

========================================================================
Received Import Request.
  Time since last request: 0.000022 seconds.
  path: Assets/Class 10th (Sound System)/Cosmic Retro Recreation Room/Models/Props/CRR_Poster_01.fbx
  artifactKey: Guid(c0c0caf401ee47444b04c558d03901d1) Importer(2089858483,b0f066a214c2f5e87bad3c948f4d605d)
Start importing Assets/Class 10th (Sound System)/Cosmic Retro Recreation Room/Models/Props/CRR_Poster_01.fbx using Guid(c0c0caf401ee47444b04c558d03901d1) Importer(2089858483,b0f066a214c2f5e87bad3c948f4d605d) (ScriptedImporter) -> (artifact id: 'e321c9714ee717208a23e0ae9f0b4229') in 0.013013 seconds
Number of updated asset objects reloaded before import = 0Number of asset objects unloaded after import = 8

========================================================================
Received Import Request.
  Time since last request: 0.000041 seconds.
  path: Assets/Class 10th (Sound System)/Cosmic Retro Recreation Room/Prefabs/Props/CRR_Neon_01.prefab
  artifactKey: Guid(c8d9f15ad5d9c614aa310110965cfd1c) Importer(2089858483,b0f066a214c2f5e87bad3c948f4d605d)
Start importing Assets/Class 10th (Sound System)/Cosmic Retro Recreation Room/Prefabs/Props/CRR_Neon_01.prefab using Guid(c8d9f15ad5d9c614aa310110965cfd1c) Importer(2089858483,b0f066a214c2f5e87bad3c948f4d605d) (ScriptedImporter) -> (artifact id: '9f466886230f138bf1f8e474c658d462') in 0.0167774 seconds
Number of updated asset objects reloaded before import = 0Number of asset objects unloaded after import = 15

========================================================================
Received Import Request.
  Time since last request: 0.000056 seconds.
  path: Assets/Class 10th (Sound System)/Cosmic Retro Recreation Room/Prefabs/Props/CRR_Poster_01.prefab
  artifactKey: Guid(7e70a2ad27ead4f4ebf75328d0fc8978) Importer(2089858483,b0f066a214c2f5e87bad3c948f4d605d)
Start importing Assets/Class 10th (Sound System)/Cosmic Retro Recreation Room/Prefabs/Props/CRR_Poster_01.prefab using Guid(7e70a2ad27ead4f4ebf75328d0fc8978) Importer(2089858483,b0f066a214c2f5e87bad3c948f4d605d) (ScriptedImporter) -> (artifact id: 'f6d989020ffd84e3ae0ff294ef3f6c44') in 0.0127694 seconds
Number of updated asset objects reloaded before import = 0Number of asset objects unloaded after import = 15

========================================================================
Received Import Request.
  Time since last request: 0.000041 seconds.
  path: Assets/Class 10th (Sound System)/Cosmic Retro Recreation Room/Models/Props/CRR_ArcadeMachine_02.fbx
  artifactKey: Guid(76c74928484dbea4eb7f87df0e584d2e) Importer(2089858483,b0f066a214c2f5e87bad3c948f4d605d)
Start importing Assets/Class 10th (Sound System)/Cosmic Retro Recreation Room/Models/Props/CRR_ArcadeMachine_02.fbx using Guid(76c74928484dbea4eb7f87df0e584d2e) Importer(2089858483,b0f066a214c2f5e87bad3c948f4d605d) (ScriptedImporter) -> (artifact id: 'ba495cf14af95468d298d8f0b3ad6c22') in 0.0122084 seconds
Number of updated asset objects reloaded before import = 0Number of asset objects unloaded after import = 8

========================================================================
Received Import Request.
  Time since last request: 0.000023 seconds.
  path: Assets/Class 10th (Sound System)/Cosmic Retro Recreation Room/Models
  artifactKey: Guid(8f825a80def2d2e4fb8d3ce0b2d347d2) Importer(2089858483,b0f066a214c2f5e87bad3c948f4d605d)
Start importing Assets/Class 10th (Sound System)/Cosmic Retro Recreation Room/Models using Guid(8f825a80def2d2e4fb8d3ce0b2d347d2) Importer(2089858483,b0f066a214c2f5e87bad3c948f4d605d) (ScriptedImporter) -> (artifact id: '0133e7c0453d366007d263951fc7cb41') in 0.0071679 seconds
Number of updated asset objects reloaded before import = 0Number of asset objects unloaded after import = 1

========================================================================
Received Import Request.
  Time since last request: 0.000026 seconds.
  path: Assets/Class 10th (Sound System)/Cosmic Retro Recreation Room/Prefabs/Props/CRR_ArcadeMachine_02.prefab
  artifactKey: Guid(95bde276ab56a7e48804e4cda89a4e15) Importer(2089858483,b0f066a214c2f5e87bad3c948f4d605d)
Start importing Assets/Class 10th (Sound System)/Cosmic Retro Recreation Room/Prefabs/Props/CRR_ArcadeMachine_02.prefab using Guid(95bde276ab56a7e48804e4cda89a4e15) Importer(2089858483,b0f066a214c2f5e87bad3c948f4d605d) (ScriptedImporter) -> (artifact id: '515249cb3fed8b0eb74a8ad6027eab77') in 0.012498 seconds
Number of updated asset objects reloaded before import = 0Number of asset objects unloaded after import = 16

========================================================================
Received Import Request.
  Time since last request: 0.000026 seconds.
  path: Assets/Class 10th (Sound System)/Cosmic Retro Recreation Room/Models/EnvironmentParts/CRR_Floor_01.fbx
  artifactKey: Guid(44bd7e456aebd4e44b6088a3b509b0be) Importer(2089858483,b0f066a214c2f5e87bad3c948f4d605d)
Start importing Assets/Class 10th (Sound System)/Cosmic Retro Recreation Room/Models/EnvironmentParts/CRR_Floor_01.fbx using Guid(44bd7e456aebd4e44b6088a3b509b0be) Importer(2089858483,b0f066a214c2f5e87bad3c948f4d605d) (ScriptedImporter) -> (artifact id: 'e7b9cd75783380b39aa776451930baf2') in 0.0123904 seconds
Number of updated asset objects reloaded before import = 0Number of asset objects unloaded after import = 8

========================================================================
Received Import Request.
  Time since last request: 0.000025 seconds.
  path: Assets/Class 10th (Sound System)/Cosmic Retro Recreation Room/Models/EnvironmentParts/Collider/CRR_Wall_1U_Double_C.fbx
  artifactKey: Guid(5fa1580ba548023499c02a9e709e4eb5) Importer(2089858483,b0f066a214c2f5e87bad3c948f4d605d)
Start importing Assets/Class 10th (Sound System)/Cosmic Retro Recreation Room/Models/EnvironmentParts/Collider/CRR_Wall_1U_Double_C.fbx using Guid(5fa1580ba548023499c02a9e709e4eb5) Importer(2089858483,b0f066a214c2f5e87bad3c948f4d605d) (ScriptedImporter) -> (artifact id: '58805f4dd7b6a1ae56f21a1a999d7318') in 0.011506 seconds
Number of updated asset objects reloaded before import = 0Number of asset objects unloaded after import = 7

========================================================================
Received Import Request.
  Time since last request: 0.000068 seconds.
  path: Assets/Class 10th (Sound System)/Cosmic Retro Recreation Room/Textures/Cosmic_Retro_Albedo.png
  artifactKey: Guid(bd943555004780646a987860d195f997) Importer(2089858483,b0f066a214c2f5e87bad3c948f4d605d)
Start importing Assets/Class 10th (Sound System)/Cosmic Retro Recreation Room/Textures/Cosmic_Retro_Albedo.png using Guid(bd943555004780646a987860d195f997) Importer(2089858483,b0f066a214c2f5e87bad3c948f4d605d) (ScriptedImporter) -> (artifact id: '115de94257f34f2115c1b7aaa651dde6') in 0.0133851 seconds
Number of updated asset objects reloaded before import = 0Number of asset objects unloaded after import = 1

========================================================================
Received Import Request.
  Time since last request: 0.000027 seconds.
  path: Assets/Class 10th (Sound System)/Cosmic Retro Recreation Room/Models/EnvironmentParts/CRR_Wall_1U_Double.fbx
  artifactKey: Guid(9365ac84a4765e848ab76e678d939552) Importer(2089858483,b0f066a214c2f5e87bad3c948f4d605d)
Start importing Assets/Class 10th (Sound System)/Cosmic Retro Recreation Room/Models/EnvironmentParts/CRR_Wall_1U_Double.fbx using Guid(9365ac84a4765e848ab76e678d939552) Importer(2089858483,b0f066a214c2f5e87bad3c948f4d605d) (ScriptedImporter) -> (artifact id: '5344ee140488236928f6e40bbfd4caf3') in 0.0212752 seconds
Number of updated asset objects reloaded before import = 0Number of asset objects unloaded after import = 8

========================================================================
Received Import Request.
  Time since last request: 0.000036 seconds.
  path: Assets/Class 10th (Sound System)/Cosmic Retro Recreation Room/Prefabs/Props
  artifactKey: Guid(be718f7acc7e0a849beb0124221d581b) Importer(2089858483,b0f066a214c2f5e87bad3c948f4d605d)
Start importing Assets/Class 10th (Sound System)/Cosmic Retro Recreation Room/Prefabs/Props using Guid(be718f7acc7e0a849beb0124221d581b) Importer(2089858483,b0f066a214c2f5e87bad3c948f4d605d) (ScriptedImporter) -> (artifact id: '5fe20f119b6731967c7c9020068187be') in 0.0086739 seconds
Number of updated asset objects reloaded before import = 0Number of asset objects unloaded after import = 1

========================================================================
Received Import Request.
  Time since last request: 0.000037 seconds.
  path: Assets/Class 10th (Sound System)/Cosmic Retro Recreation Room/Prefabs/Props/CRR_PizzaBox_Open_Full_01.prefab
  artifactKey: Guid(722bb9a11ef1bd34fb9d9c1f90e7849a) Importer(2089858483,b0f066a214c2f5e87bad3c948f4d605d)
Start importing Assets/Class 10th (Sound System)/Cosmic Retro Recreation Room/Prefabs/Props/CRR_PizzaBox_Open_Full_01.prefab using Guid(722bb9a11ef1bd34fb9d9c1f90e7849a) Importer(2089858483,b0f066a214c2f5e87bad3c948f4d605d) (ScriptedImporter) -> (artifact id: 'ddc5329b4f7a9a9a770c74b2db5c80d1') in 0.0149192 seconds
Number of updated asset objects reloaded before import = 0Number of asset objects unloaded after import = 24

========================================================================
Received Import Request.
  Time since last request: 0.000026 seconds.
  path: Assets/Class 10th (Sound System)/Cosmic Retro Recreation Room/Models/Props/Collider
  artifactKey: Guid(0c65a0481f0fee24a86c9d47f52196c7) Importer(2089858483,b0f066a214c2f5e87bad3c948f4d605d)
Start importing Assets/Class 10th (Sound System)/Cosmic Retro Recreation Room/Models/Props/Collider using Guid(0c65a0481f0fee24a86c9d47f52196c7) Importer(2089858483,b0f066a214c2f5e87bad3c948f4d605d) (ScriptedImporter) -> (artifact id: 'af8bd236383ea100ef971750ebedd45e') in 0.0102069 seconds
Number of updated asset objects reloaded before import = 0Number of asset objects unloaded after import = 1

========================================================================
Received Import Request.
  Time since last request: 0.000042 seconds.
  path: Assets/Class 10th (Sound System)/Cosmic Retro Recreation Room/Models/Props/CRR_Dartboard.fbx
  artifactKey: Guid(95a229a4c74e04943a1579e23d38b096) Importer(2089858483,b0f066a214c2f5e87bad3c948f4d605d)
Start importing Assets/Class 10th (Sound System)/Cosmic Retro Recreation Room/Models/Props/CRR_Dartboard.fbx using Guid(95a229a4c74e04943a1579e23d38b096) Importer(2089858483,b0f066a214c2f5e87bad3c948f4d605d) (ScriptedImporter) -> (artifact id: 'c4b5dd7130296ddd2e2a41530c77534d') in 0.0132595 seconds
Number of updated asset objects reloaded before import = 0Number of asset objects unloaded after import = 8

========================================================================
Received Import Request.
  Time since last request: 0.000044 seconds.
  path: Assets/Class 10th (Sound System)/Cosmic Retro Recreation Room/Prefabs/Props/CRR_RetroConsole_01.prefab
  artifactKey: Guid(0c4a1e6b5bb1a7445ab57834753feeb8) Importer(2089858483,b0f066a214c2f5e87bad3c948f4d605d)
Start importing Assets/Class 10th (Sound System)/Cosmic Retro Recreation Room/Prefabs/Props/CRR_RetroConsole_01.prefab using Guid(0c4a1e6b5bb1a7445ab57834753feeb8) Importer(2089858483,b0f066a214c2f5e87bad3c948f4d605d) (ScriptedImporter) -> (artifact id: '13addc9b23a4b9ce05d3e85f93de68aa') in 0.0117215 seconds
Number of updated asset objects reloaded before import = 0Number of asset objects unloaded after import = 15

========================================================================
Received Import Request.
  Time since last request: 0.000027 seconds.
  path: Assets/Class 10th (Sound System)/Cosmic Retro Recreation Room/DemoScene/DEMO_Retro_RecreationRoom.unity
  artifactKey: Guid(cd82e7ea8e801074a93241844a674e4e) Importer(2089858483,b0f066a214c2f5e87bad3c948f4d605d)
Start importing Assets/Class 10th (Sound System)/Cosmic Retro Recreation Room/DemoScene/DEMO_Retro_RecreationRoom.unity using Guid(cd82e7ea8e801074a93241844a674e4e) Importer(2089858483,b0f066a214c2f5e87bad3c948f4d605d) (ScriptedImporter) -> (artifact id: '810394fb9698833449bbcd77a72b5804') in 0.0101404 seconds
Number of updated asset objects reloaded before import = 0Number of asset objects unloaded after import = 1

========================================================================
Received Import Request.
  Time since last request: 0.000028 seconds.
  path: Assets/Class 10th (Sound System)/Cosmic Retro Recreation Room/Prefabs/Props/CRR_SoftDrink_01.prefab
  artifactKey: Guid(b849c2861a4420249a3318195ef57c50) Importer(2089858483,b0f066a214c2f5e87bad3c948f4d605d)
Start importing Assets/Class 10th (Sound System)/Cosmic Retro Recreation Room/Prefabs/Props/CRR_SoftDrink_01.prefab using Guid(b849c2861a4420249a3318195ef57c50) Importer(2089858483,b0f066a214c2f5e87bad3c948f4d605d) (ScriptedImporter) -> (artifact id: '1b84278bf0cc2a00f2d44e1910762210') in 0.0123048 seconds
Number of updated asset objects reloaded before import = 0Number of asset objects unloaded after import = 15

========================================================================
Received Import Request.
  Time since last request: 0.000028 seconds.
  path: Assets/Class 10th (Sound System)/Cosmic Retro Recreation Room/Textures/Cosmic_Retro_Emissive.png
  artifactKey: Guid(7e9574db2b75e83468244bb042e784e1) Importer(2089858483,b0f066a214c2f5e87bad3c948f4d605d)
Start importing Assets/Class 10th (Sound System)/Cosmic Retro Recreation Room/Textures/Cosmic_Retro_Emissive.png using Guid(7e9574db2b75e83468244bb042e784e1) Importer(2089858483,b0f066a214c2f5e87bad3c948f4d605d) (ScriptedImporter) -> (artifact id: 'ea89afe36db59dcf96892fde9d4bc2e2') in 0.0120643 seconds
Number of updated asset objects reloaded before import = 0Number of asset objects unloaded after import = 1

========================================================================
Received Import Request.
  Time since last request: 0.000029 seconds.
  path: Assets/Class 10th (Sound System)/Cosmic Retro Recreation Room/Prefabs/Props/CRR_Dartboard.prefab
  artifactKey: Guid(416d0c6c8b22d764eaeabb9882a499cc) Importer(2089858483,b0f066a214c2f5e87bad3c948f4d605d)
Start importing Assets/Class 10th (Sound System)/Cosmic Retro Recreation Room/Prefabs/Props/CRR_Dartboard.prefab using Guid(416d0c6c8b22d764eaeabb9882a499cc) Importer(2089858483,b0f066a214c2f5e87bad3c948f4d605d) (ScriptedImporter) -> (artifact id: '50ecca8f52d0d1c66a79966cc72b74cd') in 0.0125264 seconds
Number of updated asset objects reloaded before import = 0Number of asset objects unloaded after import = 16

========================================================================
Received Import Request.
  Time since last request: 0.000027 seconds.
  path: Assets/Class 10th (Sound System)/Cosmic Retro Recreation Room/Models/Props/Collider/CRR_Dartboard_C.fbx
  artifactKey: Guid(2a0dbcbb829e2bf46a4542bd037bb66d) Importer(2089858483,b0f066a214c2f5e87bad3c948f4d605d)
Start importing Assets/Class 10th (Sound System)/Cosmic Retro Recreation Room/Models/Props/Collider/CRR_Dartboard_C.fbx using Guid(2a0dbcbb829e2bf46a4542bd037bb66d) Importer(2089858483,b0f066a214c2f5e87bad3c948f4d605d) (ScriptedImporter) -> (artifact id: '895aaa2220ab70dbf424c3d8c6e68760') in 0.0155965 seconds
Number of updated asset objects reloaded before import = 0Number of asset objects unloaded after import = 7

========================================================================
Received Import Request.
  Time since last request: 34.506520 seconds.
  path: Assets/Class 10th (Sound System)/Audios/kakaist-glitch-sfx-312910.mp3
  artifactKey: Guid(d3009799004256e4e8aa8202f78a3667) Importer(815301076,1909f56bfc062723c751e8b465ee728b)
Start importing Assets/Class 10th (Sound System)/Audios/kakaist-glitch-sfx-312910.mp3 using Guid(d3009799004256e4e8aa8202f78a3667) Importer(815301076,1909f56bfc062723c751e8b465ee728b) (PreviewImporter) -> (artifact id: 'b0d71292976286270e8fa5e25901a043') in 0.0315116 seconds
Number of updated asset objects reloaded before import = 0Number of asset objects unloaded after import = 2

========================================================================
Received Import Request.
  Time since last request: 0.808213 seconds.
  path: Assets/Class 10th (Sound System)/Audios/soundshelfstudio-ui-switch-off-516361.mp3
  artifactKey: Guid(e64416bbe2b00144aab6c6556d1b16ea) Importer(2089858483,b0f066a214c2f5e87bad3c948f4d605d)
Start importing Assets/Class 10th (Sound System)/Audios/soundshelfstudio-ui-switch-off-516361.mp3 using Guid(e64416bbe2b00144aab6c6556d1b16ea) Importer(2089858483,b0f066a214c2f5e87bad3c948f4d605d) (ScriptedImporter) -> (artifact id: '7b1aaac4d04e46df0f5aee3022086800') in 0.0338863 seconds
Number of updated asset objects reloaded before import = 0Number of asset objects unloaded after import = 1

Editor requested this worker to shutdown with reason: Scaling down because of idle timeout
AssetImportWorker is now disconnected from the server
Process exiting
Exiting without the bug reporter. Application will terminate with return code 0