[Licensing::Module] Trying to connect to existing licensing client channel...
Built from '6000.3/staging' branch; Version is '6000.3.15f1 (c1aa84e375f6) revision 12692100'; Using compiler version '194234433'; Build Type 'Release'
OS: 'Windows 10  (10.0.19045) 64bit Professional' Language: 'ko' Physical Memory: 32478 MB
[Licensing::IpcConnector] Successfully connected to: "LicenseClient-Administrator" at "2026-06-08T11:18:52.2080865Z"
BatchMode: 1, IsHumanControllingUs: 0, StartBugReporterOnCrash: 0, Is64bit: 1
System  architecture: x64
Process architecture: x64
Date: 2026-06-08T11:18:52Z

COMMAND LINE ARGUMENTS:
C:\Program Files\Unity\Hub\Editor\6000.3.15f1\Editor\Unity.exe
-adb2
-batchMode
-noUpm
-name
AssetImportWorker0
-projectPath
C:/Users/Administrator/Desktop/Game-Engine/Program
-logFile
Logs/AssetImportWorker0.log
-srvPort
50630
-licensingIpc
LicenseClient-Administrator
-job-worker-count
13
-background-job-worker-count
8
-gc-helper-count
1
-name
AssetImport
Successfully changed project path to: C:/Users/Administrator/Desktop/Game-Engine/Program
C:/Users/Administrator/Desktop/Game-Engine/Program
[UnityMemory] Configuration Parameters - Can be set up in boot.config
    "memorysetup-temp-allocator-size-nav-mesh-worker=65536"
    "memorysetup-temp-allocator-size-audio-worker=65536"
    "memorysetup-temp-allocator-size-gfx=262144"
    "memorysetup-allocator-temp-initial-block-size-main=262144"
    "memorysetup-allocator-temp-initial-block-size-worker=262144"
    "memorysetup-temp-allocator-size-background-worker=32768"
    "memorysetup-temp-allocator-size-job-worker=262144"
    "memorysetup-temp-allocator-size-preload-manager=33554432"
    "memorysetup-temp-allocator-size-gi-baking-worker=262144"
    "memorysetup-temp-allocator-size-gi-baking-worker=262144"
    "memorysetup-temp-allocator-size-gi-baking-worker=262144"
    "memorysetup-temp-allocator-size-gi-baking-worker=262144"
    "memorysetup-temp-allocator-size-gi-baking-worker=262144"
    "memorysetup-bucket-allocator-granularity=16"
    "memorysetup-bucket-allocator-bucket-count=8"
    "memorysetup-bucket-allocator-block-size=33554432"
    "memorysetup-bucket-allocator-block-count=8"
    "memorysetup-main-allocator-block-size=16777216"
    "memorysetup-thread-allocator-block-size=16777216"
    "memorysetup-gfx-main-allocator-block-size=16777216"
    "memorysetup-gfx-thread-allocator-block-size=16777216"
    "memorysetup-cache-allocator-block-size=4194304"
    "memorysetup-typetree-allocator-block-size=2097152"
    "memorysetup-profiler-bucket-allocator-granularity=16"
    "memorysetup-profiler-bucket-allocator-bucket-count=8"
    "memorysetup-profiler-bucket-allocator-block-size=33554432"
    "memorysetup-profiler-bucket-allocator-block-count=8"
    "memorysetup-profiler-allocator-block-size=16777216"
    "memorysetup-profiler-editor-allocator-block-size=1048576"
    "memorysetup-temp-allocator-size-main=16777216"
    "memorysetup-job-temp-allocator-block-size=2097152"
    "memorysetup-job-temp-allocator-block-size-background=1048576"
    "memorysetup-job-temp-allocator-reduction-small-platforms=262144"
    "memorysetup-temp-allocator-size-cloud-worker=32768"
Player connection [17548]  Target information:

Player connection [17548]  * "[IP] 192.168.0.94 [Port] 0 [Flags] 2 [Guid] 2682209715 [EditorId] 2682209715 [Version] 1048832 [Id] WindowsEditor(7,DESKTOP-MSMA3UP) [Debug] 1 [PackageName] WindowsEditor [ProjectName] Editor" 

Player connection [17548] Host joined multi-casting on [225.0.0.222:54997]...
Player connection [17548] Host joined alternative multi-casting on [225.0.0.222:34997]...
JobSystem: Creating JobQueue using job-worker-count value 13
Input System module state changed to: Initialized.
[Physics::Module] Initialized fallback backend.
[Physics::Module] Id: 0xdecafbad
Library Redirect Path: Library/
[Physics::Module] Selected backend.
[Physics::Module] Name: PhysX
[Physics::Module] Id: 0xf2b8ea05
[Physics::Module] SDK Version: 4.1.2
[Physics::Module] Integration Version: 1.0.0
[Physics::Module] Threading Mode: Multi-Threaded
Refreshing native plugins compatible for Editor in 3.48 ms, found 4 plugins.
Preloading 0 native plugins for Editor in 0.00 ms.
Initialize engine version: 6000.3.15f1 (c1aa84e375f6)
[Subsystems] Discovering subsystems at path C:/Program Files/Unity/Hub/Editor/6000.3.15f1/Editor/Data/Resources/UnitySubsystems
[Subsystems] Discovering subsystems at path C:/Users/Administrator/Desktop/Game-Engine/Program/Assets
GfxDevice: creating device client; kGfxThreadingModeNonThreaded
Direct3D:
    Version:  Direct3D 11.0 [level 11.1]
    Renderer: NVIDIA GeForce RTX 5060 Ti (ID=0x2d04)
    Vendor:   NVIDIA
    VRAM:     16050 MB
    Driver:   32.0.15.9636
Initialize mono
Mono path[0] = 'C:/Program Files/Unity/Hub/Editor/6000.3.15f1/Editor/Data/Managed'
Mono path[1] = 'C:/Program Files/Unity/Hub/Editor/6000.3.15f1/Editor/Data/MonoBleedingEdge/lib/mono/unityjit-win32'
Mono config path = 'C:/Program Files/Unity/Hub/Editor/6000.3.15f1/Editor/Data/MonoBleedingEdge/etc'
Using monoOptions --debugger-agent=transport=dt_socket,embedding=1,server=y,suspend=n,address=127.0.0.1:56236
Begin MonoManager ReloadAssembly
Registering precompiled unity dll's ...
Register platform support module: C:/Program Files/Unity/Hub/Editor/6000.3.15f1/Editor/Data/PlaybackEngines/WindowsStandaloneSupport/UnityEditor.WindowsStandalone.Extensions.dll
Registered in 0.001080 seconds.
- Loaded All Assemblies, in  0.411 seconds
[Licensing::Client] Error: HandshakeResponse reported an error:
	ResponseCode: 505
	ResponseStatus: Unsupported protocol version '1.18.1'.
[Licensing::Module] Error: Failed to handshake to channel: "LicenseClient-Administrator"
[Licensing::IpcConnector] LicenseClient-Administrator channel disconnected successfully.
[Licensing::IpcConnector] Successfully connected to: "LicenseClient-Administrator-6000.3.15" at "2026-06-08T11:18:53.0669497Z"
[Licensing::Client] Code 10 while verifying Licensing Client signature (process Id: 9452, path: "C:/Program Files/Unity/Hub/Editor/6000.3.15f1/Editor/Data/Resources/Licensing/Client/Unity.Licensing.Client.exe")
[Licensing::Module] LicensingClient has failed validation; ignoring
[Licensing::Client] Handshaking with LicensingClient:
  Version:                 1.18.1+9fbee8e
  Session Id:              349beed054d14e149f9dbd184dcc501a
  Correlation Id:          96010f41118b9d72c4fe35652fbda7a9
  External correlation Id: 1582771566245369157
  Machine Id:              SvejmJGsl/EFmq0OAjofjZYOfss=
[Licensing::Module] Successfully connected to LicensingClient on channel: "LicenseClient-Administrator-6000.3.15" (connect: 0.01s, validation: 0.00s, handshake: 0.00s)
[Licensing::IpcConnector] Successfully connected to: "LicenseClient-Administrator-6000.3.15-notifications" at "2026-06-08T11:18:53.0725154Z"
[Licensing::Module] Licensing Background thread has ended after 0.86s
Native extension for WindowsStandalone target not found
Package Manager log level set to [2]
[Package Manager] Failed to launch server process. Reason: Unity was launched with the -noUpm command-line argument
[Package Manager] Unable to send message (not connected to server process).
[Package Manager] Cannot connect to Unity Package Manager local server
ScheduleIndexationOnStartup MainProcess:False IndexOnStartup:True
Mono: successfully reloaded assembly
- Finished resetting the current domain, in  0.411 seconds
Domain Reload Profiling: 821ms
	BeginReloadAssembly (137ms)
		ExecutionOrderSort (0ms)
		DisableScriptedObjects (0ms)
		BackupInstance (0ms)
		ReleaseScriptingObjects (0ms)
		CreateAndSetChildDomain (1ms)
	RebuildCommonClasses (37ms)
	RebuildNativeTypeToScriptingClass (16ms)
	initialDomainReloadingComplete (45ms)
	LoadAllAssembliesAndSetupDomain (175ms)
		LoadAssemblies (135ms)
		RebuildTransferFunctionScriptingTraits (0ms)
		AnalyzeDomain (172ms)
			TypeCache.Refresh (170ms)
				TypeCache.ScanAssembly (152ms)
			BuildScriptInfoCaches (0ms)
			ResolveRequiredComponents (1ms)
	FinalizeReload (412ms)
		ReleaseScriptCaches (0ms)
		RebuildScriptCaches (0ms)
		SetupLoadedEditorAssemblies (360ms)
			LogAssemblyErrors (0ms)
			InitializePlatformSupportModulesInManaged (48ms)
			SetLoadedEditorAssemblies (4ms)
			BeforeProcessingInitializeOnLoad (86ms)
			ProcessInitializeOnLoadAttributes (145ms)
			ProcessInitializeOnLoadMethodAttributes (77ms)
			AfterProcessingInitializeOnLoad (0ms)
			EditorAssembliesLoaded (0ms)
		ExecutionOrderSort2 (0ms)
		AwakeInstancesAfterBackupRestoration (0ms)
========================================================================
Worker process is ready to serve import requests
Import Worker Mode flag is 0x00
Begin MonoManager ReloadAssembly
[Licensing::Client] Successfully resolved entitlement details
[Licensing::Module] License group:
  Id: 14569174559127-UnityPersXXXX
  Product: Unity Personal
  Type: Assigned
  Expiration: Unlimited
- Loaded All Assemblies, in  0.796 seconds
Refreshing native plugins compatible for Editor in 0.89 ms, found 4 plugins.
Native extension for WindowsStandalone target not found
[Package Manager] Failed to launch server process. Reason: Unity was launched with the -noUpm command-line argument
[Package Manager] Unable to send message (not connected to server process).
[Package Manager] Cannot connect to Unity Package Manager local server
Refreshing native plugins compatible for Editor in 1.14 ms, found 4 plugins.
[Package Manager] Failed to launch server process. Reason: Unity was launched with the -noUpm command-line argument
[Package Manager] Unable to send message (not connected to server process).
[Package Manager] Cannot connect to Unity Package Manager local server
ScheduleIndexationOnStartup MainProcess:False IndexOnStartup:True
Mono: successfully reloaded assembly
- Finished resetting the current domain, in  0.753 seconds
Domain Reload Profiling: 1548ms
	BeginReloadAssembly (183ms)
		ExecutionOrderSort (0ms)
		DisableScriptedObjects (6ms)
		BackupInstance (0ms)
		ReleaseScriptingObjects (0ms)
		CreateAndSetChildDomain (29ms)
	RebuildCommonClasses (37ms)
	RebuildNativeTypeToScriptingClass (14ms)
	initialDomainReloadingComplete (37ms)
	LoadAllAssembliesAndSetupDomain (523ms)
		LoadAssemblies (351ms)
		RebuildTransferFunctionScriptingTraits (0ms)
		AnalyzeDomain (277ms)
			TypeCache.Refresh (181ms)
				TypeCache.ScanAssembly (164ms)
			BuildScriptInfoCaches (83ms)
			ResolveRequiredComponents (10ms)
	FinalizeReload (753ms)
		ReleaseScriptCaches (0ms)
		RebuildScriptCaches (0ms)
		SetupLoadedEditorAssemblies (546ms)
			LogAssemblyErrors (0ms)
			InitializePlatformSupportModulesInManaged (2ms)
			SetLoadedEditorAssemblies (3ms)
			BeforeProcessingInitializeOnLoad (132ms)
			ProcessInitializeOnLoadAttributes (339ms)
			ProcessInitializeOnLoadMethodAttributes (68ms)
			AfterProcessingInitializeOnLoad (2ms)
			EditorAssembliesLoaded (0ms)
		ExecutionOrderSort2 (0ms)
		AwakeInstancesAfterBackupRestoration (6ms)
Launched and connected shader compiler UnityShaderCompiler.exe after 0.01 seconds
Refreshing native plugins compatible for Editor in 1.26 ms, found 4 plugins.
Preloading 0 native plugins for Editor in 0.00 ms.
Unloading 16 Unused Serialized files (Serialized files now loaded: 0)
Unloading 6445 unused Assets / (4.1 MB). Loaded Objects now: 7241.
Memory consumption went from 153.1 MB to 149.0 MB.
Total: 9.163200 ms (FindLiveObjects: 1.042100 ms CreateObjectMapping: 0.439900 ms MarkObjects: 5.216100 ms  DeleteObjects: 2.463600 ms)

========================================================================
Received Import Request.
  Time since last request: 8973.556098 seconds.
  path: Assets/Class 11th (Light)/Scenes/Class 11th (Light)
  artifactKey: Guid(ce84b4a3cc01ca5488f186f0396717c4) Importer(2089858483,b0f066a214c2f5e87bad3c948f4d605d)
Start importing Assets/Class 11th (Light)/Scenes/Class 11th (Light) using Guid(ce84b4a3cc01ca5488f186f0396717c4) Importer(2089858483,b0f066a214c2f5e87bad3c948f4d605d) (ScriptedImporter) -> (artifact id: 'b60934c6c9e833026b7c8fac0e189906') in 0.0513641 seconds
Number of updated asset objects reloaded before import = 0Number of asset objects unloaded after import = 1

========================================================================
Received Import Request.
  Time since last request: 0.000020 seconds.
  path: Assets/Class 11th (Light)/Scenes/Class 11th (Light)/Lightmap-0_comp_light.exr
  artifactKey: Guid(60947a3bc54b17246807a53487e7de50) Importer(2089858483,b0f066a214c2f5e87bad3c948f4d605d)
Start importing Assets/Class 11th (Light)/Scenes/Class 11th (Light)/Lightmap-0_comp_light.exr using Guid(60947a3bc54b17246807a53487e7de50) Importer(2089858483,b0f066a214c2f5e87bad3c948f4d605d) (ScriptedImporter) -> (artifact id: 'ed7be7439ab6b6283502809b985e2302') in 0.0793424 seconds
Number of updated asset objects reloaded before import = 0Number of asset objects unloaded after import = 1

========================================================================
Received Import Request.
  Time since last request: 26.502942 seconds.
  path: Assets/Class 11th (Light)/Scenes/Class 11th (Light)/Lightmap-0_comp_dir.png
  artifactKey: Guid(894c49de0a67f834c8d507e3b7461dc0) Importer(815301076,1909f56bfc062723c751e8b465ee728b)
Start importing Assets/Class 11th (Light)/Scenes/Class 11th (Light)/Lightmap-0_comp_dir.png using Guid(894c49de0a67f834c8d507e3b7461dc0) Importer(815301076,1909f56bfc062723c751e8b465ee728b) (PreviewImporter) -> (artifact id: 'd3f29df27f937f6273bf8b2480d64cb8') in 0.0529788 seconds
Number of updated asset objects reloaded before import = 0Number of asset objects unloaded after import = 2

========================================================================
Received Import Request.
  Time since last request: 50.313172 seconds.
  path: Assets/Class 11th (Light)/Scenes/Class 11th (Light)/Lightmap-0_comp_dir.png
  artifactKey: Guid(894c49de0a67f834c8d507e3b7461dc0) Importer(815301076,1909f56bfc062723c751e8b465ee728b)
Start importing Assets/Class 11th (Light)/Scenes/Class 11th (Light)/Lightmap-0_comp_dir.png using Guid(894c49de0a67f834c8d507e3b7461dc0) Importer(815301076,1909f56bfc062723c751e8b465ee728b) (PreviewImporter) -> (artifact id: '452be7c1f4b2549ce114aa97f455c1aa') in 0.0096168 seconds
Number of updated asset objects reloaded before import = 0Number of asset objects unloaded after import = 2

========================================================================
Received Import Request.
  Time since last request: 82.605842 seconds.
  path: Assets/Class 11th (Light)/Scenes/Class 11th (Light)/LightingData.asset
  artifactKey: Guid(4bbc5bb054a7d39408fb8c3a60131c7f) Importer(815301076,1909f56bfc062723c751e8b465ee728b)
Start importing Assets/Class 11th (Light)/Scenes/Class 11th (Light)/LightingData.asset using Guid(4bbc5bb054a7d39408fb8c3a60131c7f) Importer(815301076,1909f56bfc062723c751e8b465ee728b) (PreviewImporter) -> (artifact id: 'c3213d668283c7c04d964be24aeaabf2') in 0.0012426 seconds
Number of updated asset objects reloaded before import = 0Number of asset objects unloaded after import = 2

========================================================================
Received Import Request.
  Time since last request: 0.000016 seconds.
  path: Assets/Class 11th (Light)/Scenes/Class 11th (Light)/Lightmap-0_comp_light.exr
  artifactKey: Guid(60947a3bc54b17246807a53487e7de50) Importer(815301076,1909f56bfc062723c751e8b465ee728b)
Start importing Assets/Class 11th (Light)/Scenes/Class 11th (Light)/Lightmap-0_comp_light.exr using Guid(60947a3bc54b17246807a53487e7de50) Importer(815301076,1909f56bfc062723c751e8b465ee728b) (PreviewImporter) -> (artifact id: '9290d228d3c99710967dc52538c0448b') in 0.0185833 seconds
Number of updated asset objects reloaded before import = 0Number of asset objects unloaded after import = 2

========================================================================
Received Import Request.
  Time since last request: 14.126314 seconds.
  path: Assets/Class 11th (Light)/Scenes/Class 11th (Light)/LightingData.asset
  artifactKey: Guid(4bbc5bb054a7d39408fb8c3a60131c7f) Importer(815301076,1909f56bfc062723c751e8b465ee728b)
Start importing Assets/Class 11th (Light)/Scenes/Class 11th (Light)/LightingData.asset using Guid(4bbc5bb054a7d39408fb8c3a60131c7f) Importer(815301076,1909f56bfc062723c751e8b465ee728b) (PreviewImporter) -> (artifact id: '6bcd244148c7c878fc88fc298ff3e7d1') in 0.0013465 seconds
Number of updated asset objects reloaded before import = 0Number of asset objects unloaded after import = 2

========================================================================
Received Import Request.
  Time since last request: 383.244583 seconds.
  path: Assets/Class 11th (Light)/Scenes/Class 11th (Light)/New Lighting Settings.lighting
  artifactKey: Guid(0ad135a7ea313a8468651765715fc76d) Importer(815301076,1909f56bfc062723c751e8b465ee728b)
Start importing Assets/Class 11th (Light)/Scenes/Class 11th (Light)/New Lighting Settings.lighting using Guid(0ad135a7ea313a8468651765715fc76d) Importer(815301076,1909f56bfc062723c751e8b465ee728b) (PreviewImporter) -> (artifact id: 'aa7aca3e643f4a9f2948e921d20bf31f') in 0.0012035 seconds
Number of updated asset objects reloaded before import = 0Number of asset objects unloaded after import = 1

========================================================================
Received Import Request.
  Time since last request: 0.955497 seconds.
  path: Assets/Class 11th (Light)/Scenes/Class 11th (Light)/New Lighting Settings.lighting
  artifactKey: Guid(0ad135a7ea313a8468651765715fc76d) Importer(2089858483,b0f066a214c2f5e87bad3c948f4d605d)
Start importing Assets/Class 11th (Light)/Scenes/Class 11th (Light)/New Lighting Settings.lighting using Guid(0ad135a7ea313a8468651765715fc76d) Importer(2089858483,b0f066a214c2f5e87bad3c948f4d605d) (ScriptedImporter) -> (artifact id: '64efc39fcce74a7458e5c23ad6b527af') in 0.0185696 seconds
Number of updated asset objects reloaded before import = 0Number of asset objects unloaded after import = 1

========================================================================
Received Import Request.
  Time since last request: 3.258219 seconds.
  path: Assets/Class 11th (Light)/Scenes/Class 11th (Light)/New Lighting Settings 1.lighting
  artifactKey: Guid(38a78232f53381442ad54adac0d37579) Importer(815301076,1909f56bfc062723c751e8b465ee728b)
Start importing Assets/Class 11th (Light)/Scenes/Class 11th (Light)/New Lighting Settings 1.lighting using Guid(38a78232f53381442ad54adac0d37579) Importer(815301076,1909f56bfc062723c751e8b465ee728b) (PreviewImporter) -> (artifact id: 'd8ca88290020c98b51100f03f4ba84d2') in 0.0012046 seconds
Number of updated asset objects reloaded before import = 0Number of asset objects unloaded after import = 1

========================================================================
Received Import Request.
  Time since last request: 268.929340 seconds.
  path: Assets/Class 11th (Light)/Scenes/Class 11th (Light)/LightingData.asset
  artifactKey: Guid(4bbc5bb054a7d39408fb8c3a60131c7f) Importer(815301076,1909f56bfc062723c751e8b465ee728b)
Start importing Assets/Class 11th (Light)/Scenes/Class 11th (Light)/LightingData.asset using Guid(4bbc5bb054a7d39408fb8c3a60131c7f) Importer(815301076,1909f56bfc062723c751e8b465ee728b) (PreviewImporter) -> (artifact id: '717f2387c11339c82d8006d5fd2a77bd') in 0.0010979 seconds
Number of updated asset objects reloaded before import = 0Number of asset objects unloaded after import = 2

========================================================================
Received Import Request.
  Time since last request: 36.622431 seconds.
  path: Assets/Class 11th (Light)/Scenes/Class 11th (Light)/LightingData.asset
  artifactKey: Guid(4bbc5bb054a7d39408fb8c3a60131c7f) Importer(815301076,1909f56bfc062723c751e8b465ee728b)
Start importing Assets/Class 11th (Light)/Scenes/Class 11th (Light)/LightingData.asset using Guid(4bbc5bb054a7d39408fb8c3a60131c7f) Importer(815301076,1909f56bfc062723c751e8b465ee728b) (PreviewImporter) -> (artifact id: '150ef2c212f7be44c7d8338e77e8e192') in 0.001097 seconds
Number of updated asset objects reloaded before import = 0Number of asset objects unloaded after import = 2

========================================================================
Received Import Request.
  Time since last request: 0.000040 seconds.
  path: Assets/Class 11th (Light)/Scenes/Class 11th (Light)/Lightmap-0_comp_light.exr
  artifactKey: Guid(60947a3bc54b17246807a53487e7de50) Importer(815301076,1909f56bfc062723c751e8b465ee728b)
Start importing Assets/Class 11th (Light)/Scenes/Class 11th (Light)/Lightmap-0_comp_light.exr using Guid(60947a3bc54b17246807a53487e7de50) Importer(815301076,1909f56bfc062723c751e8b465ee728b) (PreviewImporter) -> (artifact id: '661d1b1caeb8cf4b947bdc644e2dc2ba') in 0.009704 seconds
Number of updated asset objects reloaded before import = 0Number of asset objects unloaded after import = 2

========================================================================
Received Import Request.
  Time since last request: 17.295383 seconds.
  path: Assets/Class 11th (Light)/Scenes/Class 11th (Light)/LightingData.asset
  artifactKey: Guid(4bbc5bb054a7d39408fb8c3a60131c7f) Importer(815301076,1909f56bfc062723c751e8b465ee728b)
Start importing Assets/Class 11th (Light)/Scenes/Class 11th (Light)/LightingData.asset using Guid(4bbc5bb054a7d39408fb8c3a60131c7f) Importer(815301076,1909f56bfc062723c751e8b465ee728b) (PreviewImporter) -> (artifact id: '5b52c2855bfd79acb5c69415560c0337') in 0.0010765 seconds
Number of updated asset objects reloaded before import = 0Number of asset objects unloaded after import = 2

========================================================================
Received Import Request.
  Time since last request: 16.823697 seconds.
  path: Assets/Class 11th (Light)/Scenes/Class 11th (Light)/LightingData.asset
  artifactKey: Guid(4bbc5bb054a7d39408fb8c3a60131c7f) Importer(815301076,1909f56bfc062723c751e8b465ee728b)
Start importing Assets/Class 11th (Light)/Scenes/Class 11th (Light)/LightingData.asset using Guid(4bbc5bb054a7d39408fb8c3a60131c7f) Importer(815301076,1909f56bfc062723c751e8b465ee728b) (PreviewImporter) -> (artifact id: '093b313ad9bf7920fad52f71e7e2515e') in 0.0011685 seconds
Number of updated asset objects reloaded before import = 0Number of asset objects unloaded after import = 2

========================================================================
Received Import Request.
  Time since last request: 0.959937 seconds.
  path: Assets/Class 11th (Light)/Scenes/Class 11th (Light)/Lightmap-0_comp_dir.png
  artifactKey: Guid(894c49de0a67f834c8d507e3b7461dc0) Importer(2089858483,b0f066a214c2f5e87bad3c948f4d605d)
Start importing Assets/Class 11th (Light)/Scenes/Class 11th (Light)/Lightmap-0_comp_dir.png using Guid(894c49de0a67f834c8d507e3b7461dc0) Importer(2089858483,b0f066a214c2f5e87bad3c948f4d605d) (ScriptedImporter) -> (artifact id: 'ad065ce1ef778f2f1c7defea4f900056') in 0.0114528 seconds
Number of updated asset objects reloaded before import = 0Number of asset objects unloaded after import = 1

========================================================================
Received Import Request.
  Time since last request: 0.000016 seconds.
  path: Assets/Class 11th (Light)/Scenes/Class 11th (Light)/LightingData.asset
  artifactKey: Guid(4bbc5bb054a7d39408fb8c3a60131c7f) Importer(2089858483,b0f066a214c2f5e87bad3c948f4d605d)
Start importing Assets/Class 11th (Light)/Scenes/Class 11th (Light)/LightingData.asset using Guid(4bbc5bb054a7d39408fb8c3a60131c7f) Importer(2089858483,b0f066a214c2f5e87bad3c948f4d605d) (ScriptedImporter) -> (artifact id: '2f7d0b721cd6514394f3dad1c72bbf20') in 0.0084644 seconds
Number of updated asset objects reloaded before import = 0Number of asset objects unloaded after import = 2

========================================================================
Received Import Request.
  Time since last request: 12.169425 seconds.
  path: Assets/Class 11th (Light)/Scenes/Class 11th (Light)/LightingData.asset
  artifactKey: Guid(4bbc5bb054a7d39408fb8c3a60131c7f) Importer(815301076,1909f56bfc062723c751e8b465ee728b)
Start importing Assets/Class 11th (Light)/Scenes/Class 11th (Light)/LightingData.asset using Guid(4bbc5bb054a7d39408fb8c3a60131c7f) Importer(815301076,1909f56bfc062723c751e8b465ee728b) (PreviewImporter) -> (artifact id: 'ac9193352b8abb931a21a860aec4e5be') in 0.0012724 seconds
Number of updated asset objects reloaded before import = 0Number of asset objects unloaded after import = 2

========================================================================
Received Import Request.
  Time since last request: 24.681049 seconds.
  path: Assets/Class 11th (Light)/Scenes/Class 11th (Light)/LightingData.asset
  artifactKey: Guid(4bbc5bb054a7d39408fb8c3a60131c7f) Importer(815301076,1909f56bfc062723c751e8b465ee728b)
Start importing Assets/Class 11th (Light)/Scenes/Class 11th (Light)/LightingData.asset using Guid(4bbc5bb054a7d39408fb8c3a60131c7f) Importer(815301076,1909f56bfc062723c751e8b465ee728b) (PreviewImporter) -> (artifact id: 'c0010ed4509c38f6eaf4428f4054a474') in 0.0011888 seconds
Number of updated asset objects reloaded before import = 0Number of asset objects unloaded after import = 2

========================================================================
Received Import Request.
  Time since last request: 13.665230 seconds.
  path: Assets/Class 11th (Light)/Scenes/Class 11th (Light)/LightingData.asset
  artifactKey: Guid(4bbc5bb054a7d39408fb8c3a60131c7f) Importer(815301076,1909f56bfc062723c751e8b465ee728b)
Start importing Assets/Class 11th (Light)/Scenes/Class 11th (Light)/LightingData.asset using Guid(4bbc5bb054a7d39408fb8c3a60131c7f) Importer(815301076,1909f56bfc062723c751e8b465ee728b) (PreviewImporter) -> (artifact id: 'f9141d4aa8c4ee81557182f500f3d7e5') in 0.0010975 seconds
Number of updated asset objects reloaded before import = 0Number of asset objects unloaded after import = 2

========================================================================
Received Import Request.
  Time since last request: 7.465905 seconds.
  path: Assets/Class 11th (Light)/Scenes/Class 11th (Light)/LightingData.asset
  artifactKey: Guid(4bbc5bb054a7d39408fb8c3a60131c7f) Importer(815301076,1909f56bfc062723c751e8b465ee728b)
Start importing Assets/Class 11th (Light)/Scenes/Class 11th (Light)/LightingData.asset using Guid(4bbc5bb054a7d39408fb8c3a60131c7f) Importer(815301076,1909f56bfc062723c751e8b465ee728b) (PreviewImporter) -> (artifact id: '977c4b6a609e71a01551f1059a468052') in 0.0011567 seconds
Number of updated asset objects reloaded before import = 0Number of asset objects unloaded after import = 2

========================================================================
Received Import Request.
  Time since last request: 3.778907 seconds.
  path: Assets/Class 11th (Light)/Scenes/Class 11th (Light)/LightingData.asset
  artifactKey: Guid(4bbc5bb054a7d39408fb8c3a60131c7f) Importer(815301076,1909f56bfc062723c751e8b465ee728b)
Start importing Assets/Class 11th (Light)/Scenes/Class 11th (Light)/LightingData.asset using Guid(4bbc5bb054a7d39408fb8c3a60131c7f) Importer(815301076,1909f56bfc062723c751e8b465ee728b) (PreviewImporter) -> (artifact id: 'de0c18d8e21abc351ba222fc0fd3ae8a') in 0.0013877 seconds
Number of updated asset objects reloaded before import = 0Number of asset objects unloaded after import = 2

========================================================================
Received Import Request.
  Time since last request: 0.000018 seconds.
  path: Assets/Class 11th (Light)/Scenes/Class 11th (Light)/Lightmap-0_comp_light.exr
  artifactKey: Guid(60947a3bc54b17246807a53487e7de50) Importer(815301076,1909f56bfc062723c751e8b465ee728b)
Start importing Assets/Class 11th (Light)/Scenes/Class 11th (Light)/Lightmap-0_comp_light.exr using Guid(60947a3bc54b17246807a53487e7de50) Importer(815301076,1909f56bfc062723c751e8b465ee728b) (PreviewImporter) -> (artifact id: '95bece69966c93d09fdf9fbaa328e0ad') in 0.0096893 seconds
Number of updated asset objects reloaded before import = 0Number of asset objects unloaded after import = 2

========================================================================
Received Import Request.
  Time since last request: 34.329843 seconds.
  path: Assets/Class 11th (Light)/Scenes/Class 11th (Light)/LightingData.asset
  artifactKey: Guid(4bbc5bb054a7d39408fb8c3a60131c7f) Importer(815301076,1909f56bfc062723c751e8b465ee728b)
Start importing Assets/Class 11th (Light)/Scenes/Class 11th (Light)/LightingData.asset using Guid(4bbc5bb054a7d39408fb8c3a60131c7f) Importer(815301076,1909f56bfc062723c751e8b465ee728b) (PreviewImporter) -> (artifact id: 'cf4bfa312cb8ff0fb9c01bcb848b639f') in 0.0011187 seconds
Number of updated asset objects reloaded before import = 0Number of asset objects unloaded after import = 2

========================================================================
Received Import Request.
  Time since last request: 3.926258 seconds.
  path: Assets/Class 11th (Light)/Scenes/Class 11th (Light)/LightingData.asset
  artifactKey: Guid(4bbc5bb054a7d39408fb8c3a60131c7f) Importer(815301076,1909f56bfc062723c751e8b465ee728b)
Start importing Assets/Class 11th (Light)/Scenes/Class 11th (Light)/LightingData.asset using Guid(4bbc5bb054a7d39408fb8c3a60131c7f) Importer(815301076,1909f56bfc062723c751e8b465ee728b) (PreviewImporter) -> (artifact id: '392d0def4e2a1e67b9aec0d25bbe8d61') in 0.0012221 seconds
Number of updated asset objects reloaded before import = 0Number of asset objects unloaded after import = 2

========================================================================
Received Import Request.
  Time since last request: 396.407306 seconds.
  path: Assets/Class 11th (Light)/Scenes/Class 11th (Light)/Lightmap-0_comp_dir.png
  artifactKey: Guid(894c49de0a67f834c8d507e3b7461dc0) Importer(815301076,1909f56bfc062723c751e8b465ee728b)
Start importing Assets/Class 11th (Light)/Scenes/Class 11th (Light)/Lightmap-0_comp_dir.png using Guid(894c49de0a67f834c8d507e3b7461dc0) Importer(815301076,1909f56bfc062723c751e8b465ee728b) (PreviewImporter) -> (artifact id: 'e8ab6bcdfa8d35444c41b5cfd1d1d42a') in 0.0098388 seconds
Number of updated asset objects reloaded before import = 0Number of asset objects unloaded after import = 2

========================================================================
Received Import Request.
  Time since last request: 0.000022 seconds.
  path: Assets/Class 11th (Light)/Scenes/Class 11th (Light)/Lightmap-0_comp_light.exr
  artifactKey: Guid(60947a3bc54b17246807a53487e7de50) Importer(815301076,1909f56bfc062723c751e8b465ee728b)
Start importing Assets/Class 11th (Light)/Scenes/Class 11th (Light)/Lightmap-0_comp_light.exr using Guid(60947a3bc54b17246807a53487e7de50) Importer(815301076,1909f56bfc062723c751e8b465ee728b) (PreviewImporter) -> (artifact id: '7aee04e48480ef39bc85210a88392d70') in 0.0095749 seconds
Number of updated asset objects reloaded before import = 0Number of asset objects unloaded after import = 2

========================================================================
Received Import Request.
  Time since last request: 20.154618 seconds.
  path: Assets/Class 11th (Light)/Scenes/Class 11th (Light)/LightingData.asset
  artifactKey: Guid(4bbc5bb054a7d39408fb8c3a60131c7f) Importer(815301076,1909f56bfc062723c751e8b465ee728b)
Start importing Assets/Class 11th (Light)/Scenes/Class 11th (Light)/LightingData.asset using Guid(4bbc5bb054a7d39408fb8c3a60131c7f) Importer(815301076,1909f56bfc062723c751e8b465ee728b) (PreviewImporter) -> (artifact id: 'ceb5771589b5b66063aa25f007ad370a') in 0.0011049 seconds
Number of updated asset objects reloaded before import = 0Number of asset objects unloaded after import = 2

========================================================================
Received Import Request.
  Time since last request: 0.000015 seconds.
  path: Assets/Class 11th (Light)/Scenes/Class 11th (Light)/Lightmap-0_comp_light.exr
  artifactKey: Guid(60947a3bc54b17246807a53487e7de50) Importer(815301076,1909f56bfc062723c751e8b465ee728b)
Start importing Assets/Class 11th (Light)/Scenes/Class 11th (Light)/Lightmap-0_comp_light.exr using Guid(60947a3bc54b17246807a53487e7de50) Importer(815301076,1909f56bfc062723c751e8b465ee728b) (PreviewImporter) -> (artifact id: '8cd66740121e04ee3e0b4f45fcb7d8e1') in 0.0092249 seconds
Number of updated asset objects reloaded before import = 0Number of asset objects unloaded after import = 2

========================================================================
Received Import Request.
  Time since last request: 19.268591 seconds.
  path: Assets/Class 11th (Light)/Scenes/Class 11th (Light)/LightingData.asset
  artifactKey: Guid(4bbc5bb054a7d39408fb8c3a60131c7f) Importer(815301076,1909f56bfc062723c751e8b465ee728b)
Start importing Assets/Class 11th (Light)/Scenes/Class 11th (Light)/LightingData.asset using Guid(4bbc5bb054a7d39408fb8c3a60131c7f) Importer(815301076,1909f56bfc062723c751e8b465ee728b) (PreviewImporter) -> (artifact id: 'b25428c13e8a08b238fd627e289b17a4') in 0.0012207 seconds
Number of updated asset objects reloaded before import = 0Number of asset objects unloaded after import = 2

========================================================================
Received Import Request.
  Time since last request: 0.000018 seconds.
  path: Assets/Class 11th (Light)/Scenes/Class 11th (Light)/Lightmap-0_comp_light.exr
  artifactKey: Guid(60947a3bc54b17246807a53487e7de50) Importer(815301076,1909f56bfc062723c751e8b465ee728b)
Start importing Assets/Class 11th (Light)/Scenes/Class 11th (Light)/Lightmap-0_comp_light.exr using Guid(60947a3bc54b17246807a53487e7de50) Importer(815301076,1909f56bfc062723c751e8b465ee728b) (PreviewImporter) -> (artifact id: '21083d130496de8cb0fd95ed7e7f8a6e') in 0.0089385 seconds
Number of updated asset objects reloaded before import = 0Number of asset objects unloaded after import = 2

========================================================================
Received Import Request.
  Time since last request: 9.750212 seconds.
  path: Assets/Class 11th (Light)/Scenes/Class 11th (Light)/LightingData.asset
  artifactKey: Guid(4bbc5bb054a7d39408fb8c3a60131c7f) Importer(815301076,1909f56bfc062723c751e8b465ee728b)
Start importing Assets/Class 11th (Light)/Scenes/Class 11th (Light)/LightingData.asset using Guid(4bbc5bb054a7d39408fb8c3a60131c7f) Importer(815301076,1909f56bfc062723c751e8b465ee728b) (PreviewImporter) -> (artifact id: '94222fc9ae03dd55c29896b2c8210f08') in 0.0012042 seconds
Number of updated asset objects reloaded before import = 0Number of asset objects unloaded after import = 2

========================================================================
Received Import Request.
  Time since last request: 0.000019 seconds.
  path: Assets/Class 11th (Light)/Scenes/Class 11th (Light)/Lightmap-0_comp_light.exr
  artifactKey: Guid(60947a3bc54b17246807a53487e7de50) Importer(815301076,1909f56bfc062723c751e8b465ee728b)
Start importing Assets/Class 11th (Light)/Scenes/Class 11th (Light)/Lightmap-0_comp_light.exr using Guid(60947a3bc54b17246807a53487e7de50) Importer(815301076,1909f56bfc062723c751e8b465ee728b) (PreviewImporter) -> (artifact id: '25c702f82f5d173b78263fb7280720e0') in 0.0113843 seconds
Number of updated asset objects reloaded before import = 0Number of asset objects unloaded after import = 2

========================================================================
Received Import Request.
  Time since last request: 7.471841 seconds.
  path: Assets/Class 11th (Light)/Scenes/Class 11th (Light)/LightingData.asset
  artifactKey: Guid(4bbc5bb054a7d39408fb8c3a60131c7f) Importer(815301076,1909f56bfc062723c751e8b465ee728b)
Start importing Assets/Class 11th (Light)/Scenes/Class 11th (Light)/LightingData.asset using Guid(4bbc5bb054a7d39408fb8c3a60131c7f) Importer(815301076,1909f56bfc062723c751e8b465ee728b) (PreviewImporter) -> (artifact id: '18a04c65b07a0c30aa8ab4c9e909d547') in 0.0012621 seconds
Number of updated asset objects reloaded before import = 0Number of asset objects unloaded after import = 2

========================================================================
Received Import Request.
  Time since last request: 0.000018 seconds.
  path: Assets/Class 11th (Light)/Scenes/Class 11th (Light)/Lightmap-0_comp_light.exr
  artifactKey: Guid(60947a3bc54b17246807a53487e7de50) Importer(815301076,1909f56bfc062723c751e8b465ee728b)
Start importing Assets/Class 11th (Light)/Scenes/Class 11th (Light)/Lightmap-0_comp_light.exr using Guid(60947a3bc54b17246807a53487e7de50) Importer(815301076,1909f56bfc062723c751e8b465ee728b) (PreviewImporter) -> (artifact id: '87516a1faa99c1535b426f3b34d679b2') in 0.0092812 seconds
Number of updated asset objects reloaded before import = 0Number of asset objects unloaded after import = 2

========================================================================
Received Import Request.
  Time since last request: 1200.280724 seconds.
  path: Assets/Class 11th (Light)/Scenes/Class 11th (Light).unity
  artifactKey: Guid(2e1638cef5dde6c459d4efb7bb406bbb) Importer(2089858483,b0f066a214c2f5e87bad3c948f4d605d)
Start importing Assets/Class 11th (Light)/Scenes/Class 11th (Light).unity using Guid(2e1638cef5dde6c459d4efb7bb406bbb) Importer(2089858483,b0f066a214c2f5e87bad3c948f4d605d) (ScriptedImporter) -> (artifact id: '66a6d422b6148a1f1321a362a63c3808') in 0.010239 seconds
Number of updated asset objects reloaded before import = 0Number of asset objects unloaded after import = 1

