[Licensing::Module] Trying to connect to existing licensing client channel...
Built from '6000.3/staging' branch; Version is '6000.3.15f1 (c1aa84e375f6) revision 12692100'; Using compiler version '194234433'; Build Type 'Release'
OS: 'Windows 10  (10.0.19045) 64bit Professional' Language: 'ko' Physical Memory: 32478 MB
[Licensing::IpcConnector] Successfully connected to: "LicenseClient-Administrator" at "2026-05-28T12:28:12.3553496Z"
BatchMode: 1, IsHumanControllingUs: 0, StartBugReporterOnCrash: 0, Is64bit: 1
System  architecture: x64
Process architecture: x64
Date: 2026-05-28T12:28:12Z

COMMAND LINE ARGUMENTS:
C:\Program Files\Unity\Hub\Editor\6000.3.15f1\Editor\Unity.exe
-adb2
-batchMode
-noUpm
-name
AssetImportWorker13
-projectPath
C:/Users/Administrator/Desktop/Game-Engine/Program
-logFile
Logs/AssetImportWorker13.log
-srvPort
50696
-licensingIpc
LicenseClient-Administrator
-job-worker-count
13
-background-job-worker-count
8
-gc-helper-count
1
-name
AssetImport
Successfully changed project path to: C:/Users/Administrator/Desktop/Game-Engine/Program
C:/Users/Administrator/Desktop/Game-Engine/Program
[UnityMemory] Configuration Parameters - Can be set up in boot.config
    "memorysetup-temp-allocator-size-nav-mesh-worker=65536"
    "memorysetup-temp-allocator-size-audio-worker=65536"
    "memorysetup-temp-allocator-size-gfx=262144"
    "memorysetup-allocator-temp-initial-block-size-main=262144"
    "memorysetup-allocator-temp-initial-block-size-worker=262144"
    "memorysetup-temp-allocator-size-background-worker=32768"
    "memorysetup-temp-allocator-size-job-worker=262144"
    "memorysetup-temp-allocator-size-preload-manager=33554432"
    "memorysetup-temp-allocator-size-gi-baking-worker=262144"
    "memorysetup-temp-allocator-size-gi-baking-worker=262144"
    "memorysetup-temp-allocator-size-gi-baking-worker=262144"
    "memorysetup-temp-allocator-size-gi-baking-worker=262144"
    "memorysetup-temp-allocator-size-gi-baking-worker=262144"
    "memorysetup-bucket-allocator-granularity=16"
    "memorysetup-bucket-allocator-bucket-count=8"
    "memorysetup-bucket-allocator-block-size=33554432"
    "memorysetup-bucket-allocator-block-count=8"
    "memorysetup-main-allocator-block-size=16777216"
    "memorysetup-thread-allocator-block-size=16777216"
    "memorysetup-gfx-main-allocator-block-size=16777216"
    "memorysetup-gfx-thread-allocator-block-size=16777216"
    "memorysetup-cache-allocator-block-size=4194304"
    "memorysetup-typetree-allocator-block-size=2097152"
    "memorysetup-profiler-bucket-allocator-granularity=16"
    "memorysetup-profiler-bucket-allocator-bucket-count=8"
    "memorysetup-profiler-bucket-allocator-block-size=33554432"
    "memorysetup-profiler-bucket-allocator-block-count=8"
    "memorysetup-profiler-allocator-block-size=16777216"
    "memorysetup-profiler-editor-allocator-block-size=1048576"
    "memorysetup-temp-allocator-size-main=16777216"
    "memorysetup-job-temp-allocator-block-size=2097152"
    "memorysetup-job-temp-allocator-block-size-background=1048576"
    "memorysetup-job-temp-allocator-reduction-small-platforms=262144"
    "memorysetup-temp-allocator-size-cloud-worker=32768"
Player connection [8024]  Target information:

Player connection [8024]  * "[IP] 192.168.0.94 [Port] 0 [Flags] 2 [Guid] 251643211 [EditorId] 251643211 [Version] 1048832 [Id] WindowsEditor(7,DESKTOP-MSMA3UP) [Debug] 1 [PackageName] WindowsEditor [ProjectName] Editor" 

Player connection [8024] Host joined multi-casting on [225.0.0.222:54997]...
Player connection [8024] Host joined alternative multi-casting on [225.0.0.222:34997]...
JobSystem: Creating JobQueue using job-worker-count value 13
Input System module state changed to: Initialized.
[Physics::Module] Initialized fallback backend.
[Physics::Module] Id: 0xdecafbad
Library Redirect Path: Library/
[Physics::Module] Selected backend.
[Physics::Module] Name: PhysX
[Physics::Module] Id: 0xf2b8ea05
[Physics::Module] SDK Version: 4.1.2
[Physics::Module] Integration Version: 1.0.0
[Physics::Module] Threading Mode: Multi-Threaded
Refreshing native plugins compatible for Editor in 2.36 ms, found 4 plugins.
Preloading 0 native plugins for Editor in 0.00 ms.
Initialize engine version: 6000.3.15f1 (c1aa84e375f6)
[Subsystems] Discovering subsystems at path C:/Program Files/Unity/Hub/Editor/6000.3.15f1/Editor/Data/Resources/UnitySubsystems
[Subsystems] Discovering subsystems at path C:/Users/Administrator/Desktop/Game-Engine/Program/Assets
GfxDevice: creating device client; kGfxThreadingModeNonThreaded
Direct3D:
    Version:  Direct3D 11.0 [level 11.1]
    Renderer: NVIDIA GeForce RTX 5060 Ti (ID=0x2d04)
    Vendor:   NVIDIA
    VRAM:     16050 MB
    Driver:   32.0.15.9636
Initialize mono
Mono path[0] = 'C:/Program Files/Unity/Hub/Editor/6000.3.15f1/Editor/Data/Managed'
Mono path[1] = 'C:/Program Files/Unity/Hub/Editor/6000.3.15f1/Editor/Data/MonoBleedingEdge/lib/mono/unityjit-win32'
Mono config path = 'C:/Program Files/Unity/Hub/Editor/6000.3.15f1/Editor/Data/MonoBleedingEdge/etc'
Using monoOptions --debugger-agent=transport=dt_socket,embedding=1,server=y,suspend=n,address=127.0.0.1:56388
Begin MonoManager ReloadAssembly
Registering precompiled unity dll's ...
Register platform support module: C:/Program Files/Unity/Hub/Editor/6000.3.15f1/Editor/Data/PlaybackEngines/WindowsStandaloneSupport/UnityEditor.WindowsStandalone.Extensions.dll
Registered in 0.001401 seconds.
- Loaded All Assemblies, in  0.436 seconds
[Licensing::Client] Error: HandshakeResponse reported an error:
	ResponseCode: 505
	ResponseStatus: Unsupported protocol version '1.18.1'.
[Licensing::Module] Error: Failed to handshake to channel: "LicenseClient-Administrator"
[Licensing::IpcConnector] LicenseClient-Administrator channel disconnected successfully.
[Licensing::IpcConnector] Successfully connected to: "LicenseClient-Administrator-6000.3.15" at "2026-05-28T12:28:13.2441433Z"
[Licensing::Client] Code 10 while verifying Licensing Client signature (process Id: 16204, path: "C:/Program Files/Unity/Hub/Editor/6000.3.15f1/Editor/Data/Resources/Licensing/Client/Unity.Licensing.Client.exe")
[Licensing::Module] LicensingClient has failed validation; ignoring
[Licensing::Client] Handshaking with LicensingClient:
  Version:                 1.18.1+9fbee8e
  Session Id:              11be24cd706c4532965e6103d108abae
  Correlation Id:          ad42b2fbb7b73a64a39450c4b227db39
  External correlation Id: 6196337034665094092
  Machine Id:              SvejmJGsl/EFmq0OAjofjZYOfss=
[Licensing::Module] Successfully connected to LicensingClient on channel: "LicenseClient-Administrator-6000.3.15" (connect: 0.00s, validation: 0.00s, handshake: 0.01s)
[Licensing::IpcConnector] Successfully connected to: "LicenseClient-Administrator-6000.3.15-notifications" at "2026-05-28T12:28:13.2500483Z"
[Licensing::Module] Licensing Background thread has ended after 0.89s
Native extension for WindowsStandalone target not found
Package Manager log level set to [2]
[Package Manager] Failed to launch server process. Reason: Unity was launched with the -noUpm command-line argument
[Package Manager] Unable to send message (not connected to server process).
[Package Manager] Cannot connect to Unity Package Manager local server
ScheduleIndexationOnStartup MainProcess:False IndexOnStartup:True
Mono: successfully reloaded assembly
- Finished resetting the current domain, in  0.440 seconds
Domain Reload Profiling: 876ms
	BeginReloadAssembly (144ms)
		ExecutionOrderSort (0ms)
		DisableScriptedObjects (0ms)
		BackupInstance (0ms)
		ReleaseScriptingObjects (0ms)
		CreateAndSetChildDomain (1ms)
	RebuildCommonClasses (39ms)
	RebuildNativeTypeToScriptingClass (15ms)
	initialDomainReloadingComplete (47ms)
	LoadAllAssembliesAndSetupDomain (191ms)
		LoadAssemblies (143ms)
		RebuildTransferFunctionScriptingTraits (0ms)
		AnalyzeDomain (188ms)
			TypeCache.Refresh (185ms)
				TypeCache.ScanAssembly (169ms)
			BuildScriptInfoCaches (0ms)
			ResolveRequiredComponents (1ms)
	FinalizeReload (441ms)
		ReleaseScriptCaches (0ms)
		RebuildScriptCaches (0ms)
		SetupLoadedEditorAssemblies (383ms)
			LogAssemblyErrors (0ms)
			InitializePlatformSupportModulesInManaged (51ms)
			SetLoadedEditorAssemblies (4ms)
			BeforeProcessingInitializeOnLoad (90ms)
			ProcessInitializeOnLoadAttributes (154ms)
			ProcessInitializeOnLoadMethodAttributes (83ms)
			AfterProcessingInitializeOnLoad (0ms)
			EditorAssembliesLoaded (0ms)
		ExecutionOrderSort2 (0ms)
		AwakeInstancesAfterBackupRestoration (0ms)
========================================================================
Worker process is ready to serve import requests
Import Worker Mode flag is 0x00
Begin MonoManager ReloadAssembly
[Licensing::Client] Successfully resolved entitlement details
[Licensing::Module] License group:
  Id: 14569174559127-UnityPersXXXX
  Product: Unity Personal
  Type: Assigned
  Expiration: Unlimited
- Loaded All Assemblies, in  0.875 seconds
Refreshing native plugins compatible for Editor in 1.12 ms, found 4 plugins.
Native extension for WindowsStandalone target not found
[Package Manager] Failed to launch server process. Reason: Unity was launched with the -noUpm command-line argument
[Package Manager] Unable to send message (not connected to server process).
[Package Manager] Cannot connect to Unity Package Manager local server
Refreshing native plugins compatible for Editor in 1.14 ms, found 4 plugins.
[Package Manager] Failed to launch server process. Reason: Unity was launched with the -noUpm command-line argument
[Package Manager] Unable to send message (not connected to server process).
[Package Manager] Cannot connect to Unity Package Manager local server
ScheduleIndexationOnStartup MainProcess:False IndexOnStartup:True
Mono: successfully reloaded assembly
- Finished resetting the current domain, in  0.791 seconds
Domain Reload Profiling: 1665ms
	BeginReloadAssembly (203ms)
		ExecutionOrderSort (0ms)
		DisableScriptedObjects (7ms)
		BackupInstance (0ms)
		ReleaseScriptingObjects (0ms)
		CreateAndSetChildDomain (38ms)
	RebuildCommonClasses (38ms)
	RebuildNativeTypeToScriptingClass (15ms)
	initialDomainReloadingComplete (38ms)
	LoadAllAssembliesAndSetupDomain (580ms)
		LoadAssemblies (391ms)
		RebuildTransferFunctionScriptingTraits (0ms)
		AnalyzeDomain (302ms)
			TypeCache.Refresh (204ms)
				TypeCache.ScanAssembly (178ms)
			BuildScriptInfoCaches (84ms)
			ResolveRequiredComponents (10ms)
	FinalizeReload (791ms)
		ReleaseScriptCaches (0ms)
		RebuildScriptCaches (0ms)
		SetupLoadedEditorAssemblies (566ms)
			LogAssemblyErrors (0ms)
			InitializePlatformSupportModulesInManaged (2ms)
			SetLoadedEditorAssemblies (5ms)
			BeforeProcessingInitializeOnLoad (137ms)
			ProcessInitializeOnLoadAttributes (352ms)
			ProcessInitializeOnLoadMethodAttributes (68ms)
			AfterProcessingInitializeOnLoad (3ms)
			EditorAssembliesLoaded (0ms)
		ExecutionOrderSort2 (0ms)
		AwakeInstancesAfterBackupRestoration (7ms)
Launched and connected shader compiler UnityShaderCompiler.exe after 0.01 seconds
Refreshing native plugins compatible for Editor in 1.21 ms, found 4 plugins.
Preloading 0 native plugins for Editor in 0.00 ms.
Unloading 17 Unused Serialized files (Serialized files now loaded: 0)
Unloading 6441 unused Assets / (2.0 MB). Loaded Objects now: 7235.
Memory consumption went from 151.3 MB to 149.3 MB.
Total: 12.673000 ms (FindLiveObjects: 1.275100 ms CreateObjectMapping: 0.544200 ms MarkObjects: 8.847400 ms  DeleteObjects: 2.003600 ms)

========================================================================
Received Import Request.
  Time since last request: 13023.894791 seconds.
  path: Assets/GolfAssets/Models/Level/Part1/SideHole.fbx
  artifactKey: Guid(bf2e547a36ed7f445b80b58f08222d71) Importer(2089858483,b0f066a214c2f5e87bad3c948f4d605d)
Start importing Assets/GolfAssets/Models/Level/Part1/SideHole.fbx using Guid(bf2e547a36ed7f445b80b58f08222d71) Importer(2089858483,b0f066a214c2f5e87bad3c948f4d605d) (ScriptedImporter) -> (artifact id: '9024cf795fbc3d6ea0ed573de442507c') in 0.1601728 seconds
Number of updated asset objects reloaded before import = 0Number of asset objects unloaded after import = 9

========================================================================
Received Import Request.
  Time since last request: 0.000020 seconds.
  path: Assets/GolfAssets/Renderer.asset
  artifactKey: Guid(a3c69f300d0aecf438454ed49a32c0b0) Importer(815301076,1909f56bfc062723c751e8b465ee728b)
Start importing Assets/GolfAssets/Renderer.asset using Guid(a3c69f300d0aecf438454ed49a32c0b0) Importer(815301076,1909f56bfc062723c751e8b465ee728b) (PreviewImporter) -> (artifact id: 'd5d584f2f8a2c88a1a51ac6a7b52e2da') in 0.0186548 seconds
Number of updated asset objects reloaded before import = 0Number of asset objects unloaded after import = 2

========================================================================
Received Import Request.
  Time since last request: 0.000017 seconds.
  path: Assets/GolfAssets/Models/Bumpers/Triangle.fbx
  artifactKey: Guid(9710a724d7ed4be4785a815c19a17066) Importer(2089858483,b0f066a214c2f5e87bad3c948f4d605d)
Start importing Assets/GolfAssets/Models/Bumpers/Triangle.fbx using Guid(9710a724d7ed4be4785a815c19a17066) Importer(2089858483,b0f066a214c2f5e87bad3c948f4d605d) (ScriptedImporter) -> (artifact id: '233f352f32da255837df284c8d31b82a') in 0.0131609 seconds
Number of updated asset objects reloaded before import = 0Number of asset objects unloaded after import = 7

========================================================================
Received Import Request.
  Time since last request: 0.000027 seconds.
  path: Assets/GolfAssets/Prefabs/Characters
  artifactKey: Guid(710da2b6b19175d459f41149186f33a1) Importer(2089858483,b0f066a214c2f5e87bad3c948f4d605d)
Start importing Assets/GolfAssets/Prefabs/Characters using Guid(710da2b6b19175d459f41149186f33a1) Importer(2089858483,b0f066a214c2f5e87bad3c948f4d605d) (ScriptedImporter) -> (artifact id: '617437a0e000d00c6f5ce2ca9260020a') in 0.0078809 seconds
Number of updated asset objects reloaded before import = 0Number of asset objects unloaded after import = 1

========================================================================
Received Import Request.
  Time since last request: 0.000019 seconds.
  path: Assets/GolfAssets/Models/Bumpers/Bumper.fbx
  artifactKey: Guid(60af87ea6ce0ac441a159dcd6b25b928) Importer(2089858483,b0f066a214c2f5e87bad3c948f4d605d)
Start importing Assets/GolfAssets/Models/Bumpers/Bumper.fbx using Guid(60af87ea6ce0ac441a159dcd6b25b928) Importer(2089858483,b0f066a214c2f5e87bad3c948f4d605d) (ScriptedImporter) -> (artifact id: '8abcfed86f37370c2ec2a552ef14d7e9') in 0.0151582 seconds
Number of updated asset objects reloaded before import = 0Number of asset objects unloaded after import = 7

========================================================================
Received Import Request.
  Time since last request: 0.000016 seconds.
  path: Assets/GolfAssets/Prefabs/Bumpers/Triangle.prefab
  artifactKey: Guid(b465c127c7a70024ea9586596540d14a) Importer(2089858483,b0f066a214c2f5e87bad3c948f4d605d)
Start importing Assets/GolfAssets/Prefabs/Bumpers/Triangle.prefab using Guid(b465c127c7a70024ea9586596540d14a) Importer(2089858483,b0f066a214c2f5e87bad3c948f4d605d) (ScriptedImporter) -> (artifact id: '644b16f2016a0ec2d116a33214130770') in 0.0186339 seconds
Number of updated asset objects reloaded before import = 0Number of asset objects unloaded after import = 16

========================================================================
Received Import Request.
  Time since last request: 0.000017 seconds.
  path: Assets/GolfAssets/Settings/Very High_PipelineAsset_ForwardRenderer.asset
  artifactKey: Guid(71443470d562b3b41be98d6eebebf900) Importer(2089858483,b0f066a214c2f5e87bad3c948f4d605d)
Start importing Assets/GolfAssets/Settings/Very High_PipelineAsset_ForwardRenderer.asset using Guid(71443470d562b3b41be98d6eebebf900) Importer(2089858483,b0f066a214c2f5e87bad3c948f4d605d) (ScriptedImporter) -> (artifact id: '652e62c0409feb681d0e90fd27ce6615') in 0.0390895 seconds
Number of updated asset objects reloaded before import = 0Number of asset objects unloaded after import = 1

========================================================================
Received Import Request.
  Time since last request: 0.000019 seconds.
  path: Assets/GolfAssets/Textures/Bumpers/1_DefaultMaterial_AlbedoTransparency.png
  artifactKey: Guid(54c3979f6b73af244afccae2bf43a60b) Importer(2089858483,b0f066a214c2f5e87bad3c948f4d605d)
Start importing Assets/GolfAssets/Textures/Bumpers/1_DefaultMaterial_AlbedoTransparency.png using Guid(54c3979f6b73af244afccae2bf43a60b) Importer(2089858483,b0f066a214c2f5e87bad3c948f4d605d) (ScriptedImporter) -> (artifact id: '7eed87c779145376305a60a8cc766550') in 0.040225 seconds
Number of updated asset objects reloaded before import = 0Number of asset objects unloaded after import = 1

========================================================================
Received Import Request.
  Time since last request: 0.000021 seconds.
  path: Assets/GolfAssets
  artifactKey: Guid(0a2f9949cfe509a4ca35d8285bad819d) Importer(2089858483,b0f066a214c2f5e87bad3c948f4d605d)
Start importing Assets/GolfAssets using Guid(0a2f9949cfe509a4ca35d8285bad819d) Importer(2089858483,b0f066a214c2f5e87bad3c948f4d605d) (ScriptedImporter) -> (artifact id: 'b50f1376655abacce10068441b0e8848') in 0.0071446 seconds
Number of updated asset objects reloaded before import = 0Number of asset objects unloaded after import = 1

========================================================================
Received Import Request.
  Time since last request: 0.000026 seconds.
  path: Assets/GolfAssets/Settings/Medium_PipelineAsset.asset
  artifactKey: Guid(7f423b31b6934b349b3ab8d7c337eafd) Importer(2089858483,b0f066a214c2f5e87bad3c948f4d605d)
Start importing Assets/GolfAssets/Settings/Medium_PipelineAsset.asset using Guid(7f423b31b6934b349b3ab8d7c337eafd) Importer(2089858483,b0f066a214c2f5e87bad3c948f4d605d) (ScriptedImporter) -> (artifact id: '4475e69aa1185ff688a289de6a32bcb8') in 0.0469697 seconds
Number of updated asset objects reloaded before import = 0Number of asset objects unloaded after import = 2

========================================================================
Received Import Request.
  Time since last request: 6.255630 seconds.
  path: Assets/Golf Assets/Textures/FrogPortals
  artifactKey: Guid(21871a81b88660e489f012322eb09cd6) Importer(2089858483,b0f066a214c2f5e87bad3c948f4d605d)
Start importing Assets/Golf Assets/Textures/FrogPortals using Guid(21871a81b88660e489f012322eb09cd6) Importer(2089858483,b0f066a214c2f5e87bad3c948f4d605d) (ScriptedImporter) -> (artifact id: 'a6455012a133c38403fced7e42e32a3b') in 0.0088452 seconds
Number of updated asset objects reloaded before import = 0Number of asset objects unloaded after import = 1

========================================================================
Received Import Request.
  Time since last request: 0.000017 seconds.
  path: Assets/Golf Assets/Models/Level/Part1/D90Hole.fbx
  artifactKey: Guid(365e5ae3ed1abbf4bb47a85ef2e5f10d) Importer(2089858483,b0f066a214c2f5e87bad3c948f4d605d)
Start importing Assets/Golf Assets/Models/Level/Part1/D90Hole.fbx using Guid(365e5ae3ed1abbf4bb47a85ef2e5f10d) Importer(2089858483,b0f066a214c2f5e87bad3c948f4d605d) (ScriptedImporter) -> (artifact id: '8a070266fdac70a8315d6347506d1356') in 0.0155409 seconds
Number of updated asset objects reloaded before import = 0Number of asset objects unloaded after import = 9

========================================================================
Received Import Request.
  Time since last request: 0.000014 seconds.
  path: Assets/Golf Assets/Prefabs/Level/Norails.prefab
  artifactKey: Guid(0e5b43409606cc54c994716deef95891) Importer(2089858483,b0f066a214c2f5e87bad3c948f4d605d)
Start importing Assets/Golf Assets/Prefabs/Level/Norails.prefab using Guid(0e5b43409606cc54c994716deef95891) Importer(2089858483,b0f066a214c2f5e87bad3c948f4d605d) (ScriptedImporter) -> (artifact id: '14d2fb6d214793b2391c6128fbc440e8') in 0.0108398 seconds
Number of updated asset objects reloaded before import = 0Number of asset objects unloaded after import = 16

========================================================================
Received Import Request.
  Time since last request: 0.000018 seconds.
  path: Assets/Golf Assets/Prefabs/Collectables
  artifactKey: Guid(9f4eb0e7c84a5a2448948d62097749d6) Importer(2089858483,b0f066a214c2f5e87bad3c948f4d605d)
Start importing Assets/Golf Assets/Prefabs/Collectables using Guid(9f4eb0e7c84a5a2448948d62097749d6) Importer(2089858483,b0f066a214c2f5e87bad3c948f4d605d) (ScriptedImporter) -> (artifact id: 'b3bfe9dd914e694af39d2cf30eb6a369') in 0.006542 seconds
Number of updated asset objects reloaded before import = 0Number of asset objects unloaded after import = 1

========================================================================
Received Import Request.
  Time since last request: 0.000020 seconds.
  path: Assets/Golf Assets/Prefabs/InteractProps/PoweUpBox.prefab
  artifactKey: Guid(14604b418a7b37d4898f571207b5ada3) Importer(2089858483,b0f066a214c2f5e87bad3c948f4d605d)
Start importing Assets/Golf Assets/Prefabs/InteractProps/PoweUpBox.prefab using Guid(14604b418a7b37d4898f571207b5ada3) Importer(2089858483,b0f066a214c2f5e87bad3c948f4d605d) (ScriptedImporter) -> (artifact id: '41b94841c0d1a0238bfb0e9d5a022981') in 0.0099996 seconds
Number of updated asset objects reloaded before import = 0Number of asset objects unloaded after import = 15

========================================================================
Received Import Request.
  Time since last request: 0.000017 seconds.
  path: Assets/Golf Assets/Prefabs/Collectables/Gold.prefab
  artifactKey: Guid(bc6251a383d566d459b5f017395d38db) Importer(2089858483,b0f066a214c2f5e87bad3c948f4d605d)
Start importing Assets/Golf Assets/Prefabs/Collectables/Gold.prefab using Guid(bc6251a383d566d459b5f017395d38db) Importer(2089858483,b0f066a214c2f5e87bad3c948f4d605d) (ScriptedImporter) -> (artifact id: '3c2efd03451e62b2eb0f977eab8b99a2') in 0.0100638 seconds
Number of updated asset objects reloaded before import = 0Number of asset objects unloaded after import = 15

========================================================================
Received Import Request.
  Time since last request: 0.000025 seconds.
  path: Assets/Golf Assets/Settings/Ultra_PipelineAsset.asset
  artifactKey: Guid(1f3f6f826abe4314396f3d717bf9c0a6) Importer(2089858483,b0f066a214c2f5e87bad3c948f4d605d)
Start importing Assets/Golf Assets/Settings/Ultra_PipelineAsset.asset using Guid(1f3f6f826abe4314396f3d717bf9c0a6) Importer(2089858483,b0f066a214c2f5e87bad3c948f4d605d) (ScriptedImporter) -> (artifact id: '06f1a9b5a0a4b2f020a83693fa296a6a') in 0.0181085 seconds
Number of updated asset objects reloaded before import = 0Number of asset objects unloaded after import = 2

========================================================================
Received Import Request.
  Time since last request: 0.000013 seconds.
  path: Assets/Golf Assets/Prefabs/Level/FullSquareHole.prefab
  artifactKey: Guid(2ee6522565e79054186d969618184731) Importer(2089858483,b0f066a214c2f5e87bad3c948f4d605d)
Start importing Assets/Golf Assets/Prefabs/Level/FullSquareHole.prefab using Guid(2ee6522565e79054186d969618184731) Importer(2089858483,b0f066a214c2f5e87bad3c948f4d605d) (ScriptedImporter) -> (artifact id: '903a91344eb342dee50037270ab13c77') in 0.0108617 seconds
Number of updated asset objects reloaded before import = 0Number of asset objects unloaded after import = 16

========================================================================
Received Import Request.
  Time since last request: 0.000016 seconds.
  path: Assets/Golf Assets/Models/BG
  artifactKey: Guid(86a2a71deacd2c9419f5e2b1534e9dba) Importer(2089858483,b0f066a214c2f5e87bad3c948f4d605d)
Start importing Assets/Golf Assets/Models/BG using Guid(86a2a71deacd2c9419f5e2b1534e9dba) Importer(2089858483,b0f066a214c2f5e87bad3c948f4d605d) (ScriptedImporter) -> (artifact id: 'dd3015b2644872bee0da02256805f8cc') in 0.0066031 seconds
Number of updated asset objects reloaded before import = 0Number of asset objects unloaded after import = 1

========================================================================
Received Import Request.
  Time since last request: 0.000014 seconds.
  path: Assets/Golf Assets/Textures/CheckerSmall.png
  artifactKey: Guid(8f5d3c639e3be824dbfcbe027f51f0f4) Importer(2089858483,b0f066a214c2f5e87bad3c948f4d605d)
Start importing Assets/Golf Assets/Textures/CheckerSmall.png using Guid(8f5d3c639e3be824dbfcbe027f51f0f4) Importer(2089858483,b0f066a214c2f5e87bad3c948f4d605d) (ScriptedImporter) -> (artifact id: 'e9f705f1282b7cdc6fea6f4cd11d6187') in 0.0106366 seconds
Number of updated asset objects reloaded before import = 0Number of asset objects unloaded after import = 1

========================================================================
Received Import Request.
  Time since last request: 0.000018 seconds.
  path: Assets/Golf Assets/Materials/Cosmetics
  artifactKey: Guid(d46e48eb33e7cf546a01b7ae298e38f8) Importer(2089858483,b0f066a214c2f5e87bad3c948f4d605d)
Start importing Assets/Golf Assets/Materials/Cosmetics using Guid(d46e48eb33e7cf546a01b7ae298e38f8) Importer(2089858483,b0f066a214c2f5e87bad3c948f4d605d) (ScriptedImporter) -> (artifact id: 'fc9c28b5f50e64c3c29f9990f6573470') in 0.0061205 seconds
Number of updated asset objects reloaded before import = 0Number of asset objects unloaded after import = 1

========================================================================
Received Import Request.
  Time since last request: 0.000017 seconds.
  path: Assets/Golf Assets/Models/Level/Part1/180Hole.fbx
  artifactKey: Guid(a39c9ad32663fc3469c949f22132998a) Importer(2089858483,b0f066a214c2f5e87bad3c948f4d605d)
Start importing Assets/Golf Assets/Models/Level/Part1/180Hole.fbx using Guid(a39c9ad32663fc3469c949f22132998a) Importer(2089858483,b0f066a214c2f5e87bad3c948f4d605d) (ScriptedImporter) -> (artifact id: '2472e4fac904e0eb700eb466cf00cbc4') in 0.0150715 seconds
Number of updated asset objects reloaded before import = 0Number of asset objects unloaded after import = 9

========================================================================
Received Import Request.
  Time since last request: 0.000023 seconds.
  path: Assets/Golf Assets/Materials/Checker.mat
  artifactKey: Guid(7e5416e01220b99449642aa7273d280d) Importer(2089858483,b0f066a214c2f5e87bad3c948f4d605d)
Start importing Assets/Golf Assets/Materials/Checker.mat using Guid(7e5416e01220b99449642aa7273d280d) Importer(2089858483,b0f066a214c2f5e87bad3c948f4d605d) (ScriptedImporter) -> (artifact id: '00edfabfd5fbf07b9c759a843b8c9736') in 0.0114021 seconds
Number of updated asset objects reloaded before import = 0Number of asset objects unloaded after import = 3

========================================================================
Received Import Request.
  Time since last request: 0.000028 seconds.
  path: Assets/Golf Assets/Models/Level/Part1/EdgeBit.fbx
  artifactKey: Guid(ebd61321df7157d418d4d08fedecea5a) Importer(2089858483,b0f066a214c2f5e87bad3c948f4d605d)
Start importing Assets/Golf Assets/Models/Level/Part1/EdgeBit.fbx using Guid(ebd61321df7157d418d4d08fedecea5a) Importer(2089858483,b0f066a214c2f5e87bad3c948f4d605d) (ScriptedImporter) -> (artifact id: 'c26082f883b8cf6c9ff95842d7da5e44') in 0.0184397 seconds
Number of updated asset objects reloaded before import = 0Number of asset objects unloaded after import = 8

========================================================================
Received Import Request.
  Time since last request: 0.000015 seconds.
  path: Assets/Golf Assets/Models/FrogPortals/FrogPortalExit.fbx
  artifactKey: Guid(b8bfd9e547145844a8f7c60fae2f9642) Importer(2089858483,b0f066a214c2f5e87bad3c948f4d605d)
Start importing Assets/Golf Assets/Models/FrogPortals/FrogPortalExit.fbx using Guid(b8bfd9e547145844a8f7c60fae2f9642) Importer(2089858483,b0f066a214c2f5e87bad3c948f4d605d) (ScriptedImporter) -> (artifact id: '2d373e61b1641867ab216a778335b395') in 0.0117348 seconds
Number of updated asset objects reloaded before import = 0Number of asset objects unloaded after import = 7

========================================================================
Received Import Request.
  Time since last request: 0.000014 seconds.
  path: Assets/Golf Assets/Models/Level/Part1/90hole.fbx
  artifactKey: Guid(8c732a3a3b1464349b9489fae511d295) Importer(2089858483,b0f066a214c2f5e87bad3c948f4d605d)
Start importing Assets/Golf Assets/Models/Level/Part1/90hole.fbx using Guid(8c732a3a3b1464349b9489fae511d295) Importer(2089858483,b0f066a214c2f5e87bad3c948f4d605d) (ScriptedImporter) -> (artifact id: '986a8447fcc02f8130ae8f5e6f4d385c') in 0.0134568 seconds
Number of updated asset objects reloaded before import = 0Number of asset objects unloaded after import = 9

========================================================================
Received Import Request.
  Time since last request: 0.000015 seconds.
  path: Assets/Golf Assets/Models/Level/Part1/EndHole.fbx
  artifactKey: Guid(1131365b306e52741a40261b0e0b4f39) Importer(2089858483,b0f066a214c2f5e87bad3c948f4d605d)
Start importing Assets/Golf Assets/Models/Level/Part1/EndHole.fbx using Guid(1131365b306e52741a40261b0e0b4f39) Importer(2089858483,b0f066a214c2f5e87bad3c948f4d605d) (ScriptedImporter) -> (artifact id: '595f39ac25d87bdcef2dc7ebb617310a') in 0.015534 seconds
Number of updated asset objects reloaded before import = 0Number of asset objects unloaded after import = 9

========================================================================
Received Import Request.
  Time since last request: 0.000018 seconds.
  path: Assets/Golf Assets/Textures/CheckerRandom2.png
  artifactKey: Guid(8d7d817c049c940479a5a3ffbda46cb3) Importer(2089858483,b0f066a214c2f5e87bad3c948f4d605d)
Start importing Assets/Golf Assets/Textures/CheckerRandom2.png using Guid(8d7d817c049c940479a5a3ffbda46cb3) Importer(2089858483,b0f066a214c2f5e87bad3c948f4d605d) (ScriptedImporter) -> (artifact id: '5221cd6a0c65f91cfecf302ca602c94f') in 0.0104303 seconds
Number of updated asset objects reloaded before import = 0Number of asset objects unloaded after import = 1

========================================================================
Received Import Request.
  Time since last request: 0.000017 seconds.
  path: Assets/Golf Assets/Settings/High_PipelineAsset.asset
  artifactKey: Guid(cf2a1487d1e296942a7b33275e718201) Importer(2089858483,b0f066a214c2f5e87bad3c948f4d605d)
Start importing Assets/Golf Assets/Settings/High_PipelineAsset.asset using Guid(cf2a1487d1e296942a7b33275e718201) Importer(2089858483,b0f066a214c2f5e87bad3c948f4d605d) (ScriptedImporter) -> (artifact id: '83bc837ef85491b7ce0a89d153113e3d') in 0.0141758 seconds
Number of updated asset objects reloaded before import = 0Number of asset objects unloaded after import = 2

========================================================================
Received Import Request.
  Time since last request: 0.000024 seconds.
  path: Assets/Golf Assets/Textures/Hammer,Flag/1_DefaultMaterial_AlbedoTransparency.png
  artifactKey: Guid(28484795503ec1747ba7fb6f5f1e9067) Importer(2089858483,b0f066a214c2f5e87bad3c948f4d605d)
Start importing Assets/Golf Assets/Textures/Hammer,Flag/1_DefaultMaterial_AlbedoTransparency.png using Guid(28484795503ec1747ba7fb6f5f1e9067) Importer(2089858483,b0f066a214c2f5e87bad3c948f4d605d) (ScriptedImporter) -> (artifact id: '0e7513cf6f260f21a62d956d244f6be3') in 0.0102898 seconds
Number of updated asset objects reloaded before import = 0Number of asset objects unloaded after import = 1

========================================================================
Received Import Request.
  Time since last request: 0.000013 seconds.
  path: Assets/Golf Assets/Materials/Coins.mat
  artifactKey: Guid(87961895e957b134b820ac37199b0990) Importer(2089858483,b0f066a214c2f5e87bad3c948f4d605d)
Start importing Assets/Golf Assets/Materials/Coins.mat using Guid(87961895e957b134b820ac37199b0990) Importer(2089858483,b0f066a214c2f5e87bad3c948f4d605d) (ScriptedImporter) -> (artifact id: '86f58b7521f66a1680d1348fbb429348') in 0.0101892 seconds
Number of updated asset objects reloaded before import = 0Number of asset objects unloaded after import = 3

========================================================================
Received Import Request.
  Time since last request: 0.000016 seconds.
  path: Assets/Golf Assets/Models/Level/Part1/SidesHazard.fbx
  artifactKey: Guid(1c7ea2b800625ec4a90eb9c7bcc4c59b) Importer(2089858483,b0f066a214c2f5e87bad3c948f4d605d)
Start importing Assets/Golf Assets/Models/Level/Part1/SidesHazard.fbx using Guid(1c7ea2b800625ec4a90eb9c7bcc4c59b) Importer(2089858483,b0f066a214c2f5e87bad3c948f4d605d) (ScriptedImporter) -> (artifact id: '653a0b1bfc4a330de3b69c1a821e0911') in 0.0133434 seconds
Number of updated asset objects reloaded before import = 0Number of asset objects unloaded after import = 9

========================================================================
Received Import Request.
  Time since last request: 0.000015 seconds.
  path: Assets/Golf Assets/Prefabs/Flag.prefab
  artifactKey: Guid(80bc920729f878f43b98497f9905649f) Importer(2089858483,b0f066a214c2f5e87bad3c948f4d605d)
Start importing Assets/Golf Assets/Prefabs/Flag.prefab using Guid(80bc920729f878f43b98497f9905649f) Importer(2089858483,b0f066a214c2f5e87bad3c948f4d605d) (ScriptedImporter) -> (artifact id: '4bd54cf8a46933fb2df70bd6108bb778') in 0.0123576 seconds
Number of updated asset objects reloaded before import = 0Number of asset objects unloaded after import = 50

========================================================================
Received Import Request.
  Time since last request: 0.000017 seconds.
  path: Assets/Golf Assets/Textures/Pipes/1_DefaultMaterial_Normal.png
  artifactKey: Guid(a0f85d997b5641f41b324b103085faee) Importer(2089858483,b0f066a214c2f5e87bad3c948f4d605d)
Start importing Assets/Golf Assets/Textures/Pipes/1_DefaultMaterial_Normal.png using Guid(a0f85d997b5641f41b324b103085faee) Importer(2089858483,b0f066a214c2f5e87bad3c948f4d605d) (ScriptedImporter) -> (artifact id: '00f7e64785ee0b008417585552a2dd0f') in 0.0107532 seconds
Number of updated asset objects reloaded before import = 0Number of asset objects unloaded after import = 1

========================================================================
Received Import Request.
  Time since last request: 0.000014 seconds.
  path: Assets/Golf Assets/Materials/Blur.mat
  artifactKey: Guid(ee626e974c3baee4389457aae66805d2) Importer(2089858483,b0f066a214c2f5e87bad3c948f4d605d)
Start importing Assets/Golf Assets/Materials/Blur.mat using Guid(ee626e974c3baee4389457aae66805d2) Importer(2089858483,b0f066a214c2f5e87bad3c948f4d605d) (ScriptedImporter) -> (artifact id: 'd2c946950126520436d56cb7691aa94a') in 0.0113625 seconds
Number of updated asset objects reloaded before import = 0Number of asset objects unloaded after import = 6

========================================================================
Received Import Request.
  Time since last request: 0.000026 seconds.
  path: Assets/Golf Assets/Models/Bumpers/Bumper.fbx
  artifactKey: Guid(60af87ea6ce0ac441a159dcd6b25b928) Importer(2089858483,b0f066a214c2f5e87bad3c948f4d605d)
Start importing Assets/Golf Assets/Models/Bumpers/Bumper.fbx using Guid(60af87ea6ce0ac441a159dcd6b25b928) Importer(2089858483,b0f066a214c2f5e87bad3c948f4d605d) (ScriptedImporter) -> (artifact id: '05d66e7eded0feb225c64fe6d4fd9d73') in 0.011157 seconds
Number of updated asset objects reloaded before import = 0Number of asset objects unloaded after import = 7

========================================================================
Received Import Request.
  Time since last request: 0.000015 seconds.
  path: Assets/Golf Assets/Models/Level/Part1/RampSide.fbx
  artifactKey: Guid(d00b47ca72298014ab3fbdf735f61aa3) Importer(2089858483,b0f066a214c2f5e87bad3c948f4d605d)
Start importing Assets/Golf Assets/Models/Level/Part1/RampSide.fbx using Guid(d00b47ca72298014ab3fbdf735f61aa3) Importer(2089858483,b0f066a214c2f5e87bad3c948f4d605d) (ScriptedImporter) -> (artifact id: '12d1e52c9f1599c6db006390d68092c9') in 0.015146 seconds
Number of updated asset objects reloaded before import = 0Number of asset objects unloaded after import = 9

========================================================================
Received Import Request.
  Time since last request: 5.362216 seconds.
  path: Assets/Class 8th (Physics System)/Golf Assets/Materials/Checker 2.mat
  artifactKey: Guid(31c2f8f13deba7341983220e684e2880) Importer(815301076,1909f56bfc062723c751e8b465ee728b)
Start importing Assets/Class 8th (Physics System)/Golf Assets/Materials/Checker 2.mat using Guid(31c2f8f13deba7341983220e684e2880) Importer(815301076,1909f56bfc062723c751e8b465ee728b) (PreviewImporter) -> (artifact id: '5a08e4011ce23b4784b3e3501c70d7fa') in 0.4595881 seconds
Number of updated asset objects reloaded before import = 0Number of asset objects unloaded after import = 3

========================================================================
Received Import Request.
  Time since last request: 0.000041 seconds.
  path: Assets/Class 8th (Physics System)/Golf Assets/Materials/CloudShader.mat
  artifactKey: Guid(914f7ebaf1c25584cbcc1f79a39bc163) Importer(815301076,1909f56bfc062723c751e8b465ee728b)
Start importing Assets/Class 8th (Physics System)/Golf Assets/Materials/CloudShader.mat using Guid(914f7ebaf1c25584cbcc1f79a39bc163) Importer(815301076,1909f56bfc062723c751e8b465ee728b) (PreviewImporter) -> (artifact id: 'ff62f208e243557cca980de88b222621') in 0.3874499 seconds
Number of updated asset objects reloaded before import = 0Number of asset objects unloaded after import = 6

========================================================================
Received Import Request.
  Time since last request: 2.925397 seconds.
  path: Assets/Class 8th (Physics System)/Golf Assets/Prefabs/InteractProps/WindMillFullColorFull.prefab
  artifactKey: Guid(2ab0f99324683f945be41d406774f595) Importer(2089858483,b0f066a214c2f5e87bad3c948f4d605d)
Start importing Assets/Class 8th (Physics System)/Golf Assets/Prefabs/InteractProps/WindMillFullColorFull.prefab using Guid(2ab0f99324683f945be41d406774f595) Importer(2089858483,b0f066a214c2f5e87bad3c948f4d605d) (ScriptedImporter) -> (artifact id: '135d7faacdcb93eb36a9155b8d32fb16') in 0.0093037 seconds
Number of updated asset objects reloaded before import = 0Number of asset objects unloaded after import = 25

========================================================================
Received Import Request.
  Time since last request: 0.460636 seconds.
  path: Assets/Class 8th (Physics System)/Golf Assets/Models/Interactable/Sticky.fbx
  artifactKey: Guid(6bf7a385e4751e548944746a8976176b) Importer(2089858483,b0f066a214c2f5e87bad3c948f4d605d)
Start importing Assets/Class 8th (Physics System)/Golf Assets/Models/Interactable/Sticky.fbx using Guid(6bf7a385e4751e548944746a8976176b) Importer(2089858483,b0f066a214c2f5e87bad3c948f4d605d) (ScriptedImporter) -> (artifact id: '6c2e1858a10c5f6baacd42abb4528933') in 0.0120867 seconds
Number of updated asset objects reloaded before import = 0Number of asset objects unloaded after import = 7

========================================================================
Received Import Request.
  Time since last request: 0.000028 seconds.
  path: Assets/Class 8th (Physics System)/Golf Assets/Models/FrogPortals/FrogPortalExit.fbx
  artifactKey: Guid(b8bfd9e547145844a8f7c60fae2f9642) Importer(2089858483,b0f066a214c2f5e87bad3c948f4d605d)
Start importing Assets/Class 8th (Physics System)/Golf Assets/Models/FrogPortals/FrogPortalExit.fbx using Guid(b8bfd9e547145844a8f7c60fae2f9642) Importer(2089858483,b0f066a214c2f5e87bad3c948f4d605d) (ScriptedImporter) -> (artifact id: '4ec6bcd33d34de267309593bb062a90c') in 0.0120501 seconds
Number of updated asset objects reloaded before import = 0Number of asset objects unloaded after import = 7

========================================================================
Received Import Request.
  Time since last request: 0.000033 seconds.
  path: Assets/Class 8th (Physics System)/Golf Assets/Prefabs/Level/180hole.prefab
  artifactKey: Guid(09f5b179f5cc1c34db8eb9ee2e815eab) Importer(2089858483,b0f066a214c2f5e87bad3c948f4d605d)
Start importing Assets/Class 8th (Physics System)/Golf Assets/Prefabs/Level/180hole.prefab using Guid(09f5b179f5cc1c34db8eb9ee2e815eab) Importer(2089858483,b0f066a214c2f5e87bad3c948f4d605d) (ScriptedImporter) -> (artifact id: '01352ccb0f1aae9ef785b81dba22dbe1') in 0.0130639 seconds
Number of updated asset objects reloaded before import = 0Number of asset objects unloaded after import = 16

========================================================================
Received Import Request.
  Time since last request: 0.000050 seconds.
  path: Assets/Class 8th (Physics System)/Golf Assets/Materials/Cosmetics/Waves.mat
  artifactKey: Guid(b5dc728b1127c8c439e97c8fa79ecf63) Importer(2089858483,b0f066a214c2f5e87bad3c948f4d605d)
Start importing Assets/Class 8th (Physics System)/Golf Assets/Materials/Cosmetics/Waves.mat using Guid(b5dc728b1127c8c439e97c8fa79ecf63) Importer(2089858483,b0f066a214c2f5e87bad3c948f4d605d) (ScriptedImporter) -> (artifact id: '3b5a9bdc56b915e4655a7b5da62adde9') in 0.0093628 seconds
Number of updated asset objects reloaded before import = 0Number of asset objects unloaded after import = 2

========================================================================
Received Import Request.
  Time since last request: 0.000020 seconds.
  path: Assets/Class 8th (Physics System)/Golf Assets/Prefabs/Level/Sideshole.prefab
  artifactKey: Guid(bda3565a89cd92246bf155134b407f2b) Importer(2089858483,b0f066a214c2f5e87bad3c948f4d605d)
Start importing Assets/Class 8th (Physics System)/Golf Assets/Prefabs/Level/Sideshole.prefab using Guid(bda3565a89cd92246bf155134b407f2b) Importer(2089858483,b0f066a214c2f5e87bad3c948f4d605d) (ScriptedImporter) -> (artifact id: '11a04d63d30090e6be4439dd06bb1215') in 0.0136005 seconds
Number of updated asset objects reloaded before import = 0Number of asset objects unloaded after import = 16

========================================================================
Received Import Request.
  Time since last request: 0.000033 seconds.
  path: Assets/Class 8th (Physics System)/Golf Assets/Models/Pipes/StraightEnter.fbx
  artifactKey: Guid(a9e7de17129eec346912eba82014c99a) Importer(2089858483,b0f066a214c2f5e87bad3c948f4d605d)
Start importing Assets/Class 8th (Physics System)/Golf Assets/Models/Pipes/StraightEnter.fbx using Guid(a9e7de17129eec346912eba82014c99a) Importer(2089858483,b0f066a214c2f5e87bad3c948f4d605d) (ScriptedImporter) -> (artifact id: '2067dddb00cba4c1df3660bbe5470240') in 0.0122158 seconds
Number of updated asset objects reloaded before import = 0Number of asset objects unloaded after import = 7

========================================================================
Received Import Request.
  Time since last request: 0.000027 seconds.
  path: Assets/Class 8th (Physics System)/Golf Assets/Textures/Cosmetics/leaf/Sphere_DefaultMaterial_AlbedoTransparency.png
  artifactKey: Guid(7ca808cc66dce0342bbbf60759d1870b) Importer(2089858483,b0f066a214c2f5e87bad3c948f4d605d)
Start importing Assets/Class 8th (Physics System)/Golf Assets/Textures/Cosmetics/leaf/Sphere_DefaultMaterial_AlbedoTransparency.png using Guid(7ca808cc66dce0342bbbf60759d1870b) Importer(2089858483,b0f066a214c2f5e87bad3c948f4d605d) (ScriptedImporter) -> (artifact id: '200a58540f7c164d1152a2ae4e1d4bdd') in 0.0107675 seconds
Number of updated asset objects reloaded before import = 0Number of asset objects unloaded after import = 1

========================================================================
Received Import Request.
  Time since last request: 0.000027 seconds.
  path: Assets/Class 8th (Physics System)/Golf Assets/Models/Pipes/Turn.fbx
  artifactKey: Guid(54be1cfc157295a4f92baa36930717e4) Importer(2089858483,b0f066a214c2f5e87bad3c948f4d605d)
Start importing Assets/Class 8th (Physics System)/Golf Assets/Models/Pipes/Turn.fbx using Guid(54be1cfc157295a4f92baa36930717e4) Importer(2089858483,b0f066a214c2f5e87bad3c948f4d605d) (ScriptedImporter) -> (artifact id: '7204a944e5c99c2c66e8656c064864f9') in 0.0119381 seconds
Number of updated asset objects reloaded before import = 0Number of asset objects unloaded after import = 7

========================================================================
Received Import Request.
  Time since last request: 0.000032 seconds.
  path: Assets/Class 8th (Physics System)/Golf Assets/Materials/Coins.mat
  artifactKey: Guid(87961895e957b134b820ac37199b0990) Importer(2089858483,b0f066a214c2f5e87bad3c948f4d605d)
Start importing Assets/Class 8th (Physics System)/Golf Assets/Materials/Coins.mat using Guid(87961895e957b134b820ac37199b0990) Importer(2089858483,b0f066a214c2f5e87bad3c948f4d605d) (ScriptedImporter) -> (artifact id: '0684b492587e45cd2e0eb052113c2e52') in 0.0108006 seconds
Number of updated asset objects reloaded before import = 0Number of asset objects unloaded after import = 3

========================================================================
Received Import Request.
  Time since last request: 0.000022 seconds.
  path: Assets/Class 8th (Physics System)/Golf Assets/Prefabs/Level/End.prefab
  artifactKey: Guid(04b8659cad704624588994bd97ac4637) Importer(2089858483,b0f066a214c2f5e87bad3c948f4d605d)
Start importing Assets/Class 8th (Physics System)/Golf Assets/Prefabs/Level/End.prefab using Guid(04b8659cad704624588994bd97ac4637) Importer(2089858483,b0f066a214c2f5e87bad3c948f4d605d) (ScriptedImporter) -> (artifact id: '8413d6708f24cbcff5fe56df346457ee') in 0.0105443 seconds
Number of updated asset objects reloaded before import = 0Number of asset objects unloaded after import = 16

========================================================================
Received Import Request.
  Time since last request: 0.000022 seconds.
  path: Assets/Class 8th (Physics System)/Golf Assets/Prefabs/Flag.prefab
  artifactKey: Guid(80bc920729f878f43b98497f9905649f) Importer(2089858483,b0f066a214c2f5e87bad3c948f4d605d)
Start importing Assets/Class 8th (Physics System)/Golf Assets/Prefabs/Flag.prefab using Guid(80bc920729f878f43b98497f9905649f) Importer(2089858483,b0f066a214c2f5e87bad3c948f4d605d) (ScriptedImporter) -> (artifact id: 'fd52f7e14f652ca85030be04373696b7') in 0.0107132 seconds
Number of updated asset objects reloaded before import = 0Number of asset objects unloaded after import = 50

========================================================================
Received Import Request.
  Time since last request: 0.000023 seconds.
  path: Assets/Class 8th (Physics System)/Golf Assets/Prefabs/Level/Endhole.prefab
  artifactKey: Guid(ad6c6fd7e14427047823a5d2f14b53c6) Importer(2089858483,b0f066a214c2f5e87bad3c948f4d605d)
Start importing Assets/Class 8th (Physics System)/Golf Assets/Prefabs/Level/Endhole.prefab using Guid(ad6c6fd7e14427047823a5d2f14b53c6) Importer(2089858483,b0f066a214c2f5e87bad3c948f4d605d) (ScriptedImporter) -> (artifact id: 'ddccd2bc4671a8493f07c4ba721a9425') in 0.0107975 seconds
Number of updated asset objects reloaded before import = 0Number of asset objects unloaded after import = 16

========================================================================
Received Import Request.
  Time since last request: 0.000021 seconds.
  path: Assets/Class 8th (Physics System)/Golf Assets/Models/Level/Part1/180.fbx
  artifactKey: Guid(7d77236cdfdedaf49a9e8b54557cb24d) Importer(2089858483,b0f066a214c2f5e87bad3c948f4d605d)
Start importing Assets/Class 8th (Physics System)/Golf Assets/Models/Level/Part1/180.fbx using Guid(7d77236cdfdedaf49a9e8b54557cb24d) Importer(2089858483,b0f066a214c2f5e87bad3c948f4d605d) (ScriptedImporter) -> (artifact id: 'cf8e1559b1c5189d609b7ffee2f61650') in 0.0142902 seconds
Number of updated asset objects reloaded before import = 0Number of asset objects unloaded after import = 9

========================================================================
Received Import Request.
  Time since last request: 0.000026 seconds.
  path: Assets/Class 8th (Physics System)/Golf Assets/Prefabs/Level/Turn.prefab
  artifactKey: Guid(1998c21e38ccd7c469ef87eb37027db7) Importer(2089858483,b0f066a214c2f5e87bad3c948f4d605d)
Start importing Assets/Class 8th (Physics System)/Golf Assets/Prefabs/Level/Turn.prefab using Guid(1998c21e38ccd7c469ef87eb37027db7) Importer(2089858483,b0f066a214c2f5e87bad3c948f4d605d) (ScriptedImporter) -> (artifact id: 'c583228c8e38fb5b20fa82aa192728fa') in 0.0107286 seconds
Number of updated asset objects reloaded before import = 0Number of asset objects unloaded after import = 16

========================================================================
Received Import Request.
  Time since last request: 0.000031 seconds.
  path: Assets/Class 8th (Physics System)/Golf Assets/Textures/Cosmetics/golf/Sphere_DefaultMaterial_AlbedoTransparency.png
  artifactKey: Guid(8e429d7f9a33fb64bacaf6776e9e8cf2) Importer(2089858483,b0f066a214c2f5e87bad3c948f4d605d)
Start importing Assets/Class 8th (Physics System)/Golf Assets/Textures/Cosmetics/golf/Sphere_DefaultMaterial_AlbedoTransparency.png using Guid(8e429d7f9a33fb64bacaf6776e9e8cf2) Importer(2089858483,b0f066a214c2f5e87bad3c948f4d605d) (ScriptedImporter) -> (artifact id: '895c4e92dbb475d27ff073a12ac01eec') in 0.0140406 seconds
Number of updated asset objects reloaded before import = 0Number of asset objects unloaded after import = 1

========================================================================
Received Import Request.
  Time since last request: 0.000022 seconds.
  path: Assets/Class 8th (Physics System)/Golf Assets/Models/Level/Part1/FullSquare.fbx
  artifactKey: Guid(22e396fd49cd80847be533f78a4cc434) Importer(2089858483,b0f066a214c2f5e87bad3c948f4d605d)
Start importing Assets/Class 8th (Physics System)/Golf Assets/Models/Level/Part1/FullSquare.fbx using Guid(22e396fd49cd80847be533f78a4cc434) Importer(2089858483,b0f066a214c2f5e87bad3c948f4d605d) (ScriptedImporter) -> (artifact id: 'e332f3a194757d9823b04f190d798956') in 0.0157051 seconds
Number of updated asset objects reloaded before import = 0Number of asset objects unloaded after import = 9

========================================================================
Received Import Request.
  Time since last request: 0.000020 seconds.
  path: Assets/Class 8th (Physics System)/Golf Assets/Prefabs/Pipes/PipeStraight.prefab
  artifactKey: Guid(47e09b6e6781c3f47b6ac77fd181518a) Importer(2089858483,b0f066a214c2f5e87bad3c948f4d605d)
Start importing Assets/Class 8th (Physics System)/Golf Assets/Prefabs/Pipes/PipeStraight.prefab using Guid(47e09b6e6781c3f47b6ac77fd181518a) Importer(2089858483,b0f066a214c2f5e87bad3c948f4d605d) (ScriptedImporter) -> (artifact id: 'af200fe00c7a00e283beb598b4184fdf') in 0.0119088 seconds
Number of updated asset objects reloaded before import = 0Number of asset objects unloaded after import = 16

========================================================================
Received Import Request.
  Time since last request: 0.000020 seconds.
  path: Assets/Class 8th (Physics System)/Golf Assets/Prefabs/Level/SidesHazard.prefab
  artifactKey: Guid(c515f3e5539b8884ea7f2e1a4d94a27c) Importer(2089858483,b0f066a214c2f5e87bad3c948f4d605d)
Start importing Assets/Class 8th (Physics System)/Golf Assets/Prefabs/Level/SidesHazard.prefab using Guid(c515f3e5539b8884ea7f2e1a4d94a27c) Importer(2089858483,b0f066a214c2f5e87bad3c948f4d605d) (ScriptedImporter) -> (artifact id: '560a3731e6f0d4309fb93d4c43a6fab8') in 0.0110734 seconds
Number of updated asset objects reloaded before import = 0Number of asset objects unloaded after import = 16

========================================================================
Received Import Request.
  Time since last request: 0.000024 seconds.
  path: Assets/Class 8th (Physics System)/Golf Assets/Materials/Cosmetics/Grass.mat
  artifactKey: Guid(6ee8ceff90aaa8141a921bf5d9193c79) Importer(815301076,1909f56bfc062723c751e8b465ee728b)
Start importing Assets/Class 8th (Physics System)/Golf Assets/Materials/Cosmetics/Grass.mat using Guid(6ee8ceff90aaa8141a921bf5d9193c79) Importer(815301076,1909f56bfc062723c751e8b465ee728b) (PreviewImporter) -> (artifact id: 'abaef778a487cbb03a74a94f6ea84761') in 0.0126691 seconds
Number of updated asset objects reloaded before import = 0Number of asset objects unloaded after import = 2

========================================================================
Received Import Request.
  Time since last request: 0.000027 seconds.
  path: Assets/Class 8th (Physics System)/Golf Assets/Models/Level/Part1/DownHill.fbx
  artifactKey: Guid(5ade7cff89359ee4dbed68f149b42c61) Importer(2089858483,b0f066a214c2f5e87bad3c948f4d605d)
Start importing Assets/Class 8th (Physics System)/Golf Assets/Models/Level/Part1/DownHill.fbx using Guid(5ade7cff89359ee4dbed68f149b42c61) Importer(2089858483,b0f066a214c2f5e87bad3c948f4d605d) (ScriptedImporter) -> (artifact id: 'c656a10af864d0b7677848d9a0ea1466') in 0.0161232 seconds
Number of updated asset objects reloaded before import = 0Number of asset objects unloaded after import = 9

========================================================================
Received Import Request.
  Time since last request: 0.000033 seconds.
  path: Assets/Class 8th (Physics System)/Golf Assets/Prefabs/Level/D90Hole.prefab
  artifactKey: Guid(d083cbe67f0707b4f839377875d4dc75) Importer(2089858483,b0f066a214c2f5e87bad3c948f4d605d)
Start importing Assets/Class 8th (Physics System)/Golf Assets/Prefabs/Level/D90Hole.prefab using Guid(d083cbe67f0707b4f839377875d4dc75) Importer(2089858483,b0f066a214c2f5e87bad3c948f4d605d) (ScriptedImporter) -> (artifact id: 'df07f2e92c6d31f92052d5c222afb834') in 0.010354 seconds
Number of updated asset objects reloaded before import = 0Number of asset objects unloaded after import = 16

========================================================================
Received Import Request.
  Time since last request: 0.192715 seconds.
  path: Assets/Class 8th (Physics System)/Golf Assets/Textures/Coins
  artifactKey: Guid(203c62962bdc2d54eba445fe929995b1) Importer(2089858483,b0f066a214c2f5e87bad3c948f4d605d)
Start importing Assets/Class 8th (Physics System)/Golf Assets/Textures/Coins using Guid(203c62962bdc2d54eba445fe929995b1) Importer(2089858483,b0f066a214c2f5e87bad3c948f4d605d) (ScriptedImporter) -> (artifact id: '41dd9daccfb9c0379e88bea4e74a286a') in 0.0086201 seconds
Number of updated asset objects reloaded before import = 0Number of asset objects unloaded after import = 1

========================================================================
Received Import Request.
  Time since last request: 0.000021 seconds.
  path: Assets/Class 8th (Physics System)/Golf Assets/Models/Interactable/Boost.fbx
  artifactKey: Guid(fda68674789605a40a1b624c3a4a094e) Importer(2089858483,b0f066a214c2f5e87bad3c948f4d605d)
Start importing Assets/Class 8th (Physics System)/Golf Assets/Models/Interactable/Boost.fbx using Guid(fda68674789605a40a1b624c3a4a094e) Importer(2089858483,b0f066a214c2f5e87bad3c948f4d605d) (ScriptedImporter) -> (artifact id: '3d5661b671cdc4d54a02427b204bea81') in 0.0120363 seconds
Number of updated asset objects reloaded before import = 0Number of asset objects unloaded after import = 7

========================================================================
Received Import Request.
  Time since last request: 0.000021 seconds.
  path: Assets/Class 8th (Physics System)/Golf Assets/Prefabs/Bumpers/Bumper.prefab
  artifactKey: Guid(a65279c4fad7ab448813d9e259e9a3b9) Importer(2089858483,b0f066a214c2f5e87bad3c948f4d605d)
Start importing Assets/Class 8th (Physics System)/Golf Assets/Prefabs/Bumpers/Bumper.prefab using Guid(a65279c4fad7ab448813d9e259e9a3b9) Importer(2089858483,b0f066a214c2f5e87bad3c948f4d605d) (ScriptedImporter) -> (artifact id: 'aa6f1fbf5d937ea351b25017c46532f5') in 0.0115296 seconds
Number of updated asset objects reloaded before import = 0Number of asset objects unloaded after import = 15

========================================================================
Received Import Request.
  Time since last request: 0.000021 seconds.
  path: Assets/Class 8th (Physics System)/Golf Assets/Prefabs/Collectables
  artifactKey: Guid(9f4eb0e7c84a5a2448948d62097749d6) Importer(2089858483,b0f066a214c2f5e87bad3c948f4d605d)
Start importing Assets/Class 8th (Physics System)/Golf Assets/Prefabs/Collectables using Guid(9f4eb0e7c84a5a2448948d62097749d6) Importer(2089858483,b0f066a214c2f5e87bad3c948f4d605d) (ScriptedImporter) -> (artifact id: 'b1d0ea11f5d3ef74211b98056d7439b0') in 0.0074347 seconds
Number of updated asset objects reloaded before import = 0Number of asset objects unloaded after import = 1

========================================================================
Received Import Request.
  Time since last request: 0.000021 seconds.
  path: Assets/Class 8th (Physics System)/Golf Assets/Prefabs/TransitionSphere.prefab
  artifactKey: Guid(85960fb398252ad4586e07090a32e255) Importer(2089858483,b0f066a214c2f5e87bad3c948f4d605d)
Start importing Assets/Class 8th (Physics System)/Golf Assets/Prefabs/TransitionSphere.prefab using Guid(85960fb398252ad4586e07090a32e255) Importer(2089858483,b0f066a214c2f5e87bad3c948f4d605d) (ScriptedImporter) -> (artifact id: 'ff0b647fecfe1bfdddb621f15b232d6e') in 0.0123807 seconds
Number of updated asset objects reloaded before import = 0Number of asset objects unloaded after import = 13

========================================================================
Received Import Request.
  Time since last request: 0.000034 seconds.
  path: Assets/Class 8th (Physics System)/Golf Assets/Settings/Very Low_PipelineAsset.asset
  artifactKey: Guid(3b8ab573f4230de4b9eeb5fec77e169c) Importer(2089858483,b0f066a214c2f5e87bad3c948f4d605d)
Start importing Assets/Class 8th (Physics System)/Golf Assets/Settings/Very Low_PipelineAsset.asset using Guid(3b8ab573f4230de4b9eeb5fec77e169c) Importer(2089858483,b0f066a214c2f5e87bad3c948f4d605d) (ScriptedImporter) -> (artifact id: '5a5b4f8cd038cd9ca389b81cb36893fb') in 0.0358035 seconds
Number of updated asset objects reloaded before import = 0Number of asset objects unloaded after import = 2

========================================================================
Received Import Request.
  Time since last request: 0.000032 seconds.
  path: Assets/Class 8th (Physics System)/Golf Assets/Models
  artifactKey: Guid(68361f038b6306346b890408b21a8f8a) Importer(2089858483,b0f066a214c2f5e87bad3c948f4d605d)
Start importing Assets/Class 8th (Physics System)/Golf Assets/Models using Guid(68361f038b6306346b890408b21a8f8a) Importer(2089858483,b0f066a214c2f5e87bad3c948f4d605d) (ScriptedImporter) -> (artifact id: '60f5b57c1ab8c8768d8a6b1c34cee886') in 0.0069589 seconds
Number of updated asset objects reloaded before import = 0Number of asset objects unloaded after import = 1

========================================================================
Received Import Request.
  Time since last request: 0.000018 seconds.
  path: Assets/Class 8th (Physics System)/Golf Assets/Prefabs/InteractProps/Boost.prefab
  artifactKey: Guid(52c54b11448694c40bedee2b5df9b970) Importer(2089858483,b0f066a214c2f5e87bad3c948f4d605d)
Start importing Assets/Class 8th (Physics System)/Golf Assets/Prefabs/InteractProps/Boost.prefab using Guid(52c54b11448694c40bedee2b5df9b970) Importer(2089858483,b0f066a214c2f5e87bad3c948f4d605d) (ScriptedImporter) -> (artifact id: 'ecd39c263bc9d0dc8ba6f0b88141b608') in 0.0107027 seconds
Number of updated asset objects reloaded before import = 0Number of asset objects unloaded after import = 15

========================================================================
Received Import Request.
  Time since last request: 0.000019 seconds.
  path: Assets/Class 8th (Physics System)/Golf Assets/Textures/colorpicker.png
  artifactKey: Guid(ca64eab41e97d7c4dac2dc911b77bee8) Importer(2089858483,b0f066a214c2f5e87bad3c948f4d605d)
Start importing Assets/Class 8th (Physics System)/Golf Assets/Textures/colorpicker.png using Guid(ca64eab41e97d7c4dac2dc911b77bee8) Importer(2089858483,b0f066a214c2f5e87bad3c948f4d605d) (ScriptedImporter) -> (artifact id: '9f34bc66d58ab3c1b97275c40a7ecac8') in 0.0117901 seconds
Number of updated asset objects reloaded before import = 0Number of asset objects unloaded after import = 1

========================================================================
Received Import Request.
  Time since last request: 0.000019 seconds.
  path: Assets/Class 8th (Physics System)/Golf Assets/Animations/HammerSwing.anim
  artifactKey: Guid(51c792a30e7d08f4e827c11244ae38eb) Importer(2089858483,b0f066a214c2f5e87bad3c948f4d605d)
Start importing Assets/Class 8th (Physics System)/Golf Assets/Animations/HammerSwing.anim using Guid(51c792a30e7d08f4e827c11244ae38eb) Importer(2089858483,b0f066a214c2f5e87bad3c948f4d605d) (ScriptedImporter) -> (artifact id: '26c46a172f0ec4e2dd64a564b300331a') in 0.0151846 seconds
Number of updated asset objects reloaded before import = 0Number of asset objects unloaded after import = 1

========================================================================
Received Import Request.
  Time since last request: 0.000017 seconds.
  path: Assets/Class 8th (Physics System)/Golf Assets/Models/Bumpers/Triangle.fbx
  artifactKey: Guid(9710a724d7ed4be4785a815c19a17066) Importer(2089858483,b0f066a214c2f5e87bad3c948f4d605d)
Start importing Assets/Class 8th (Physics System)/Golf Assets/Models/Bumpers/Triangle.fbx using Guid(9710a724d7ed4be4785a815c19a17066) Importer(2089858483,b0f066a214c2f5e87bad3c948f4d605d) (ScriptedImporter) -> (artifact id: '93ab3a19cb563c7b2c8640fda28f81eb') in 0.0155663 seconds
Number of updated asset objects reloaded before import = 0Number of asset objects unloaded after import = 7

========================================================================
Received Import Request.
  Time since last request: 0.000024 seconds.
  path: Assets/Class 8th (Physics System)/Golf Assets/Materials/Checker.mat
  artifactKey: Guid(7e5416e01220b99449642aa7273d280d) Importer(2089858483,b0f066a214c2f5e87bad3c948f4d605d)
Start importing Assets/Class 8th (Physics System)/Golf Assets/Materials/Checker.mat using Guid(7e5416e01220b99449642aa7273d280d) Importer(2089858483,b0f066a214c2f5e87bad3c948f4d605d) (ScriptedImporter) -> (artifact id: 'db27bf694747c0378120dba429b7e587') in 0.0107133 seconds
Number of updated asset objects reloaded before import = 0Number of asset objects unloaded after import = 3

========================================================================
Received Import Request.
  Time since last request: 0.000031 seconds.
  path: Assets/Class 8th (Physics System)/Golf Assets/Prefabs/InteractProps
  artifactKey: Guid(f9cb8b6981703a04c88c62dbe9b0f018) Importer(2089858483,b0f066a214c2f5e87bad3c948f4d605d)
Start importing Assets/Class 8th (Physics System)/Golf Assets/Prefabs/InteractProps using Guid(f9cb8b6981703a04c88c62dbe9b0f018) Importer(2089858483,b0f066a214c2f5e87bad3c948f4d605d) (ScriptedImporter) -> (artifact id: '2c0ea2fa864743ab6bb0959f7b6ad472') in 0.0094343 seconds
Number of updated asset objects reloaded before import = 0Number of asset objects unloaded after import = 1

========================================================================
Received Import Request.
  Time since last request: 3.715355 seconds.
  path: Assets/Class 8th (Physics System)/Golf Assets/Settings/Medium_PipelineAsset.asset
  artifactKey: Guid(7f423b31b6934b349b3ab8d7c337eafd) Importer(815301076,1909f56bfc062723c751e8b465ee728b)
Start importing Assets/Class 8th (Physics System)/Golf Assets/Settings/Medium_PipelineAsset.asset using Guid(7f423b31b6934b349b3ab8d7c337eafd) Importer(815301076,1909f56bfc062723c751e8b465ee728b) (PreviewImporter) -> (artifact id: 'b448b9c0452f7b386c40e1491a184566') in 0.0016154 seconds
Number of updated asset objects reloaded before import = 0Number of asset objects unloaded after import = 2

========================================================================
Received Import Request.
  Time since last request: 0.000017 seconds.
  path: Assets/Class 8th (Physics System)/Golf Assets/Settings/Very Low_PipelineAsset_ForwardRenderer.asset
  artifactKey: Guid(aebad1f347dfe6d44959df1f3c07dc76) Importer(815301076,1909f56bfc062723c751e8b465ee728b)
Start importing Assets/Class 8th (Physics System)/Golf Assets/Settings/Very Low_PipelineAsset_ForwardRenderer.asset using Guid(aebad1f347dfe6d44959df1f3c07dc76) Importer(815301076,1909f56bfc062723c751e8b465ee728b) (PreviewImporter) -> (artifact id: '72c65648b00cd30168fe580d7d388a19') in 0.0011765 seconds
Number of updated asset objects reloaded before import = 0Number of asset objects unloaded after import = 1

========================================================================
Received Import Request.
  Time since last request: 2.042184 seconds.
  path: Assets/Class 8th (Physics System)/Golf Assets/Prefabs/InteractProps/FanBlade.prefab
  artifactKey: Guid(aa2092fa8c47618428e24461b7b93328) Importer(815301076,1909f56bfc062723c751e8b465ee728b)
Start importing Assets/Class 8th (Physics System)/Golf Assets/Prefabs/InteractProps/FanBlade.prefab using Guid(aa2092fa8c47618428e24461b7b93328) Importer(815301076,1909f56bfc062723c751e8b465ee728b) (PreviewImporter) -> (artifact id: 'b17de5c61e59371a88e8bdf3f3ac730c') in 3.9229241 seconds
Number of updated asset objects reloaded before import = 0Number of asset objects unloaded after import = 20

========================================================================
Received Import Request.
  Time since last request: 0.192398 seconds.
  path: Assets/Class 8th (Physics System)/Golf Assets/Prefabs/Pipes/PipeAnimation.prefab
  artifactKey: Guid(fc0ff4040bc4333418fb51ffd12f6f46) Importer(815301076,1909f56bfc062723c751e8b465ee728b)
Start importing Assets/Class 8th (Physics System)/Golf Assets/Prefabs/Pipes/PipeAnimation.prefab using Guid(fc0ff4040bc4333418fb51ffd12f6f46) Importer(815301076,1909f56bfc062723c751e8b465ee728b) (PreviewImporter) -> (artifact id: 'b826f5e74ce36f5ca74882c2f55da97a') in 0.0183052 seconds
Number of updated asset objects reloaded before import = 0Number of asset objects unloaded after import = 34

========================================================================
Received Import Request.
  Time since last request: 0.000038 seconds.
  path: Assets/Class 8th (Physics System)/Golf Assets/Prefabs/Pipes/PipeTurnEnter.prefab
  artifactKey: Guid(7d69e6a120539514eb707f274270f90b) Importer(815301076,1909f56bfc062723c751e8b465ee728b)
Start importing Assets/Class 8th (Physics System)/Golf Assets/Prefabs/Pipes/PipeTurnEnter.prefab using Guid(7d69e6a120539514eb707f274270f90b) Importer(815301076,1909f56bfc062723c751e8b465ee728b) (PreviewImporter)Shader error in 'SimpleLit/Glass': redefinition of '_CameraOpaqueTexture_TexelSize' at Assets/GolfAssets/Shaders/Glass.shader(52) (on d3d11)

Compiling Subshader: 0, Pass: <Unnamed Pass 0>, Vertex program with <no keywords>
Platform defines: SHADER_API_DESKTOP UNITY_ENABLE_DETAIL_NORMALMAP UNITY_ENABLE_REFLECTION_BUFFERS UNITY_LIGHTMAP_FULL_HDR UNITY_LIGHT_PROBE_PROXY_VOLUME UNITY_PBS_USE_BRDF1 UNITY_PLATFORM_SUPPORTS_DEPTH_FETCH UNITY_SPECCUBE_BLENDING UNITY_SPECCUBE_BOX_PROJECTION UNITY_USE_DITHER_MASK_FOR_ALPHABLENDED_SHADOWS
Disabled keywords: SHADER_API_GLES30 SHADER_API_GLES31 SHADER_API_GLES32 UNITY_ASTC_NORMALMAP_ENCODING UNITY_COLORSPACE_GAMMA UNITY_FRAMEBUFFER_FETCH_AVAILABLE UNITY_HARDWARE_TIER1 UNITY_HARDWARE_TIER2 UNITY_HARDWARE_TIER3 UNITY_LIGHTMAP_DLDR_ENCODING UNITY_LIGHTMAP_RGBM_ENCODING UNITY_METAL_SHADOWS_USE_POINT_FILTERING UNITY_NO_DXT5nm UNITY_NO_SCREENSPACE_SHADOWS UNITY_PBS_USE_BRDF2 UNITY_PBS_USE_BRDF3 UNITY_PRETRANSFORM_TO_DISPLAY_ORIENTATION UNITY_UNIFIED_SHADER_PRECISION_MODEL UNITY_VIRTUAL_TEXTURING
Shader error in 'SimpleLit/Glass': redefinition of '_CameraOpaqueTexture_TexelSize' at Assets/GolfAssets/Shaders/Glass.shader(52) (on d3d11)

Compiling Subshader: 0, Pass: <Unnamed Pass 0>, Vertex program with <no keywords>
Platform defines: SHADER_API_DESKTOP UNITY_ENABLE_DETAIL_NORMALMAP UNITY_ENABLE_REFLECTION_BUFFERS UNITY_LIGHTMAP_FULL_HDR UNITY_LIGHT_PROBE_PROXY_VOLUME UNITY_PBS_USE_BRDF1 UNITY_PLATFORM_SUPPORTS_DEPTH_FETCH UNITY_SPECCUBE_BLENDING UNITY_SPECCUBE_BOX_PROJECTION UNITY_USE_DITHER_MASK_FOR_ALPHABLENDED_SHADOWS
Disabled keywords: SHADER_API_GLES30 SHADER_API_GLES31 SHADER_API_GLES32 UNITY_ASTC_NORMALMAP_ENCODING UNITY_COLORSPACE_GAMMA UNITY_FRAMEBUFFER_FETCH_AVAILABLE UNITY_HARDWARE_TIER1 UNITY_HARDWARE_TIER2 UNITY_HARDWARE_TIER3 UNITY_LIGHTMAP_DLDR_ENCODING UNITY_LIGHTMAP_RGBM_ENCODING UNITY_METAL_SHADOWS_USE_POINT_FILTERING UNITY_NO_DXT5nm UNITY_NO_SCREENSPACE_SHADOWS UNITY_PBS_USE_BRDF2 UNITY_PBS_USE_BRDF3 UNITY_PRETRANSFORM_TO_DISPLAY_ORIENTATION UNITY_UNIFIED_SHADER_PRECISION_MODEL UNITY_VIRTUAL_TEXTURING
 -> (artifact id: 'e7a32c7ccd5376b9d38565eae4af6a58') in 0.0178476 seconds
Number of updated asset objects reloaded before import = 0Number of asset objects unloaded after import = 17

========================================================================
Received Import Request.
  Time since last request: 0.000047 seconds.
  path: Assets/Class 8th (Physics System)/Golf Assets/Prefabs/Pipes/PipeStraight.prefab
  artifactKey: Guid(47e09b6e6781c3f47b6ac77fd181518a) Importer(815301076,1909f56bfc062723c751e8b465ee728b)
Start importing Assets/Class 8th (Physics System)/Golf Assets/Prefabs/Pipes/PipeStraight.prefab using Guid(47e09b6e6781c3f47b6ac77fd181518a) Importer(815301076,1909f56bfc062723c751e8b465ee728b) (PreviewImporter)Shader error in 'SimpleLit/Glass': redefinition of '_CameraOpaqueTexture_TexelSize' at Assets/GolfAssets/Shaders/Glass.shader(52) (on d3d11)

Compiling Subshader: 0, Pass: <Unnamed Pass 0>, Vertex program with <no keywords>
Platform defines: SHADER_API_DESKTOP UNITY_ENABLE_DETAIL_NORMALMAP UNITY_ENABLE_REFLECTION_BUFFERS UNITY_LIGHTMAP_FULL_HDR UNITY_LIGHT_PROBE_PROXY_VOLUME UNITY_PBS_USE_BRDF1 UNITY_PLATFORM_SUPPORTS_DEPTH_FETCH UNITY_SPECCUBE_BLENDING UNITY_SPECCUBE_BOX_PROJECTION UNITY_USE_DITHER_MASK_FOR_ALPHABLENDED_SHADOWS
Disabled keywords: SHADER_API_GLES30 SHADER_API_GLES31 SHADER_API_GLES32 UNITY_ASTC_NORMALMAP_ENCODING UNITY_COLORSPACE_GAMMA UNITY_FRAMEBUFFER_FETCH_AVAILABLE UNITY_HARDWARE_TIER1 UNITY_HARDWARE_TIER2 UNITY_HARDWARE_TIER3 UNITY_LIGHTMAP_DLDR_ENCODING UNITY_LIGHTMAP_RGBM_ENCODING UNITY_METAL_SHADOWS_USE_POINT_FILTERING UNITY_NO_DXT5nm UNITY_NO_SCREENSPACE_SHADOWS UNITY_PBS_USE_BRDF2 UNITY_PBS_USE_BRDF3 UNITY_PRETRANSFORM_TO_DISPLAY_ORIENTATION UNITY_UNIFIED_SHADER_PRECISION_MODEL UNITY_VIRTUAL_TEXTURING
Shader error in 'SimpleLit/Glass': redefinition of '_CameraOpaqueTexture_TexelSize' at Assets/GolfAssets/Shaders/Glass.shader(52) (on d3d11)

Compiling Subshader: 0, Pass: <Unnamed Pass 0>, Vertex program with <no keywords>
Platform defines: SHADER_API_DESKTOP UNITY_ENABLE_DETAIL_NORMALMAP UNITY_ENABLE_REFLECTION_BUFFERS UNITY_LIGHTMAP_FULL_HDR UNITY_LIGHT_PROBE_PROXY_VOLUME UNITY_PBS_USE_BRDF1 UNITY_PLATFORM_SUPPORTS_DEPTH_FETCH UNITY_SPECCUBE_BLENDING UNITY_SPECCUBE_BOX_PROJECTION UNITY_USE_DITHER_MASK_FOR_ALPHABLENDED_SHADOWS
Disabled keywords: SHADER_API_GLES30 SHADER_API_GLES31 SHADER_API_GLES32 UNITY_ASTC_NORMALMAP_ENCODING UNITY_COLORSPACE_GAMMA UNITY_FRAMEBUFFER_FETCH_AVAILABLE UNITY_HARDWARE_TIER1 UNITY_HARDWARE_TIER2 UNITY_HARDWARE_TIER3 UNITY_LIGHTMAP_DLDR_ENCODING UNITY_LIGHTMAP_RGBM_ENCODING UNITY_METAL_SHADOWS_USE_POINT_FILTERING UNITY_NO_DXT5nm UNITY_NO_SCREENSPACE_SHADOWS UNITY_PBS_USE_BRDF2 UNITY_PBS_USE_BRDF3 UNITY_PRETRANSFORM_TO_DISPLAY_ORIENTATION UNITY_UNIFIED_SHADER_PRECISION_MODEL UNITY_VIRTUAL_TEXTURING
 -> (artifact id: '1e96feb25f810499e02f3af25301cd19') in 0.0172193 seconds
Number of updated asset objects reloaded before import = 0Number of asset objects unloaded after import = 17

========================================================================
Received Import Request.
  Time since last request: 0.000035 seconds.
  path: Assets/Class 8th (Physics System)/Golf Assets/Prefabs/Pipes/PipeTurn.prefab
  artifactKey: Guid(b48b301a3dffd6740aeadf7259b6eeb5) Importer(815301076,1909f56bfc062723c751e8b465ee728b)
Start importing Assets/Class 8th (Physics System)/Golf Assets/Prefabs/Pipes/PipeTurn.prefab using Guid(b48b301a3dffd6740aeadf7259b6eeb5) Importer(815301076,1909f56bfc062723c751e8b465ee728b) (PreviewImporter)Shader error in 'SimpleLit/Glass': redefinition of '_CameraOpaqueTexture_TexelSize' at Assets/GolfAssets/Shaders/Glass.shader(52) (on d3d11)

Compiling Subshader: 0, Pass: <Unnamed Pass 0>, Vertex program with <no keywords>
Platform defines: SHADER_API_DESKTOP UNITY_ENABLE_DETAIL_NORMALMAP UNITY_ENABLE_REFLECTION_BUFFERS UNITY_LIGHTMAP_FULL_HDR UNITY_LIGHT_PROBE_PROXY_VOLUME UNITY_PBS_USE_BRDF1 UNITY_PLATFORM_SUPPORTS_DEPTH_FETCH UNITY_SPECCUBE_BLENDING UNITY_SPECCUBE_BOX_PROJECTION UNITY_USE_DITHER_MASK_FOR_ALPHABLENDED_SHADOWS
Disabled keywords: SHADER_API_GLES30 SHADER_API_GLES31 SHADER_API_GLES32 UNITY_ASTC_NORMALMAP_ENCODING UNITY_COLORSPACE_GAMMA UNITY_FRAMEBUFFER_FETCH_AVAILABLE UNITY_HARDWARE_TIER1 UNITY_HARDWARE_TIER2 UNITY_HARDWARE_TIER3 UNITY_LIGHTMAP_DLDR_ENCODING UNITY_LIGHTMAP_RGBM_ENCODING UNITY_METAL_SHADOWS_USE_POINT_FILTERING UNITY_NO_DXT5nm UNITY_NO_SCREENSPACE_SHADOWS UNITY_PBS_USE_BRDF2 UNITY_PBS_USE_BRDF3 UNITY_PRETRANSFORM_TO_DISPLAY_ORIENTATION UNITY_UNIFIED_SHADER_PRECISION_MODEL UNITY_VIRTUAL_TEXTURING
Shader error in 'SimpleLit/Glass': redefinition of '_CameraOpaqueTexture_TexelSize' at Assets/GolfAssets/Shaders/Glass.shader(52) (on d3d11)

Compiling Subshader: 0, Pass: <Unnamed Pass 0>, Vertex program with <no keywords>
Platform defines: SHADER_API_DESKTOP UNITY_ENABLE_DETAIL_NORMALMAP UNITY_ENABLE_REFLECTION_BUFFERS UNITY_LIGHTMAP_FULL_HDR UNITY_LIGHT_PROBE_PROXY_VOLUME UNITY_PBS_USE_BRDF1 UNITY_PLATFORM_SUPPORTS_DEPTH_FETCH UNITY_SPECCUBE_BLENDING UNITY_SPECCUBE_BOX_PROJECTION UNITY_USE_DITHER_MASK_FOR_ALPHABLENDED_SHADOWS
Disabled keywords: SHADER_API_GLES30 SHADER_API_GLES31 SHADER_API_GLES32 UNITY_ASTC_NORMALMAP_ENCODING UNITY_COLORSPACE_GAMMA UNITY_FRAMEBUFFER_FETCH_AVAILABLE UNITY_HARDWARE_TIER1 UNITY_HARDWARE_TIER2 UNITY_HARDWARE_TIER3 UNITY_LIGHTMAP_DLDR_ENCODING UNITY_LIGHTMAP_RGBM_ENCODING UNITY_METAL_SHADOWS_USE_POINT_FILTERING UNITY_NO_DXT5nm UNITY_NO_SCREENSPACE_SHADOWS UNITY_PBS_USE_BRDF2 UNITY_PBS_USE_BRDF3 UNITY_PRETRANSFORM_TO_DISPLAY_ORIENTATION UNITY_UNIFIED_SHADER_PRECISION_MODEL UNITY_VIRTUAL_TEXTURING
 -> (artifact id: '0d18971dae6739c4cfd4fe70c3a40846') in 0.0146842 seconds
Number of updated asset objects reloaded before import = 0Number of asset objects unloaded after import = 17

========================================================================
Received Import Request.
  Time since last request: 2.732173 seconds.
  path: Assets/Class 8th (Physics System)/Golf Assets/Prefabs/Level/180hole.prefab
  artifactKey: Guid(09f5b179f5cc1c34db8eb9ee2e815eab) Importer(815301076,1909f56bfc062723c751e8b465ee728b)
Start importing Assets/Class 8th (Physics System)/Golf Assets/Prefabs/Level/180hole.prefab using Guid(09f5b179f5cc1c34db8eb9ee2e815eab) Importer(815301076,1909f56bfc062723c751e8b465ee728b) (PreviewImporter) -> (artifact id: '56aacff6ff6c92df74a702269cb56de3') in 0.0179358 seconds
Number of updated asset objects reloaded before import = 0Number of asset objects unloaded after import = 22

========================================================================
Received Import Request.
  Time since last request: 0.000023 seconds.
  path: Assets/Class 8th (Physics System)/Golf Assets/Prefabs/Level/EdgeBit.prefab
  artifactKey: Guid(59f5299e0015f584ba8da3c25dabad0e) Importer(815301076,1909f56bfc062723c751e8b465ee728b)
Start importing Assets/Class 8th (Physics System)/Golf Assets/Prefabs/Level/EdgeBit.prefab using Guid(59f5299e0015f584ba8da3c25dabad0e) Importer(815301076,1909f56bfc062723c751e8b465ee728b) (PreviewImporter) -> (artifact id: 'db2ecf792fb823b0ef8b5eef72786f01') in 0.0151629 seconds
Number of updated asset objects reloaded before import = 0Number of asset objects unloaded after import = 19

========================================================================
Received Import Request.
  Time since last request: 0.000033 seconds.
  path: Assets/Class 8th (Physics System)/Golf Assets/Prefabs/Level/Side.prefab
  artifactKey: Guid(c703067f8537c10458b2b6e226eda9d9) Importer(815301076,1909f56bfc062723c751e8b465ee728b)
Start importing Assets/Class 8th (Physics System)/Golf Assets/Prefabs/Level/Side.prefab using Guid(c703067f8537c10458b2b6e226eda9d9) Importer(815301076,1909f56bfc062723c751e8b465ee728b) (PreviewImporter) -> (artifact id: 'e03eca55592307426dae56e9fb692317') in 0.0163887 seconds
Number of updated asset objects reloaded before import = 0Number of asset objects unloaded after import = 22

========================================================================
Received Import Request.
  Time since last request: 0.000020 seconds.
  path: Assets/Class 8th (Physics System)/Golf Assets/Prefabs/Level/RampSide.prefab
  artifactKey: Guid(b5a8bbc509d04d84ca618cadf1c51bcd) Importer(815301076,1909f56bfc062723c751e8b465ee728b)
Start importing Assets/Class 8th (Physics System)/Golf Assets/Prefabs/Level/RampSide.prefab using Guid(b5a8bbc509d04d84ca618cadf1c51bcd) Importer(815301076,1909f56bfc062723c751e8b465ee728b) (PreviewImporter) -> (artifact id: '42f71c5e5a2c06d565cf765ef8555cb1') in 0.0132632 seconds
Number of updated asset objects reloaded before import = 0Number of asset objects unloaded after import = 22

========================================================================
Received Import Request.
  Time since last request: 11.886074 seconds.
  path: Assets/Class 8th (Physics System)/Golf Assets/Settings/High_PipelineAsset.asset
  artifactKey: Guid(cf2a1487d1e296942a7b33275e718201) Importer(2089858483,b0f066a214c2f5e87bad3c948f4d605d)
Start importing Assets/Class 8th (Physics System)/Golf Assets/Settings/High_PipelineAsset.asset using Guid(cf2a1487d1e296942a7b33275e718201) Importer(2089858483,b0f066a214c2f5e87bad3c948f4d605d) (ScriptedImporter) -> (artifact id: '1b6ab2d52b91f3349ecf42168bd0b667') in 0.0198206 seconds
Number of updated asset objects reloaded before import = 0Number of asset objects unloaded after import = 2

========================================================================
Received Import Request.
  Time since last request: 5.343691 seconds.
  path: Assets/Class 8th (Physics System)/Golf Assets/Textures/colorpicker.png
  artifactKey: Guid(ca64eab41e97d7c4dac2dc911b77bee8) Importer(815301076,1909f56bfc062723c751e8b465ee728b)
Start importing Assets/Class 8th (Physics System)/Golf Assets/Textures/colorpicker.png using Guid(ca64eab41e97d7c4dac2dc911b77bee8) Importer(815301076,1909f56bfc062723c751e8b465ee728b) (PreviewImporter) -> (artifact id: 'b728cc6db75b520045ffbc1a7cc1eea8') in 0.0141704 seconds
Number of updated asset objects reloaded before import = 0Number of asset objects unloaded after import = 2

========================================================================
Received Import Request.
  Time since last request: 0.720498 seconds.
  path: Assets/Class 8th (Physics System)/Golf Assets/Settings/Very High_PipelineAsset.asset
  artifactKey: Guid(e23d6755c8fd37f498d8d3d5d2a2d7b4) Importer(815301076,1909f56bfc062723c751e8b465ee728b)
Start importing Assets/Class 8th (Physics System)/Golf Assets/Settings/Very High_PipelineAsset.asset using Guid(e23d6755c8fd37f498d8d3d5d2a2d7b4) Importer(815301076,1909f56bfc062723c751e8b465ee728b) (PreviewImporter) -> (artifact id: '11aa31d9d025e2166bf7e22efbc26be2') in 0.0015245 seconds
Number of updated asset objects reloaded before import = 0Number of asset objects unloaded after import = 2

========================================================================
Received Import Request.
  Time since last request: 0.576196 seconds.
  path: Assets/Class 8th (Physics System)/Golf Assets/Prefabs/Pipes/PipeTurnEnter.prefab
  artifactKey: Guid(7d69e6a120539514eb707f274270f90b) Importer(815301076,1909f56bfc062723c751e8b465ee728b)
Start importing Assets/Class 8th (Physics System)/Golf Assets/Prefabs/Pipes/PipeTurnEnter.prefab using Guid(7d69e6a120539514eb707f274270f90b) Importer(815301076,1909f56bfc062723c751e8b465ee728b) (PreviewImporter) -> (artifact id: '87bf23ef74b4558b9b55c11b495a170a') in 0.0217831 seconds
Number of updated asset objects reloaded before import = 0Number of asset objects unloaded after import = 15

Editor requested this worker to shutdown with reason: Scaling down because of idle timeout
AssetImportWorker is now disconnected from the server
Process exiting
Exiting without the bug reporter. Application will terminate with return code 0