[Licensing::Module] Trying to connect to existing licensing client channel...
Built from '6000.3/staging' branch; Version is '6000.3.15f1 (c1aa84e375f6) revision 12692100'; Using compiler version '194234433'; Build Type 'Release'
OS: 'Windows 10  (10.0.19045) 64bit Professional' Language: 'ko' Physical Memory: 32478 MB
[Licensing::IpcConnector] Successfully connected to: "LicenseClient-Administrator" at "2026-05-27T12:13:11.9003127Z"
BatchMode: 1, IsHumanControllingUs: 0, StartBugReporterOnCrash: 0, Is64bit: 1
System  architecture: x64
Process architecture: x64
Date: 2026-05-27T12:13:11Z

COMMAND LINE ARGUMENTS:
C:\Program Files\Unity\Hub\Editor\6000.3.15f1\Editor\Unity.exe
-adb2
-batchMode
-noUpm
-name
AssetImportWorker13
-projectPath
C:/Users/Administrator/Desktop/Game-Engine/Program
-logFile
Logs/AssetImportWorker13.log
-srvPort
51299
-licensingIpc
LicenseClient-Administrator
-job-worker-count
13
-background-job-worker-count
8
-gc-helper-count
1
-name
AssetImport
Successfully changed project path to: C:/Users/Administrator/Desktop/Game-Engine/Program
C:/Users/Administrator/Desktop/Game-Engine/Program
[UnityMemory] Configuration Parameters - Can be set up in boot.config
    "memorysetup-temp-allocator-size-nav-mesh-worker=65536"
    "memorysetup-temp-allocator-size-audio-worker=65536"
    "memorysetup-temp-allocator-size-gfx=262144"
    "memorysetup-allocator-temp-initial-block-size-main=262144"
    "memorysetup-allocator-temp-initial-block-size-worker=262144"
    "memorysetup-temp-allocator-size-background-worker=32768"
    "memorysetup-temp-allocator-size-job-worker=262144"
    "memorysetup-temp-allocator-size-preload-manager=33554432"
    "memorysetup-temp-allocator-size-gi-baking-worker=262144"
    "memorysetup-temp-allocator-size-gi-baking-worker=262144"
    "memorysetup-temp-allocator-size-gi-baking-worker=262144"
    "memorysetup-temp-allocator-size-gi-baking-worker=262144"
    "memorysetup-temp-allocator-size-gi-baking-worker=262144"
    "memorysetup-bucket-allocator-granularity=16"
    "memorysetup-bucket-allocator-bucket-count=8"
    "memorysetup-bucket-allocator-block-size=33554432"
    "memorysetup-bucket-allocator-block-count=8"
    "memorysetup-main-allocator-block-size=16777216"
    "memorysetup-thread-allocator-block-size=16777216"
    "memorysetup-gfx-main-allocator-block-size=16777216"
    "memorysetup-gfx-thread-allocator-block-size=16777216"
    "memorysetup-cache-allocator-block-size=4194304"
    "memorysetup-typetree-allocator-block-size=2097152"
    "memorysetup-profiler-bucket-allocator-granularity=16"
    "memorysetup-profiler-bucket-allocator-bucket-count=8"
    "memorysetup-profiler-bucket-allocator-block-size=33554432"
    "memorysetup-profiler-bucket-allocator-block-count=8"
    "memorysetup-profiler-allocator-block-size=16777216"
    "memorysetup-profiler-editor-allocator-block-size=1048576"
    "memorysetup-temp-allocator-size-main=16777216"
    "memorysetup-job-temp-allocator-block-size=2097152"
    "memorysetup-job-temp-allocator-block-size-background=1048576"
    "memorysetup-job-temp-allocator-reduction-small-platforms=262144"
    "memorysetup-temp-allocator-size-cloud-worker=32768"
Player connection [23344]  Target information:

Player connection [23344]  * "[IP] 192.168.0.94 [Port] 0 [Flags] 2 [Guid] 2676268930 [EditorId] 2676268930 [Version] 1048832 [Id] WindowsEditor(7,DESKTOP-MSMA3UP) [Debug] 1 [PackageName] WindowsEditor [ProjectName] Editor" 

Player connection [23344] Host joined multi-casting on [225.0.0.222:54997]...
Player connection [23344] Host joined alternative multi-casting on [225.0.0.222:34997]...
JobSystem: Creating JobQueue using job-worker-count value 13
Input System module state changed to: Initialized.
[Physics::Module] Initialized fallback backend.
[Physics::Module] Id: 0xdecafbad
Library Redirect Path: Library/
[Physics::Module] Selected backend.
[Physics::Module] Name: PhysX
[Physics::Module] Id: 0xf2b8ea05
[Physics::Module] SDK Version: 4.1.2
[Physics::Module] Integration Version: 1.0.0
[Physics::Module] Threading Mode: Multi-Threaded
Refreshing native plugins compatible for Editor in 2.71 ms, found 4 plugins.
Preloading 0 native plugins for Editor in 0.00 ms.
Initialize engine version: 6000.3.15f1 (c1aa84e375f6)
[Subsystems] Discovering subsystems at path C:/Program Files/Unity/Hub/Editor/6000.3.15f1/Editor/Data/Resources/UnitySubsystems
[Subsystems] Discovering subsystems at path C:/Users/Administrator/Desktop/Game-Engine/Program/Assets
GfxDevice: creating device client; kGfxThreadingModeNonThreaded
Direct3D:
    Version:  Direct3D 11.0 [level 11.1]
    Renderer: NVIDIA GeForce RTX 5060 Ti (ID=0x2d04)
    Vendor:   NVIDIA
    VRAM:     16050 MB
    Driver:   32.0.15.9636
Initialize mono
Mono path[0] = 'C:/Program Files/Unity/Hub/Editor/6000.3.15f1/Editor/Data/Managed'
Mono path[1] = 'C:/Program Files/Unity/Hub/Editor/6000.3.15f1/Editor/Data/MonoBleedingEdge/lib/mono/unityjit-win32'
Mono config path = 'C:/Program Files/Unity/Hub/Editor/6000.3.15f1/Editor/Data/MonoBleedingEdge/etc'
Using monoOptions --debugger-agent=transport=dt_socket,embedding=1,server=y,suspend=n,address=127.0.0.1:56124
Begin MonoManager ReloadAssembly
Registering precompiled unity dll's ...
Register platform support module: C:/Program Files/Unity/Hub/Editor/6000.3.15f1/Editor/Data/PlaybackEngines/WindowsStandaloneSupport/UnityEditor.WindowsStandalone.Extensions.dll
Registered in 0.001385 seconds.
[Licensing::Client] Error: HandshakeResponse reported an error:
	ResponseCode: 505
	ResponseStatus: Unsupported protocol version '1.18.1'.
[Licensing::Module] Error: Failed to handshake to channel: "LicenseClient-Administrator"
[Licensing::IpcConnector] LicenseClient-Administrator channel disconnected successfully.
[Licensing::IpcConnector] Successfully connected to: "LicenseClient-Administrator-6000.3.15" at "2026-05-27T12:13:12.8623363Z"
[Licensing::Client] Code 10 while verifying Licensing Client signature (process Id: 18028, path: "C:/Program Files/Unity/Hub/Editor/6000.3.15f1/Editor/Data/Resources/Licensing/Client/Unity.Licensing.Client.exe")
[Licensing::Module] LicensingClient has failed validation; ignoring
[Licensing::Client] Handshaking with LicensingClient:
  Version:                 1.18.1+9fbee8e
  Session Id:              544f266cc34145549b01ce6887e1d33d
  Correlation Id:          a3a5440e71c9cb9600fd72d2647bc583
  External correlation Id: 5790596823281143092
  Machine Id:              SvejmJGsl/EFmq0OAjofjZYOfss=
[Licensing::Module] Successfully connected to LicensingClient on channel: "LicenseClient-Administrator-6000.3.15" (connect: 0.00s, validation: 0.00s, handshake: 0.01s)
[Licensing::IpcConnector] Successfully connected to: "LicenseClient-Administrator-6000.3.15-notifications" at "2026-05-27T12:13:12.86839Z"
[Licensing::Module] Licensing Background thread has ended after 0.97s
- Loaded All Assemblies, in  0.505 seconds
Native extension for WindowsStandalone target not found
Package Manager log level set to [2]
[Package Manager] Failed to launch server process. Reason: Unity was launched with the -noUpm command-line argument
[Package Manager] Unable to send message (not connected to server process).
[Package Manager] Cannot connect to Unity Package Manager local server
ScheduleIndexationOnStartup MainProcess:False IndexOnStartup:True
Mono: successfully reloaded assembly
- Finished resetting the current domain, in  0.424 seconds
Domain Reload Profiling: 928ms
	BeginReloadAssembly (154ms)
		ExecutionOrderSort (0ms)
		DisableScriptedObjects (0ms)
		BackupInstance (0ms)
		ReleaseScriptingObjects (0ms)
		CreateAndSetChildDomain (1ms)
	RebuildCommonClasses (54ms)
	RebuildNativeTypeToScriptingClass (51ms)
	initialDomainReloadingComplete (54ms)
	LoadAllAssembliesAndSetupDomain (191ms)
		LoadAssemblies (152ms)
		RebuildTransferFunctionScriptingTraits (0ms)
		AnalyzeDomain (188ms)
			TypeCache.Refresh (185ms)
				TypeCache.ScanAssembly (168ms)
			BuildScriptInfoCaches (0ms)
			ResolveRequiredComponents (0ms)
	FinalizeReload (424ms)
		ReleaseScriptCaches (0ms)
		RebuildScriptCaches (0ms)
		SetupLoadedEditorAssemblies (375ms)
			LogAssemblyErrors (0ms)
			InitializePlatformSupportModulesInManaged (61ms)
			SetLoadedEditorAssemblies (4ms)
			BeforeProcessingInitializeOnLoad (87ms)
			ProcessInitializeOnLoadAttributes (146ms)
			ProcessInitializeOnLoadMethodAttributes (77ms)
			AfterProcessingInitializeOnLoad (0ms)
			EditorAssembliesLoaded (0ms)
		ExecutionOrderSort2 (0ms)
		AwakeInstancesAfterBackupRestoration (0ms)
========================================================================
Worker process is ready to serve import requests
Import Worker Mode flag is 0x00
Begin MonoManager ReloadAssembly
[Licensing::Client] Successfully resolved entitlement details
[Licensing::Module] License group:
  Id: 14569174559127-UnityPersXXXX
  Product: Unity Personal
  Type: Assigned
  Expiration: Unlimited
- Loaded All Assemblies, in  0.883 seconds
Refreshing native plugins compatible for Editor in 0.93 ms, found 4 plugins.
Native extension for WindowsStandalone target not found
[Package Manager] Failed to launch server process. Reason: Unity was launched with the -noUpm command-line argument
[Package Manager] Unable to send message (not connected to server process).
[Package Manager] Cannot connect to Unity Package Manager local server
Refreshing native plugins compatible for Editor in 1.18 ms, found 4 plugins.
[Package Manager] Failed to launch server process. Reason: Unity was launched with the -noUpm command-line argument
[Package Manager] Unable to send message (not connected to server process).
[Package Manager] Cannot connect to Unity Package Manager local server
ScheduleIndexationOnStartup MainProcess:False IndexOnStartup:True
Mono: successfully reloaded assembly
- Finished resetting the current domain, in  0.727 seconds
Domain Reload Profiling: 1609ms
	BeginReloadAssembly (197ms)
		ExecutionOrderSort (0ms)
		DisableScriptedObjects (6ms)
		BackupInstance (0ms)
		ReleaseScriptingObjects (0ms)
		CreateAndSetChildDomain (37ms)
	RebuildCommonClasses (36ms)
	RebuildNativeTypeToScriptingClass (14ms)
	initialDomainReloadingComplete (42ms)
	LoadAllAssembliesAndSetupDomain (591ms)
		LoadAssemblies (407ms)
		RebuildTransferFunctionScriptingTraits (0ms)
		AnalyzeDomain (294ms)
			TypeCache.Refresh (194ms)
				TypeCache.ScanAssembly (170ms)
			BuildScriptInfoCaches (85ms)
			ResolveRequiredComponents (10ms)
	FinalizeReload (727ms)
		ReleaseScriptCaches (0ms)
		RebuildScriptCaches (0ms)
		SetupLoadedEditorAssemblies (515ms)
			LogAssemblyErrors (0ms)
			InitializePlatformSupportModulesInManaged (2ms)
			SetLoadedEditorAssemblies (3ms)
			BeforeProcessingInitializeOnLoad (111ms)
			ProcessInitializeOnLoadAttributes (332ms)
			ProcessInitializeOnLoadMethodAttributes (63ms)
			AfterProcessingInitializeOnLoad (3ms)
			EditorAssembliesLoaded (0ms)
		ExecutionOrderSort2 (0ms)
		AwakeInstancesAfterBackupRestoration (6ms)
Launched and connected shader compiler UnityShaderCompiler.exe after 0.01 seconds
Refreshing native plugins compatible for Editor in 3.32 ms, found 4 plugins.
Preloading 0 native plugins for Editor in 0.00 ms.
Unloading 16 Unused Serialized files (Serialized files now loaded: 0)
Unloading 6440 unused Assets / (3.2 MB). Loaded Objects now: 7235.
Memory consumption went from 152.6 MB to 149.4 MB.
Total: 12.211900 ms (FindLiveObjects: 1.401300 ms CreateObjectMapping: 0.750300 ms MarkObjects: 7.641700 ms  DeleteObjects: 2.416400 ms)

========================================================================
Received Import Request.
  Time since last request: 12340.892600 seconds.
  path: Assets/MainMenuUI/Sprites/UI_Atlas_Stars 1.png
  artifactKey: Guid(a7be2810e030b1a4e91cd2dbc28f7e75) Importer(815301076,1909f56bfc062723c751e8b465ee728b)
Start importing Assets/MainMenuUI/Sprites/UI_Atlas_Stars 1.png using Guid(a7be2810e030b1a4e91cd2dbc28f7e75) Importer(815301076,1909f56bfc062723c751e8b465ee728b) (PreviewImporter) -> (artifact id: '79c61f9dbbd07f98a5fdcef17ea302e4') in 0.1242689 seconds
Number of updated asset objects reloaded before import = 0Number of asset objects unloaded after import = 5

========================================================================
Received Import Request.
  Time since last request: 10.793030 seconds.
  path: Assets/Main Menu/Sprites/UI_Atlas_Stars 1.png
  artifactKey: Guid(a7be2810e030b1a4e91cd2dbc28f7e75) Importer(2089858483,b0f066a214c2f5e87bad3c948f4d605d)
Start importing Assets/Main Menu/Sprites/UI_Atlas_Stars 1.png using Guid(a7be2810e030b1a4e91cd2dbc28f7e75) Importer(2089858483,b0f066a214c2f5e87bad3c948f4d605d) (ScriptedImporter) -> (artifact id: 'ad20291a2c45e8d02ff3e02fc51ff683') in 0.1379827 seconds
Number of updated asset objects reloaded before import = 0Number of asset objects unloaded after import = 5

========================================================================
Received Import Request.
  Time since last request: 0.000024 seconds.
  path: Assets/Main Menu/UZ/Chest_Open_Gold.png
  artifactKey: Guid(80eaf9833b847cb4fa85fb547912c346) Importer(2089858483,b0f066a214c2f5e87bad3c948f4d605d)
Start importing Assets/Main Menu/UZ/Chest_Open_Gold.png using Guid(80eaf9833b847cb4fa85fb547912c346) Importer(2089858483,b0f066a214c2f5e87bad3c948f4d605d) (ScriptedImporter) -> (artifact id: 'aecdcf81b4f929724ec074f54479cd87') in 0.0211046 seconds
Number of updated asset objects reloaded before import = 0Number of asset objects unloaded after import = 4

========================================================================
Received Import Request.
  Time since last request: 0.000032 seconds.
  path: Assets/Main Menu/UZ/UI_Atlas_Rewards.png
  artifactKey: Guid(c65153043afa0034a985aa0c7c550528) Importer(2089858483,b0f066a214c2f5e87bad3c948f4d605d)
Start importing Assets/Main Menu/UZ/UI_Atlas_Rewards.png using Guid(c65153043afa0034a985aa0c7c550528) Importer(2089858483,b0f066a214c2f5e87bad3c948f4d605d) (ScriptedImporter) -> (artifact id: '8ca79e38a3efaa1a0dbe7042698960dc') in 0.0226464 seconds
Number of updated asset objects reloaded before import = 0Number of asset objects unloaded after import = 10

========================================================================
Received Import Request.
  Time since last request: 0.000031 seconds.
  path: Assets/Main Menu/UZ/UI_Atlas_Shop.png
  artifactKey: Guid(c991cc89d4f03b8458407b051102f6f2) Importer(2089858483,b0f066a214c2f5e87bad3c948f4d605d)
Start importing Assets/Main Menu/UZ/UI_Atlas_Shop.png using Guid(c991cc89d4f03b8458407b051102f6f2) Importer(2089858483,b0f066a214c2f5e87bad3c948f4d605d) (ScriptedImporter) -> (artifact id: '0eb827c488fb46bc6060a8a3b4b4c906') in 0.0151105 seconds
Number of updated asset objects reloaded before import = 0Number of asset objects unloaded after import = 6

========================================================================
Received Import Request.
  Time since last request: 2.686402 seconds.
  path: Assets/Class 7th (Prefab System)/Main Menu/UZ/UI_Atlas_Lock.png
  artifactKey: Guid(5d8f7aefa0edd884aa44b47bdc6f8ff8) Importer(815301076,1909f56bfc062723c751e8b465ee728b)
Start importing Assets/Class 7th (Prefab System)/Main Menu/UZ/UI_Atlas_Lock.png using Guid(5d8f7aefa0edd884aa44b47bdc6f8ff8) Importer(815301076,1909f56bfc062723c751e8b465ee728b) (PreviewImporter) -> (artifact id: 'a7a1b31ba0a75351cd388a1d7cce159f') in 0.0335822 seconds
Number of updated asset objects reloaded before import = 0Number of asset objects unloaded after import = 4

========================================================================
Received Import Request.
  Time since last request: 0.000018 seconds.
  path: Assets/Class 7th (Prefab System)/Main Menu/UZ/UI_Atlas_PageIndicators.png
  artifactKey: Guid(1c96c765e91bb7f4db833e266c33ebbb) Importer(815301076,1909f56bfc062723c751e8b465ee728b)
Start importing Assets/Class 7th (Prefab System)/Main Menu/UZ/UI_Atlas_PageIndicators.png using Guid(1c96c765e91bb7f4db833e266c33ebbb) Importer(815301076,1909f56bfc062723c751e8b465ee728b) (PreviewImporter) -> (artifact id: '60ef7448d7919020a0dd6dc95311417a') in 0.020649 seconds
Number of updated asset objects reloaded before import = 0Number of asset objects unloaded after import = 4

========================================================================
Received Import Request.
  Time since last request: 0.000024 seconds.
  path: Assets/Class 7th (Prefab System)/Main Menu/UZ/UI_Atlas_Settings.png
  artifactKey: Guid(465a2f33d6b3f374399b7534e4fc8462) Importer(815301076,1909f56bfc062723c751e8b465ee728b)
Start importing Assets/Class 7th (Prefab System)/Main Menu/UZ/UI_Atlas_Settings.png using Guid(465a2f33d6b3f374399b7534e4fc8462) Importer(815301076,1909f56bfc062723c751e8b465ee728b) (PreviewImporter) -> (artifact id: 'eb5f3c0dcd07e0be51d3906f3a933321') in 0.0339818 seconds
Number of updated asset objects reloaded before import = 0Number of asset objects unloaded after import = 11

========================================================================
Received Import Request.
  Time since last request: 6.866182 seconds.
  path: Assets/Class 7th (Prefab System)/Main Menu/UZ/UI_Atlas_MainMenu 1.png
  artifactKey: Guid(deb15fd2874e4f745ae65def34583836) Importer(2089858483,b0f066a214c2f5e87bad3c948f4d605d)
Start importing Assets/Class 7th (Prefab System)/Main Menu/UZ/UI_Atlas_MainMenu 1.png using Guid(deb15fd2874e4f745ae65def34583836) Importer(2089858483,b0f066a214c2f5e87bad3c948f4d605d) (ScriptedImporter) -> (artifact id: '0bd4ae7044baff5fbd98515df4e72aa4') in 0.0381684 seconds
Number of updated asset objects reloaded before import = 0Number of asset objects unloaded after import = 10

========================================================================
Received Import Request.
  Time since last request: 0.000020 seconds.
  path: Assets/Class 7th (Prefab System)/Main Menu/UZ/UI_Atlas_Currency.png
  artifactKey: Guid(4e962a93f53d8334f8dc340ca3f339bd) Importer(2089858483,b0f066a214c2f5e87bad3c948f4d605d)
Start importing Assets/Class 7th (Prefab System)/Main Menu/UZ/UI_Atlas_Currency.png using Guid(4e962a93f53d8334f8dc340ca3f339bd) Importer(2089858483,b0f066a214c2f5e87bad3c948f4d605d) (ScriptedImporter) -> (artifact id: '00000000000000000000000000000000') in 0.3937424 seconds
Import Error Code:(4)
Message: Build asset version error: assets/class 7th (prefab system)/main menu/uz/ui_atlas_currency.png in SourceAssetDB has modification time of '2026-03-19T22:33:47Z' while content on disk has modification time of '0001-01-01T00:00:00Z' with error code 2
Stacktrace:
0x00007fff250c428e (Unity) StackWalker::ShowCallstack
0x00007fff268fe469 (Unity) PlatformStacktrace::GetStacktrace
0x00007fff268fecee (Unity) Stacktrace::GetStacktrace
0x00007fff2787a510 (Unity) GetAssetHashAndValidate
0x00007fff27875e43 (Unity) AssetVersionBuilder::BuildHashOfSourceAssetArray
0x00007fff27873f37 (Unity) AssetVersionBuilder::BuildAssetVersion
0x00007fff277f5c2d (Unity) CreateAssetVersionBuilder
0x00007fff277fb4a3 (Unity) ImportToObjects
0x00007fff277fa0f2 (Unity) ImportAsset
0x00007fff2781dcb9 (Unity) AssetImportWorker::Import
0x00007fff2788aa03 (Unity) <lambda_5e50f14bd79c9a24f49f7bc932662faa>::operator()
0x00007fff278cab6f (Unity) asio::detail::completion_handler<core::mutable_function<void __cdecl(void)>,asio::io_context::basic_executor_type<std::allocator<void>,0> >::do_complete
0x00007fff278b8461 (Unity) asio::detail::win_iocp_io_context::do_one
0x00007fff278b9684 (Unity) asio::detail::win_iocp_io_context::run
0x00007fff278c91d9 (Unity) IOService::Run
0x00007fff2789bd9f (Unity) AssetImportWorkerClient::Run
0x00007fff2785ff68 (Unity) RunAssetImportWorkerClientV2
0x00007fff2785ffdb (Unity) RunAssetImporterV2
0x00007fff2612c8df (Unity) Application::InitializeProject
0x00007fff25f21103 (Unity) UnityMain
0x00007ff7bb0a2f2a (Unity) __scrt_common_main_seh
0x00007fffc6237344 (KERNEL32) BaseThreadInitThunk
0x00007fffc64a26b1 (ntdll) RtlUserThreadStart

  ERROR: Build asset version error: assets/class 7th (prefab system)/main menu/uz/ui_atlas_currency.png in SourceAssetDB has modification time of '2026-03-19T22:33:47Z' while content on disk has modification time of '0001-01-01T00:00:00Z' with error code 2
Stacktrace:
0x00007fff250c428e (Unity) StackWalker::ShowCallstack
0x00007fff268fe469 (Unity) PlatformStacktrace::GetStacktrace
0x00007fff268fecee (Unity) Stacktrace::GetStacktrace
0x00007fff2787a510 (Unity) GetAssetHashAndValidate
0x00007fff27875e43 (Unity) AssetVersionBuilder::BuildHashOfSourceAssetArray
0x00007fff27873f37 (Unity) AssetVersionBuilder::BuildAssetVersion
0x00007fff277f5c2d (Unity) CreateAssetVersionBuilder
0x00007fff277fb4a3 (Unity) ImportToObjects
0x00007fff277fa0f2 (Unity) ImportAsset
0x00007fff2781dcb9 (Unity) AssetImportWorker::Import
0x00007fff2788aa03 (Unity) <lambda_5e50f14bd79c9a24f49f7bc932662faa>::operator()
0x00007fff278cab6f (Unity) asio::detail::completion_handler<core::mutable_function<void __cdecl(void)>,asio::io_context::basic_executor_type<std::allocator<void>,0> >::do_complete
0x00007fff278b8461 (Unity) asio::detail::win_iocp_io_context::do_one
0x00007fff278b9684 (Unity) asio::detail::win_iocp_io_context::run
0x00007fff278c91d9 (Unity) IOService::Run
0x00007fff2789bd9f (Unity) AssetImportWorkerClient::Run
0x00007fff2785ff68 (Unity) RunAssetImportWorkerClientV2
0x00007fff2785ffdb (Unity) RunAssetImporterV2
0x00007fff2612c8df (Unity) Application::InitializeProject
0x00007fff25f21103 (Unity) UnityMain
0x00007ff7bb0a2f2a (Unity) __scrt_common_main_seh
0x00007fffc6237344 (KERNEL32) BaseThreadInitThunk
0x00007fffc64a26b1 (ntdll) RtlUserThreadStart

Number of updated asset objects reloaded before import = 0Number of asset objects unloaded after import = 0

========================================================================
Received Import Request.
  Time since last request: 9.702143 seconds.
  path: Assets/Class 7th (Prefab System)/Main Menu/Background/BG_3.1.png
  artifactKey: Guid(e6f6bcb3c0ea0104083f174d2dcb1ea7) Importer(2089858483,b0f066a214c2f5e87bad3c948f4d605d)
Start importing Assets/Class 7th (Prefab System)/Main Menu/Background/BG_3.1.png using Guid(e6f6bcb3c0ea0104083f174d2dcb1ea7) Importer(2089858483,b0f066a214c2f5e87bad3c948f4d605d) (ScriptedImporter) -> (artifact id: '7f5e6c35fe0c1f9ff161d203d6e08441') in 0.0171056 seconds
Number of updated asset objects reloaded before import = 0Number of asset objects unloaded after import = 3

========================================================================
Received Import Request.
  Time since last request: 0.000016 seconds.
  path: Assets/Class 7th (Prefab System)/Main Menu/Sprites/UI_Atlas_Popups.png
  artifactKey: Guid(99c604cbcd34c5940a41ccc8284a6a88) Importer(2089858483,b0f066a214c2f5e87bad3c948f4d605d)
Start importing Assets/Class 7th (Prefab System)/Main Menu/Sprites/UI_Atlas_Popups.png using Guid(99c604cbcd34c5940a41ccc8284a6a88) Importer(2089858483,b0f066a214c2f5e87bad3c948f4d605d) (ScriptedImporter) -> (artifact id: 'd561dc76ffff07e1da985edf23d3059d') in 0.0198134 seconds
Number of updated asset objects reloaded before import = 0Number of asset objects unloaded after import = 4

Editor requested this worker to shutdown with reason: Scaling down because of idle timeout
AssetImportWorker is now disconnected from the server
Process exiting
Exiting without the bug reporter. Application will terminate with return code 0