[Licensing::Module] Trying to connect to existing licensing client channel...
Built from '6000.3/staging' branch; Version is '6000.3.15f1 (c1aa84e375f6) revision 12692100'; Using compiler version '194234433'; Build Type 'Release'
OS: 'Windows 10  (10.0.19045) 64bit Professional' Language: 'ko' Physical Memory: 32478 MB
[Licensing::IpcConnector] Successfully connected to: "LicenseClient-Administrator" at "2026-05-28T12:28:12.3403245Z"
BatchMode: 1, IsHumanControllingUs: 0, StartBugReporterOnCrash: 0, Is64bit: 1
System  architecture: x64
Process architecture: x64
Date: 2026-05-28T12:28:12Z

COMMAND LINE ARGUMENTS:
C:\Program Files\Unity\Hub\Editor\6000.3.15f1\Editor\Unity.exe
-adb2
-batchMode
-noUpm
-name
AssetImportWorker12
-projectPath
C:/Users/Administrator/Desktop/Game-Engine/Program
-logFile
Logs/AssetImportWorker12.log
-srvPort
50696
-licensingIpc
LicenseClient-Administrator
-job-worker-count
13
-background-job-worker-count
8
-gc-helper-count
1
-name
AssetImport
Successfully changed project path to: C:/Users/Administrator/Desktop/Game-Engine/Program
C:/Users/Administrator/Desktop/Game-Engine/Program
[UnityMemory] Configuration Parameters - Can be set up in boot.config
    "memorysetup-temp-allocator-size-nav-mesh-worker=65536"
    "memorysetup-temp-allocator-size-audio-worker=65536"
    "memorysetup-temp-allocator-size-gfx=262144"
    "memorysetup-allocator-temp-initial-block-size-main=262144"
    "memorysetup-allocator-temp-initial-block-size-worker=262144"
    "memorysetup-temp-allocator-size-background-worker=32768"
    "memorysetup-temp-allocator-size-job-worker=262144"
    "memorysetup-temp-allocator-size-preload-manager=33554432"
    "memorysetup-temp-allocator-size-gi-baking-worker=262144"
    "memorysetup-temp-allocator-size-gi-baking-worker=262144"
    "memorysetup-temp-allocator-size-gi-baking-worker=262144"
    "memorysetup-temp-allocator-size-gi-baking-worker=262144"
    "memorysetup-temp-allocator-size-gi-baking-worker=262144"
    "memorysetup-bucket-allocator-granularity=16"
    "memorysetup-bucket-allocator-bucket-count=8"
    "memorysetup-bucket-allocator-block-size=33554432"
    "memorysetup-bucket-allocator-block-count=8"
    "memorysetup-main-allocator-block-size=16777216"
    "memorysetup-thread-allocator-block-size=16777216"
    "memorysetup-gfx-main-allocator-block-size=16777216"
    "memorysetup-gfx-thread-allocator-block-size=16777216"
    "memorysetup-cache-allocator-block-size=4194304"
    "memorysetup-typetree-allocator-block-size=2097152"
    "memorysetup-profiler-bucket-allocator-granularity=16"
    "memorysetup-profiler-bucket-allocator-bucket-count=8"
    "memorysetup-profiler-bucket-allocator-block-size=33554432"
    "memorysetup-profiler-bucket-allocator-block-count=8"
    "memorysetup-profiler-allocator-block-size=16777216"
    "memorysetup-profiler-editor-allocator-block-size=1048576"
    "memorysetup-temp-allocator-size-main=16777216"
    "memorysetup-job-temp-allocator-block-size=2097152"
    "memorysetup-job-temp-allocator-block-size-background=1048576"
    "memorysetup-job-temp-allocator-reduction-small-platforms=262144"
    "memorysetup-temp-allocator-size-cloud-worker=32768"
Player connection [14224]  Target information:

Player connection [14224]  * "[IP] 192.168.0.94 [Port] 0 [Flags] 2 [Guid] 854236932 [EditorId] 854236932 [Version] 1048832 [Id] WindowsEditor(7,DESKTOP-MSMA3UP) [Debug] 1 [PackageName] WindowsEditor [ProjectName] Editor" 

Player connection [14224] Host joined multi-casting on [225.0.0.222:54997]...
Player connection [14224] Host joined alternative multi-casting on [225.0.0.222:34997]...
JobSystem: Creating JobQueue using job-worker-count value 13
Input System module state changed to: Initialized.
[Physics::Module] Initialized fallback backend.
[Physics::Module] Id: 0xdecafbad
Library Redirect Path: Library/
[Physics::Module] Selected backend.
[Physics::Module] Name: PhysX
[Physics::Module] Id: 0xf2b8ea05
[Physics::Module] SDK Version: 4.1.2
[Physics::Module] Integration Version: 1.0.0
[Physics::Module] Threading Mode: Multi-Threaded
Refreshing native plugins compatible for Editor in 3.58 ms, found 4 plugins.
Preloading 0 native plugins for Editor in 0.00 ms.
Initialize engine version: 6000.3.15f1 (c1aa84e375f6)
[Subsystems] Discovering subsystems at path C:/Program Files/Unity/Hub/Editor/6000.3.15f1/Editor/Data/Resources/UnitySubsystems
[Subsystems] Discovering subsystems at path C:/Users/Administrator/Desktop/Game-Engine/Program/Assets
GfxDevice: creating device client; kGfxThreadingModeNonThreaded
Direct3D:
    Version:  Direct3D 11.0 [level 11.1]
    Renderer: NVIDIA GeForce RTX 5060 Ti (ID=0x2d04)
    Vendor:   NVIDIA
    VRAM:     16050 MB
    Driver:   32.0.15.9636
Initialize mono
Mono path[0] = 'C:/Program Files/Unity/Hub/Editor/6000.3.15f1/Editor/Data/Managed'
Mono path[1] = 'C:/Program Files/Unity/Hub/Editor/6000.3.15f1/Editor/Data/MonoBleedingEdge/lib/mono/unityjit-win32'
Mono config path = 'C:/Program Files/Unity/Hub/Editor/6000.3.15f1/Editor/Data/MonoBleedingEdge/etc'
Using monoOptions --debugger-agent=transport=dt_socket,embedding=1,server=y,suspend=n,address=127.0.0.1:56748
Begin MonoManager ReloadAssembly
Registering precompiled unity dll's ...
Register platform support module: C:/Program Files/Unity/Hub/Editor/6000.3.15f1/Editor/Data/PlaybackEngines/WindowsStandaloneSupport/UnityEditor.WindowsStandalone.Extensions.dll
Registered in 0.001361 seconds.
[Licensing::Client] Error: HandshakeResponse reported an error:
	ResponseCode: 505
	ResponseStatus: Unsupported protocol version '1.18.1'.
[Licensing::Module] Error: Failed to handshake to channel: "LicenseClient-Administrator"
[Licensing::IpcConnector] LicenseClient-Administrator channel disconnected successfully.
[Licensing::IpcConnector] Successfully connected to: "LicenseClient-Administrator-6000.3.15" at "2026-05-28T12:28:13.2289221Z"
[Licensing::Client] Code 10 while verifying Licensing Client signature (process Id: 16204, path: "C:/Program Files/Unity/Hub/Editor/6000.3.15f1/Editor/Data/Resources/Licensing/Client/Unity.Licensing.Client.exe")
[Licensing::Module] LicensingClient has failed validation; ignoring
[Licensing::Client] Handshaking with LicensingClient:
  Version:                 1.18.1+9fbee8e
  Session Id:              e9c1151c6f6c41a29cfe86a6586031db
  Correlation Id:          ad42b2fbb7b73a64a39450c4b227db39
  External correlation Id: 5111686603073779132
  Machine Id:              SvejmJGsl/EFmq0OAjofjZYOfss=
[Licensing::Module] Successfully connected to LicensingClient on channel: "LicenseClient-Administrator-6000.3.15" (connect: 0.00s, validation: 0.00s, handshake: 0.00s)
[Licensing::IpcConnector] Successfully connected to: "LicenseClient-Administrator-6000.3.15-notifications" at "2026-05-28T12:28:13.2391371Z"
[Licensing::Module] Licensing Background thread has ended after 0.90s
- Loaded All Assemblies, in  0.440 seconds
Native extension for WindowsStandalone target not found
Package Manager log level set to [2]
[Package Manager] Failed to launch server process. Reason: Unity was launched with the -noUpm command-line argument
[Package Manager] Unable to send message (not connected to server process).
[Package Manager] Cannot connect to Unity Package Manager local server
ScheduleIndexationOnStartup MainProcess:False IndexOnStartup:True
Mono: successfully reloaded assembly
- Finished resetting the current domain, in  0.428 seconds
Domain Reload Profiling: 867ms
	BeginReloadAssembly (143ms)
		ExecutionOrderSort (0ms)
		DisableScriptedObjects (0ms)
		BackupInstance (0ms)
		ReleaseScriptingObjects (0ms)
		CreateAndSetChildDomain (1ms)
	RebuildCommonClasses (38ms)
	RebuildNativeTypeToScriptingClass (15ms)
	initialDomainReloadingComplete (47ms)
	LoadAllAssembliesAndSetupDomain (195ms)
		LoadAssemblies (142ms)
		RebuildTransferFunctionScriptingTraits (0ms)
		AnalyzeDomain (192ms)
			TypeCache.Refresh (190ms)
				TypeCache.ScanAssembly (172ms)
			BuildScriptInfoCaches (0ms)
			ResolveRequiredComponents (1ms)
	FinalizeReload (428ms)
		ReleaseScriptCaches (0ms)
		RebuildScriptCaches (0ms)
		SetupLoadedEditorAssemblies (376ms)
			LogAssemblyErrors (0ms)
			InitializePlatformSupportModulesInManaged (52ms)
			SetLoadedEditorAssemblies (4ms)
			BeforeProcessingInitializeOnLoad (89ms)
			ProcessInitializeOnLoadAttributes (149ms)
			ProcessInitializeOnLoadMethodAttributes (80ms)
			AfterProcessingInitializeOnLoad (0ms)
			EditorAssembliesLoaded (0ms)
		ExecutionOrderSort2 (0ms)
		AwakeInstancesAfterBackupRestoration (0ms)
========================================================================
Worker process is ready to serve import requests
Import Worker Mode flag is 0x00
Begin MonoManager ReloadAssembly
[Licensing::Client] Successfully resolved entitlement details
[Licensing::Module] License group:
  Id: 14569174559127-UnityPersXXXX
  Product: Unity Personal
  Type: Assigned
  Expiration: Unlimited
- Loaded All Assemblies, in  0.885 seconds
Refreshing native plugins compatible for Editor in 1.03 ms, found 4 plugins.
Native extension for WindowsStandalone target not found
[Package Manager] Failed to launch server process. Reason: Unity was launched with the -noUpm command-line argument
[Package Manager] Unable to send message (not connected to server process).
[Package Manager] Cannot connect to Unity Package Manager local server
Refreshing native plugins compatible for Editor in 1.18 ms, found 4 plugins.
[Package Manager] Failed to launch server process. Reason: Unity was launched with the -noUpm command-line argument
[Package Manager] Unable to send message (not connected to server process).
[Package Manager] Cannot connect to Unity Package Manager local server
ScheduleIndexationOnStartup MainProcess:False IndexOnStartup:True
Mono: successfully reloaded assembly
- Finished resetting the current domain, in  0.779 seconds
Domain Reload Profiling: 1663ms
	BeginReloadAssembly (208ms)
		ExecutionOrderSort (0ms)
		DisableScriptedObjects (7ms)
		BackupInstance (0ms)
		ReleaseScriptingObjects (0ms)
		CreateAndSetChildDomain (41ms)
	RebuildCommonClasses (38ms)
	RebuildNativeTypeToScriptingClass (15ms)
	initialDomainReloadingComplete (39ms)
	LoadAllAssembliesAndSetupDomain (583ms)
		LoadAssemblies (401ms)
		RebuildTransferFunctionScriptingTraits (0ms)
		AnalyzeDomain (298ms)
			TypeCache.Refresh (197ms)
				TypeCache.ScanAssembly (173ms)
			BuildScriptInfoCaches (87ms)
			ResolveRequiredComponents (10ms)
	FinalizeReload (779ms)
		ReleaseScriptCaches (0ms)
		RebuildScriptCaches (0ms)
		SetupLoadedEditorAssemblies (560ms)
			LogAssemblyErrors (0ms)
			InitializePlatformSupportModulesInManaged (2ms)
			SetLoadedEditorAssemblies (4ms)
			BeforeProcessingInitializeOnLoad (136ms)
			ProcessInitializeOnLoadAttributes (346ms)
			ProcessInitializeOnLoadMethodAttributes (68ms)
			AfterProcessingInitializeOnLoad (4ms)
			EditorAssembliesLoaded (0ms)
		ExecutionOrderSort2 (0ms)
		AwakeInstancesAfterBackupRestoration (7ms)
Launched and connected shader compiler UnityShaderCompiler.exe after 0.01 seconds
Refreshing native plugins compatible for Editor in 1.23 ms, found 4 plugins.
Preloading 0 native plugins for Editor in 0.00 ms.
Unloading 17 Unused Serialized files (Serialized files now loaded: 0)
Unloading 6441 unused Assets / (4.4 MB). Loaded Objects now: 7235.
Memory consumption went from 153.6 MB to 149.2 MB.
Total: 13.627400 ms (FindLiveObjects: 1.142400 ms CreateObjectMapping: 0.621400 ms MarkObjects: 6.910600 ms  DeleteObjects: 4.951600 ms)

========================================================================
Received Import Request.
  Time since last request: 13023.916566 seconds.
  path: Assets/GolfAssets/Materials/Cosmetics/8ball.mat
  artifactKey: Guid(8312163c96502854aac06bd368093d07) Importer(2089858483,b0f066a214c2f5e87bad3c948f4d605d)
Start importing Assets/GolfAssets/Materials/Cosmetics/8ball.mat using Guid(8312163c96502854aac06bd368093d07) Importer(2089858483,b0f066a214c2f5e87bad3c948f4d605d) (ScriptedImporter) -> (artifact id: 'c5926ad274bf49792449bcef1b74b8c6') in 0.1035899 seconds
Number of updated asset objects reloaded before import = 0Number of asset objects unloaded after import = 2

========================================================================
Received Import Request.
  Time since last request: 0.000020 seconds.
  path: Assets/GolfAssets/Animations/FrogPortalEnter.controller
  artifactKey: Guid(f0a834f3f51bc6c4d9bdcc735a20eb40) Importer(2089858483,b0f066a214c2f5e87bad3c948f4d605d)
Start importing Assets/GolfAssets/Animations/FrogPortalEnter.controller using Guid(f0a834f3f51bc6c4d9bdcc735a20eb40) Importer(2089858483,b0f066a214c2f5e87bad3c948f4d605d) (ScriptedImporter) -> (artifact id: '20db4028002ff0a452cddc3a74efc6f9') in 0.0095178 seconds
Number of updated asset objects reloaded before import = 0Number of asset objects unloaded after import = 7

========================================================================
Received Import Request.
  Time since last request: 0.000016 seconds.
  path: Assets/GolfAssets/UniversalRenderPipelineGlobalSettings.asset
  artifactKey: Guid(b20909cf6eb358e489e8c9a2ddaf1480) Importer(815301076,1909f56bfc062723c751e8b465ee728b)
Start importing Assets/GolfAssets/UniversalRenderPipelineGlobalSettings.asset using Guid(b20909cf6eb358e489e8c9a2ddaf1480) Importer(815301076,1909f56bfc062723c751e8b465ee728b) (PreviewImporter) -> (artifact id: '457b0d3c9935347aae6a1cae4624d847') in 0.0171731 seconds
Number of updated asset objects reloaded before import = 0Number of asset objects unloaded after import = 1

========================================================================
Received Import Request.
  Time since last request: 0.000018 seconds.
  path: Assets/GolfAssets/Textures/Coins/1_DefaultMaterial_Normal.png
  artifactKey: Guid(865cb1d07d305314480f9f17d85bf7fa) Importer(2089858483,b0f066a214c2f5e87bad3c948f4d605d)
Start importing Assets/GolfAssets/Textures/Coins/1_DefaultMaterial_Normal.png using Guid(865cb1d07d305314480f9f17d85bf7fa) Importer(2089858483,b0f066a214c2f5e87bad3c948f4d605d) (ScriptedImporter) -> (artifact id: '02bc38111b343b458e5a2359d17be69d') in 0.0518716 seconds
Number of updated asset objects reloaded before import = 0Number of asset objects unloaded after import = 1

========================================================================
Received Import Request.
  Time since last request: 0.000025 seconds.
  path: Assets/GolfAssets/Materials/ColorPicker.mat
  artifactKey: Guid(ff15b73cd5e069c4db286a8da49ce702) Importer(2089858483,b0f066a214c2f5e87bad3c948f4d605d)
Start importing Assets/GolfAssets/Materials/ColorPicker.mat using Guid(ff15b73cd5e069c4db286a8da49ce702) Importer(2089858483,b0f066a214c2f5e87bad3c948f4d605d) (ScriptedImporter) -> (artifact id: '0042ad0d22f5698ba4d993d39e8fa637') in 0.0094846 seconds
Number of updated asset objects reloaded before import = 0Number of asset objects unloaded after import = 2

========================================================================
Received Import Request.
  Time since last request: 0.000015 seconds.
  path: Assets/GolfAssets/Textures/Cosmetics/wood
  artifactKey: Guid(fefb9282a29ee064ab9ab5ad08d4ed72) Importer(2089858483,b0f066a214c2f5e87bad3c948f4d605d)
Start importing Assets/GolfAssets/Textures/Cosmetics/wood using Guid(fefb9282a29ee064ab9ab5ad08d4ed72) Importer(2089858483,b0f066a214c2f5e87bad3c948f4d605d) (ScriptedImporter) -> (artifact id: '428c36f6bb8a5a0e5a260dec05e6db88') in 0.0082676 seconds
Number of updated asset objects reloaded before import = 0Number of asset objects unloaded after import = 1

========================================================================
Received Import Request.
  Time since last request: 0.000021 seconds.
  path: Assets/GolfAssets/Prefabs/InteractProps/Hammer.prefab
  artifactKey: Guid(5722c38e7ccb33e429cef840096c8e4f) Importer(2089858483,b0f066a214c2f5e87bad3c948f4d605d)
Start importing Assets/GolfAssets/Prefabs/InteractProps/Hammer.prefab using Guid(5722c38e7ccb33e429cef840096c8e4f) Importer(2089858483,b0f066a214c2f5e87bad3c948f4d605d) (ScriptedImporter) -> (artifact id: 'e7c65e5f16237eb9f70f0540fae7de60') in 0.0454432 seconds
Number of updated asset objects reloaded before import = 0Number of asset objects unloaded after import = 21

========================================================================
Received Import Request.
  Time since last request: 0.000021 seconds.
  path: Assets/GolfAssets/Prefabs/InteractProps
  artifactKey: Guid(f9cb8b6981703a04c88c62dbe9b0f018) Importer(2089858483,b0f066a214c2f5e87bad3c948f4d605d)
Start importing Assets/GolfAssets/Prefabs/InteractProps using Guid(f9cb8b6981703a04c88c62dbe9b0f018) Importer(2089858483,b0f066a214c2f5e87bad3c948f4d605d) (ScriptedImporter) -> (artifact id: 'c6a624eca368cf33ccf8b25e938f2373') in 0.006818 seconds
Number of updated asset objects reloaded before import = 0Number of asset objects unloaded after import = 1

========================================================================
Received Import Request.
  Time since last request: 0.000014 seconds.
  path: Assets/GolfAssets/Models/Level/Part1/Side.fbx
  artifactKey: Guid(aff7066b9b8d1894db11fe79298eea80) Importer(2089858483,b0f066a214c2f5e87bad3c948f4d605d)
Start importing Assets/GolfAssets/Models/Level/Part1/Side.fbx using Guid(aff7066b9b8d1894db11fe79298eea80) Importer(2089858483,b0f066a214c2f5e87bad3c948f4d605d) (ScriptedImporter) -> (artifact id: '71c6ebd247986df05d91c80bc92b3b73') in 0.0325347 seconds
Number of updated asset objects reloaded before import = 0Number of asset objects unloaded after import = 9

========================================================================
Received Import Request.
  Time since last request: 0.000020 seconds.
  path: Assets/GolfAssets/Models/FrogPortals
  artifactKey: Guid(a7875b01ed4ff3643b92fd95d81a3d99) Importer(2089858483,b0f066a214c2f5e87bad3c948f4d605d)
Start importing Assets/GolfAssets/Models/FrogPortals using Guid(a7875b01ed4ff3643b92fd95d81a3d99) Importer(2089858483,b0f066a214c2f5e87bad3c948f4d605d) (ScriptedImporter) -> (artifact id: '81db862eb5acc7e7ec5abae020bae609') in 0.0068569 seconds
Number of updated asset objects reloaded before import = 0Number of asset objects unloaded after import = 1

========================================================================
Received Import Request.
  Time since last request: 6.313436 seconds.
  path: Assets/Golf Assets/Textures/Coins
  artifactKey: Guid(203c62962bdc2d54eba445fe929995b1) Importer(2089858483,b0f066a214c2f5e87bad3c948f4d605d)
Start importing Assets/Golf Assets/Textures/Coins using Guid(203c62962bdc2d54eba445fe929995b1) Importer(2089858483,b0f066a214c2f5e87bad3c948f4d605d) (ScriptedImporter) -> (artifact id: 'b6b181abcca59bfb03ab53667ef06ef2') in 0.0082181 seconds
Number of updated asset objects reloaded before import = 0Number of asset objects unloaded after import = 1

========================================================================
Received Import Request.
  Time since last request: 0.000014 seconds.
  path: Assets/Golf Assets/Models/Interactable/Boost.fbx
  artifactKey: Guid(fda68674789605a40a1b624c3a4a094e) Importer(2089858483,b0f066a214c2f5e87bad3c948f4d605d)
Start importing Assets/Golf Assets/Models/Interactable/Boost.fbx using Guid(fda68674789605a40a1b624c3a4a094e) Importer(2089858483,b0f066a214c2f5e87bad3c948f4d605d) (ScriptedImporter) -> (artifact id: '0ab512c1e1b47b677ce071d30bd14661') in 0.0122804 seconds
Number of updated asset objects reloaded before import = 0Number of asset objects unloaded after import = 7

========================================================================
Received Import Request.
  Time since last request: 0.000015 seconds.
  path: Assets/Golf Assets/Textures/Cosmetics/waves
  artifactKey: Guid(763624b1471cd124a90a7a8ee1e51638) Importer(2089858483,b0f066a214c2f5e87bad3c948f4d605d)
Start importing Assets/Golf Assets/Textures/Cosmetics/waves using Guid(763624b1471cd124a90a7a8ee1e51638) Importer(2089858483,b0f066a214c2f5e87bad3c948f4d605d) (ScriptedImporter) -> (artifact id: '9d6a6a2b7fca121616438923f3e5a9fe') in 0.0077052 seconds
Number of updated asset objects reloaded before import = 0Number of asset objects unloaded after import = 1

========================================================================
Received Import Request.
  Time since last request: 0.000013 seconds.
  path: Assets/Golf Assets/Textures/Cosmetics/8ball
  artifactKey: Guid(6db8a10ae30580c4e95623c5f79e7453) Importer(2089858483,b0f066a214c2f5e87bad3c948f4d605d)
Start importing Assets/Golf Assets/Textures/Cosmetics/8ball using Guid(6db8a10ae30580c4e95623c5f79e7453) Importer(2089858483,b0f066a214c2f5e87bad3c948f4d605d) (ScriptedImporter) -> (artifact id: '58e718c405ba7f9d8465217da2677e8d') in 0.0070897 seconds
Number of updated asset objects reloaded before import = 0Number of asset objects unloaded after import = 1

========================================================================
Received Import Request.
  Time since last request: 0.000016 seconds.
  path: Assets/Golf Assets/Settings/Low_PipelineAsset_ForwardRenderer.asset
  artifactKey: Guid(01f8c7d2b3460074d9419563d67ba33c) Importer(2089858483,b0f066a214c2f5e87bad3c948f4d605d)
Start importing Assets/Golf Assets/Settings/Low_PipelineAsset_ForwardRenderer.asset using Guid(01f8c7d2b3460074d9419563d67ba33c) Importer(2089858483,b0f066a214c2f5e87bad3c948f4d605d) (ScriptedImporter) -> (artifact id: 'aabdcfffb81c8fdbf83ef9beba111db7') in 0.042748 seconds
Number of updated asset objects reloaded before import = 0Number of asset objects unloaded after import = 1

========================================================================
Received Import Request.
  Time since last request: 0.000019 seconds.
  path: Assets/Golf Assets/Materials/FrogPortals.mat
  artifactKey: Guid(f06b24829cc283043a0e14734a73dd4d) Importer(2089858483,b0f066a214c2f5e87bad3c948f4d605d)
Start importing Assets/Golf Assets/Materials/FrogPortals.mat using Guid(f06b24829cc283043a0e14734a73dd4d) Importer(2089858483,b0f066a214c2f5e87bad3c948f4d605d) (ScriptedImporter) -> (artifact id: '3bf29ebddc5b608da837614b83d9fb04') in 0.0358366 seconds
Number of updated asset objects reloaded before import = 0Number of asset objects unloaded after import = 4

========================================================================
Received Import Request.
  Time since last request: 0.000025 seconds.
  path: Assets/Golf Assets/Prefabs/Bumpers
  artifactKey: Guid(7191222baecc32a46bb678ba8422d5ca) Importer(2089858483,b0f066a214c2f5e87bad3c948f4d605d)
Start importing Assets/Golf Assets/Prefabs/Bumpers using Guid(7191222baecc32a46bb678ba8422d5ca) Importer(2089858483,b0f066a214c2f5e87bad3c948f4d605d) (ScriptedImporter) -> (artifact id: '6de1e4f0bbe0fd3b5ee153821f2f3a44') in 0.0065212 seconds
Number of updated asset objects reloaded before import = 0Number of asset objects unloaded after import = 1

========================================================================
Received Import Request.
  Time since last request: 0.000017 seconds.
  path: Assets/Golf Assets/Prefabs/Level/DownHill.prefab
  artifactKey: Guid(1e34f523c11fe4a4dbff9e801a5fecf3) Importer(2089858483,b0f066a214c2f5e87bad3c948f4d605d)
Start importing Assets/Golf Assets/Prefabs/Level/DownHill.prefab using Guid(1e34f523c11fe4a4dbff9e801a5fecf3) Importer(2089858483,b0f066a214c2f5e87bad3c948f4d605d) (ScriptedImporter) -> (artifact id: 'd43c0d3177f484db33e6e272791c1740') in 0.0120609 seconds
Number of updated asset objects reloaded before import = 0Number of asset objects unloaded after import = 16

========================================================================
Received Import Request.
  Time since last request: 0.000019 seconds.
  path: Assets/Golf Assets/Shaders/BlackTransition.shadergraph
  artifactKey: Guid(2cee75c01afb72340b4f0db0c2d32f21) Importer(2089858483,b0f066a214c2f5e87bad3c948f4d605d)
Start importing Assets/Golf Assets/Shaders/BlackTransition.shadergraph using Guid(2cee75c01afb72340b4f0db0c2d32f21) Importer(2089858483,b0f066a214c2f5e87bad3c948f4d605d) (ScriptedImporter) -> (artifact id: 'dab7ff2dee3b94673687200fb5db8fc3') in 0.0151348 seconds
Number of updated asset objects reloaded before import = 0Number of asset objects unloaded after import = 5

========================================================================
Received Import Request.
  Time since last request: 0.000015 seconds.
  path: Assets/Golf Assets/Textures/WindMill
  artifactKey: Guid(8dd94675c4160ec40885477cfac1a214) Importer(2089858483,b0f066a214c2f5e87bad3c948f4d605d)
Start importing Assets/Golf Assets/Textures/WindMill using Guid(8dd94675c4160ec40885477cfac1a214) Importer(2089858483,b0f066a214c2f5e87bad3c948f4d605d) (ScriptedImporter) -> (artifact id: '84da8baedda09451e9667e334fc63fae') in 0.0062015 seconds
Number of updated asset objects reloaded before import = 0Number of asset objects unloaded after import = 1

========================================================================
Received Import Request.
  Time since last request: 0.000015 seconds.
  path: Assets/Golf Assets/Materials/Checker 3.mat
  artifactKey: Guid(d8d43424317c6704c86e2f364563fdcb) Importer(2089858483,b0f066a214c2f5e87bad3c948f4d605d)
Start importing Assets/Golf Assets/Materials/Checker 3.mat using Guid(d8d43424317c6704c86e2f364563fdcb) Importer(2089858483,b0f066a214c2f5e87bad3c948f4d605d) (ScriptedImporter) -> (artifact id: '3a4c6f8839848046d86c278313c85ba9') in 0.0117604 seconds
Number of updated asset objects reloaded before import = 0Number of asset objects unloaded after import = 3

========================================================================
Received Import Request.
  Time since last request: 0.000019 seconds.
  path: Assets/Golf Assets/Prefabs/Bg
  artifactKey: Guid(6148eb3c5f8c22e418f4b2e928fc6157) Importer(2089858483,b0f066a214c2f5e87bad3c948f4d605d)
Start importing Assets/Golf Assets/Prefabs/Bg using Guid(6148eb3c5f8c22e418f4b2e928fc6157) Importer(2089858483,b0f066a214c2f5e87bad3c948f4d605d) (ScriptedImporter) -> (artifact id: '0cea2dd68a623b3c6bae7765de4737e2') in 0.0071497 seconds
Number of updated asset objects reloaded before import = 0Number of asset objects unloaded after import = 1

========================================================================
Received Import Request.
  Time since last request: 0.000024 seconds.
  path: Assets/Golf Assets/Prefabs/InteractProps
  artifactKey: Guid(f9cb8b6981703a04c88c62dbe9b0f018) Importer(2089858483,b0f066a214c2f5e87bad3c948f4d605d)
Start importing Assets/Golf Assets/Prefabs/InteractProps using Guid(f9cb8b6981703a04c88c62dbe9b0f018) Importer(2089858483,b0f066a214c2f5e87bad3c948f4d605d) (ScriptedImporter) -> (artifact id: '0450907a006c97e650501d9322c092d1') in 0.0067712 seconds
Number of updated asset objects reloaded before import = 0Number of asset objects unloaded after import = 1

========================================================================
Received Import Request.
  Time since last request: 0.000023 seconds.
  path: Assets/Golf Assets/Prefabs/Level/90hole.prefab
  artifactKey: Guid(a1cda437413b1434ba7f0f45169c0a2d) Importer(2089858483,b0f066a214c2f5e87bad3c948f4d605d)
Start importing Assets/Golf Assets/Prefabs/Level/90hole.prefab using Guid(a1cda437413b1434ba7f0f45169c0a2d) Importer(2089858483,b0f066a214c2f5e87bad3c948f4d605d) (ScriptedImporter) -> (artifact id: '08966aa58b056dddd98e725a6764fb55') in 0.0105365 seconds
Number of updated asset objects reloaded before import = 0Number of asset objects unloaded after import = 16

========================================================================
Received Import Request.
  Time since last request: 0.000015 seconds.
  path: Assets/Golf Assets/Prefabs/Level/UpHill.prefab
  artifactKey: Guid(e8999d269ed7b3e47b048c17f4115ea5) Importer(2089858483,b0f066a214c2f5e87bad3c948f4d605d)
Start importing Assets/Golf Assets/Prefabs/Level/UpHill.prefab using Guid(e8999d269ed7b3e47b048c17f4115ea5) Importer(2089858483,b0f066a214c2f5e87bad3c948f4d605d) (ScriptedImporter) -> (artifact id: '78ec738f7b618a204cfe0259cec22a51') in 0.0123241 seconds
Number of updated asset objects reloaded before import = 0Number of asset objects unloaded after import = 16

========================================================================
Received Import Request.
  Time since last request: 0.000024 seconds.
  path: Assets/Golf Assets/Models/WindMill/FanBase.fbx
  artifactKey: Guid(d45ffb69fe052b142a03adaf0109ac66) Importer(2089858483,b0f066a214c2f5e87bad3c948f4d605d)
Start importing Assets/Golf Assets/Models/WindMill/FanBase.fbx using Guid(d45ffb69fe052b142a03adaf0109ac66) Importer(2089858483,b0f066a214c2f5e87bad3c948f4d605d) (ScriptedImporter) -> (artifact id: '41f3c8a47e363867c71d545db0ef2fe2') in 0.0121117 seconds
Number of updated asset objects reloaded before import = 0Number of asset objects unloaded after import = 7

========================================================================
Received Import Request.
  Time since last request: 0.000014 seconds.
  path: Assets/Golf Assets/Shaders/Blur.shadergraph
  artifactKey: Guid(0029f8da3332e5a40937310c10948634) Importer(2089858483,b0f066a214c2f5e87bad3c948f4d605d)
Start importing Assets/Golf Assets/Shaders/Blur.shadergraph using Guid(0029f8da3332e5a40937310c10948634) Importer(2089858483,b0f066a214c2f5e87bad3c948f4d605d) (ScriptedImporter) -> (artifact id: '2933c057aa15c0ed361b31cd826adffa') in 0.0117196 seconds
Number of updated asset objects reloaded before import = 0Number of asset objects unloaded after import = 5

========================================================================
Received Import Request.
  Time since last request: 0.000020 seconds.
  path: Assets/Golf Assets/Settings/Ultra_PipelineAsset_ForwardRenderer.asset
  artifactKey: Guid(9e90a845c14752d4fb6d5fa756814bc6) Importer(2089858483,b0f066a214c2f5e87bad3c948f4d605d)
Start importing Assets/Golf Assets/Settings/Ultra_PipelineAsset_ForwardRenderer.asset using Guid(9e90a845c14752d4fb6d5fa756814bc6) Importer(2089858483,b0f066a214c2f5e87bad3c948f4d605d) (ScriptedImporter) -> (artifact id: 'e674869efb513563934fa0794caaca7a') in 0.0103217 seconds
Number of updated asset objects reloaded before import = 0Number of asset objects unloaded after import = 1

========================================================================
Received Import Request.
  Time since last request: 0.000018 seconds.
  path: Assets/Golf Assets/Prefabs/Level/RampSide.prefab
  artifactKey: Guid(b5a8bbc509d04d84ca618cadf1c51bcd) Importer(2089858483,b0f066a214c2f5e87bad3c948f4d605d)
Start importing Assets/Golf Assets/Prefabs/Level/RampSide.prefab using Guid(b5a8bbc509d04d84ca618cadf1c51bcd) Importer(2089858483,b0f066a214c2f5e87bad3c948f4d605d) (ScriptedImporter) -> (artifact id: '35ffb984344358dc72fbdedd5a6037ae') in 0.0113048 seconds
Number of updated asset objects reloaded before import = 0Number of asset objects unloaded after import = 16

========================================================================
Received Import Request.
  Time since last request: 0.000026 seconds.
  path: Assets/Golf Assets/Materials/CloudShader.mat
  artifactKey: Guid(914f7ebaf1c25584cbcc1f79a39bc163) Importer(2089858483,b0f066a214c2f5e87bad3c948f4d605d)
Start importing Assets/Golf Assets/Materials/CloudShader.mat using Guid(914f7ebaf1c25584cbcc1f79a39bc163) Importer(2089858483,b0f066a214c2f5e87bad3c948f4d605d) (ScriptedImporter) -> (artifact id: '89867d0386e6865801eefd2583c71b99') in 0.0094091 seconds
Number of updated asset objects reloaded before import = 0Number of asset objects unloaded after import = 6

========================================================================
Received Import Request.
  Time since last request: 0.000016 seconds.
  path: Assets/Golf Assets/Materials/Cosmetics/8ball.mat
  artifactKey: Guid(8312163c96502854aac06bd368093d07) Importer(2089858483,b0f066a214c2f5e87bad3c948f4d605d)
Start importing Assets/Golf Assets/Materials/Cosmetics/8ball.mat using Guid(8312163c96502854aac06bd368093d07) Importer(2089858483,b0f066a214c2f5e87bad3c948f4d605d) (ScriptedImporter) -> (artifact id: 'abb96e7123b6d27d9b4310acf097c801') in 0.0083061 seconds
Number of updated asset objects reloaded before import = 0Number of asset objects unloaded after import = 2

========================================================================
Received Import Request.
  Time since last request: 0.000018 seconds.
  path: Assets/Golf Assets/Prefabs/InteractProps/FanBlade.prefab
  artifactKey: Guid(aa2092fa8c47618428e24461b7b93328) Importer(2089858483,b0f066a214c2f5e87bad3c948f4d605d)
Start importing Assets/Golf Assets/Prefabs/InteractProps/FanBlade.prefab using Guid(aa2092fa8c47618428e24461b7b93328) Importer(2089858483,b0f066a214c2f5e87bad3c948f4d605d) (ScriptedImporter) -> (artifact id: '0971ddf524ce7d156de0111d2317cbce') in 0.0118602 seconds
Number of updated asset objects reloaded before import = 0Number of asset objects unloaded after import = 15

========================================================================
Received Import Request.
  Time since last request: 0.000016 seconds.
  path: Assets/Golf Assets/Textures/Checker/1_DefaultMaterial_AlbedoTransparency.png
  artifactKey: Guid(590ae095c0e512b41bc39c03eea93a1d) Importer(2089858483,b0f066a214c2f5e87bad3c948f4d605d)
Start importing Assets/Golf Assets/Textures/Checker/1_DefaultMaterial_AlbedoTransparency.png using Guid(590ae095c0e512b41bc39c03eea93a1d) Importer(2089858483,b0f066a214c2f5e87bad3c948f4d605d) (ScriptedImporter) -> (artifact id: '47156298acfaab89c61e92ffb69f843e') in 0.0112949 seconds
Number of updated asset objects reloaded before import = 0Number of asset objects unloaded after import = 1

========================================================================
Received Import Request.
  Time since last request: 0.000015 seconds.
  path: Assets/Golf Assets/Prefabs/Pipes/PipeTurn.prefab
  artifactKey: Guid(b48b301a3dffd6740aeadf7259b6eeb5) Importer(2089858483,b0f066a214c2f5e87bad3c948f4d605d)
Start importing Assets/Golf Assets/Prefabs/Pipes/PipeTurn.prefab using Guid(b48b301a3dffd6740aeadf7259b6eeb5) Importer(2089858483,b0f066a214c2f5e87bad3c948f4d605d) (ScriptedImporter) -> (artifact id: '6cceed671a7f58b352e788e5b2c697fb') in 0.0117258 seconds
Number of updated asset objects reloaded before import = 0Number of asset objects unloaded after import = 16

========================================================================
Received Import Request.
  Time since last request: 0.000019 seconds.
  path: Assets/Golf Assets/Textures/Cosmetics/golf/Sphere_DefaultMaterial_Normal.png
  artifactKey: Guid(f3be471ba996f854a8cfd59f0bdf3dcb) Importer(2089858483,b0f066a214c2f5e87bad3c948f4d605d)
Start importing Assets/Golf Assets/Textures/Cosmetics/golf/Sphere_DefaultMaterial_Normal.png using Guid(f3be471ba996f854a8cfd59f0bdf3dcb) Importer(2089858483,b0f066a214c2f5e87bad3c948f4d605d) (ScriptedImporter) -> (artifact id: 'df9f577b1a7c38d4a583c174108ddda9') in 0.0109138 seconds
Number of updated asset objects reloaded before import = 0Number of asset objects unloaded after import = 1

========================================================================
Received Import Request.
  Time since last request: 0.000026 seconds.
  path: Assets/Golf Assets/Models/Level/Part1/SidesHole.fbx
  artifactKey: Guid(2c984a4608aed17438d4dfaf12587374) Importer(2089858483,b0f066a214c2f5e87bad3c948f4d605d)
Start importing Assets/Golf Assets/Models/Level/Part1/SidesHole.fbx using Guid(2c984a4608aed17438d4dfaf12587374) Importer(2089858483,b0f066a214c2f5e87bad3c948f4d605d) (ScriptedImporter) -> (artifact id: '66b8c2f56318258ee318b3343e30fdfa') in 0.0150399 seconds
Number of updated asset objects reloaded before import = 0Number of asset objects unloaded after import = 9

========================================================================
Received Import Request.
  Time since last request: 0.000016 seconds.
  path: Assets/Golf Assets/Settings/Medium_PipelineAsset.asset
  artifactKey: Guid(7f423b31b6934b349b3ab8d7c337eafd) Importer(2089858483,b0f066a214c2f5e87bad3c948f4d605d)
Start importing Assets/Golf Assets/Settings/Medium_PipelineAsset.asset using Guid(7f423b31b6934b349b3ab8d7c337eafd) Importer(2089858483,b0f066a214c2f5e87bad3c948f4d605d) (ScriptedImporter) -> (artifact id: '00c7898927fbf95377fd37c583c828ee') in 0.0446311 seconds
Number of updated asset objects reloaded before import = 0Number of asset objects unloaded after import = 2

========================================================================
Received Import Request.
  Time since last request: 5.297623 seconds.
  path: Assets/Class 8th (Physics System)/Golf Assets/Materials/Checker.mat
  artifactKey: Guid(7e5416e01220b99449642aa7273d280d) Importer(815301076,1909f56bfc062723c751e8b465ee728b)
Start importing Assets/Class 8th (Physics System)/Golf Assets/Materials/Checker.mat using Guid(7e5416e01220b99449642aa7273d280d) Importer(815301076,1909f56bfc062723c751e8b465ee728b) (PreviewImporter) -> (artifact id: '0948d7d30bcd48c261b48e4061718929') in 0.4693613 seconds
Number of updated asset objects reloaded before import = 0Number of asset objects unloaded after import = 3

========================================================================
Received Import Request.
  Time since last request: 0.000037 seconds.
  path: Assets/Class 8th (Physics System)/Golf Assets/Materials/SkyBoxGradient.mat
  artifactKey: Guid(ddcd311be36c3f141b05a69b710ebb12) Importer(815301076,1909f56bfc062723c751e8b465ee728b)
Start importing Assets/Class 8th (Physics System)/Golf Assets/Materials/SkyBoxGradient.mat using Guid(ddcd311be36c3f141b05a69b710ebb12) Importer(815301076,1909f56bfc062723c751e8b465ee728b) (PreviewImporter) -> (artifact id: 'f0865d39ee6d52142eb8a1fcb0b1fd9d') in 0.3519258 seconds
Number of updated asset objects reloaded before import = 0Number of asset objects unloaded after import = 6

========================================================================
Received Import Request.
  Time since last request: 2.955919 seconds.
  path: Assets/Class 8th (Physics System)/Golf Assets/Materials/Checker 2.mat
  artifactKey: Guid(31c2f8f13deba7341983220e684e2880) Importer(2089858483,b0f066a214c2f5e87bad3c948f4d605d)
Start importing Assets/Class 8th (Physics System)/Golf Assets/Materials/Checker 2.mat using Guid(31c2f8f13deba7341983220e684e2880) Importer(2089858483,b0f066a214c2f5e87bad3c948f4d605d) (ScriptedImporter) -> (artifact id: 'd89aec7a147af0edee3acbfc68e2a1af') in 0.0097563 seconds
Number of updated asset objects reloaded before import = 0Number of asset objects unloaded after import = 3

========================================================================
Received Import Request.
  Time since last request: 0.460666 seconds.
  path: Assets/Class 8th (Physics System)/Golf Assets/Settings/Ultra_PipelineAsset_ForwardRenderer.asset
  artifactKey: Guid(9e90a845c14752d4fb6d5fa756814bc6) Importer(2089858483,b0f066a214c2f5e87bad3c948f4d605d)
Start importing Assets/Class 8th (Physics System)/Golf Assets/Settings/Ultra_PipelineAsset_ForwardRenderer.asset using Guid(9e90a845c14752d4fb6d5fa756814bc6) Importer(2089858483,b0f066a214c2f5e87bad3c948f4d605d) (ScriptedImporter) -> (artifact id: '152b1492317193579063c7c0d832ad0c') in 0.011559 seconds
Number of updated asset objects reloaded before import = 0Number of asset objects unloaded after import = 1

========================================================================
Received Import Request.
  Time since last request: 0.000040 seconds.
  path: Assets/Class 8th (Physics System)/Golf Assets/Prefabs/Level/Turnhole.prefab
  artifactKey: Guid(07c0ea4c363724b4c9be66e35eb2e9f5) Importer(2089858483,b0f066a214c2f5e87bad3c948f4d605d)
Start importing Assets/Class 8th (Physics System)/Golf Assets/Prefabs/Level/Turnhole.prefab using Guid(07c0ea4c363724b4c9be66e35eb2e9f5) Importer(2089858483,b0f066a214c2f5e87bad3c948f4d605d) (ScriptedImporter) -> (artifact id: '81ac7f15b2f7ffb413855cdb7322bec0') in 0.0107852 seconds
Number of updated asset objects reloaded before import = 0Number of asset objects unloaded after import = 16

========================================================================
Received Import Request.
  Time since last request: 0.000032 seconds.
  path: Assets/Class 8th (Physics System)/Golf Assets/Prefabs/Level/UpHill.prefab
  artifactKey: Guid(e8999d269ed7b3e47b048c17f4115ea5) Importer(2089858483,b0f066a214c2f5e87bad3c948f4d605d)
Start importing Assets/Class 8th (Physics System)/Golf Assets/Prefabs/Level/UpHill.prefab using Guid(e8999d269ed7b3e47b048c17f4115ea5) Importer(2089858483,b0f066a214c2f5e87bad3c948f4d605d) (ScriptedImporter) -> (artifact id: 'cfea132d2e28943083c4905fcf9bbb50') in 0.0139584 seconds
Number of updated asset objects reloaded before import = 0Number of asset objects unloaded after import = 16

========================================================================
Received Import Request.
  Time since last request: 0.000021 seconds.
  path: Assets/Class 8th (Physics System)/Golf Assets/Textures/Pipes/1_DefaultMaterial_AlbedoTransparency.png
  artifactKey: Guid(ae9f61fbd41cbc044898f43b43c054fa) Importer(2089858483,b0f066a214c2f5e87bad3c948f4d605d)
Start importing Assets/Class 8th (Physics System)/Golf Assets/Textures/Pipes/1_DefaultMaterial_AlbedoTransparency.png using Guid(ae9f61fbd41cbc044898f43b43c054fa) Importer(2089858483,b0f066a214c2f5e87bad3c948f4d605d) (ScriptedImporter) -> (artifact id: '9cea09128dc5d9e861372b303c78e36f') in 0.0117565 seconds
Number of updated asset objects reloaded before import = 0Number of asset objects unloaded after import = 1

========================================================================
Received Import Request.
  Time since last request: 0.000025 seconds.
  path: Assets/Class 8th (Physics System)/Golf Assets/Models/Level/Part1/FullSquareHole.fbx
  artifactKey: Guid(6076966bb02006e44acdb4359b859d1f) Importer(2089858483,b0f066a214c2f5e87bad3c948f4d605d)
Start importing Assets/Class 8th (Physics System)/Golf Assets/Models/Level/Part1/FullSquareHole.fbx using Guid(6076966bb02006e44acdb4359b859d1f) Importer(2089858483,b0f066a214c2f5e87bad3c948f4d605d) (ScriptedImporter) -> (artifact id: '11a216c078a707fb965e92b4b204f5d2') in 0.0208674 seconds
Number of updated asset objects reloaded before import = 0Number of asset objects unloaded after import = 9

========================================================================
Received Import Request.
  Time since last request: 0.000044 seconds.
  path: Assets/Class 8th (Physics System)/Golf Assets/Textures/Cosmetics/wood/Sphere_DefaultMaterial_Normal.png
  artifactKey: Guid(0437a2b8b39eda74cb75410a710c184d) Importer(2089858483,b0f066a214c2f5e87bad3c948f4d605d)
Start importing Assets/Class 8th (Physics System)/Golf Assets/Textures/Cosmetics/wood/Sphere_DefaultMaterial_Normal.png using Guid(0437a2b8b39eda74cb75410a710c184d) Importer(2089858483,b0f066a214c2f5e87bad3c948f4d605d) (ScriptedImporter) -> (artifact id: '8792b660358d87df38aa24cc75df7661') in 0.0111923 seconds
Number of updated asset objects reloaded before import = 0Number of asset objects unloaded after import = 1

========================================================================
Received Import Request.
  Time since last request: 0.000020 seconds.
  path: Assets/Class 8th (Physics System)/Golf Assets/Materials/Cosmetics/GolfBall.mat
  artifactKey: Guid(61b2cbcbc7214c04cbd8532e98166027) Importer(2089858483,b0f066a214c2f5e87bad3c948f4d605d)
Start importing Assets/Class 8th (Physics System)/Golf Assets/Materials/Cosmetics/GolfBall.mat using Guid(61b2cbcbc7214c04cbd8532e98166027) Importer(2089858483,b0f066a214c2f5e87bad3c948f4d605d) (ScriptedImporter) -> (artifact id: '0552d230bb1ddcb418d3539b3277fb4a') in 0.0095557 seconds
Number of updated asset objects reloaded before import = 0Number of asset objects unloaded after import = 3

========================================================================
Received Import Request.
  Time since last request: 0.000038 seconds.
  path: Assets/Class 8th (Physics System)/Golf Assets/Textures/Hammer,Flag/1_DefaultMaterial_AlbedoTransparency.png
  artifactKey: Guid(28484795503ec1747ba7fb6f5f1e9067) Importer(2089858483,b0f066a214c2f5e87bad3c948f4d605d)
Start importing Assets/Class 8th (Physics System)/Golf Assets/Textures/Hammer,Flag/1_DefaultMaterial_AlbedoTransparency.png using Guid(28484795503ec1747ba7fb6f5f1e9067) Importer(2089858483,b0f066a214c2f5e87bad3c948f4d605d) (ScriptedImporter) -> (artifact id: 'a2a95cc121e42f592752aaf7081ebd27') in 0.0118597 seconds
Number of updated asset objects reloaded before import = 0Number of asset objects unloaded after import = 1

========================================================================
Received Import Request.
  Time since last request: 0.000027 seconds.
  path: Assets/Class 8th (Physics System)/Golf Assets/Textures/CheckerBig.png
  artifactKey: Guid(c9bd5c674f4ccd940afd036dd2192888) Importer(2089858483,b0f066a214c2f5e87bad3c948f4d605d)
Start importing Assets/Class 8th (Physics System)/Golf Assets/Textures/CheckerBig.png using Guid(c9bd5c674f4ccd940afd036dd2192888) Importer(2089858483,b0f066a214c2f5e87bad3c948f4d605d) (ScriptedImporter) -> (artifact id: '04975e99740d6ee46ec68ed2559c3aa6') in 0.0106674 seconds
Number of updated asset objects reloaded before import = 0Number of asset objects unloaded after import = 1

========================================================================
Received Import Request.
  Time since last request: 0.000032 seconds.
  path: Assets/Class 8th (Physics System)/Golf Assets/Models/Interactable/Bounce.fbx
  artifactKey: Guid(32644e8694d6c024785078016a8dacfc) Importer(2089858483,b0f066a214c2f5e87bad3c948f4d605d)
Start importing Assets/Class 8th (Physics System)/Golf Assets/Models/Interactable/Bounce.fbx using Guid(32644e8694d6c024785078016a8dacfc) Importer(2089858483,b0f066a214c2f5e87bad3c948f4d605d) (ScriptedImporter) -> (artifact id: 'a589457216ca371bd6be1f2044bdce22') in 0.0144736 seconds
Number of updated asset objects reloaded before import = 0Number of asset objects unloaded after import = 7

========================================================================
Received Import Request.
  Time since last request: 0.000022 seconds.
  path: Assets/Class 8th (Physics System)/Golf Assets/Materials/Checker 1.mat
  artifactKey: Guid(ccceb4c745d987d4a8c98874b24128b0) Importer(2089858483,b0f066a214c2f5e87bad3c948f4d605d)
Start importing Assets/Class 8th (Physics System)/Golf Assets/Materials/Checker 1.mat using Guid(ccceb4c745d987d4a8c98874b24128b0) Importer(2089858483,b0f066a214c2f5e87bad3c948f4d605d) (ScriptedImporter) -> (artifact id: 'db3c3ba335e2da5a7aa86c5bd12b81ec') in 0.0102362 seconds
Number of updated asset objects reloaded before import = 0Number of asset objects unloaded after import = 3

========================================================================
Received Import Request.
  Time since last request: 0.000023 seconds.
  path: Assets/Class 8th (Physics System)/Golf Assets/Textures/InteractProps/1_DefaultMaterial_Normal.png
  artifactKey: Guid(3ee2edc69a8390f46b367a51474543d4) Importer(2089858483,b0f066a214c2f5e87bad3c948f4d605d)
Start importing Assets/Class 8th (Physics System)/Golf Assets/Textures/InteractProps/1_DefaultMaterial_Normal.png using Guid(3ee2edc69a8390f46b367a51474543d4) Importer(2089858483,b0f066a214c2f5e87bad3c948f4d605d) (ScriptedImporter) -> (artifact id: 'd45f8dbece62322b31cc1a166ae5b3c8') in 0.0141148 seconds
Number of updated asset objects reloaded before import = 0Number of asset objects unloaded after import = 1

========================================================================
Received Import Request.
  Time since last request: 0.000022 seconds.
  path: Assets/Class 8th (Physics System)/Golf Assets/Materials/ColorPicker.mat
  artifactKey: Guid(ff15b73cd5e069c4db286a8da49ce702) Importer(2089858483,b0f066a214c2f5e87bad3c948f4d605d)
Start importing Assets/Class 8th (Physics System)/Golf Assets/Materials/ColorPicker.mat using Guid(ff15b73cd5e069c4db286a8da49ce702) Importer(2089858483,b0f066a214c2f5e87bad3c948f4d605d) (ScriptedImporter) -> (artifact id: 'ad17c94642a05111da62c1ac8ab6c211') in 0.0095673 seconds
Number of updated asset objects reloaded before import = 0Number of asset objects unloaded after import = 2

========================================================================
Received Import Request.
  Time since last request: 0.000027 seconds.
  path: Assets/Class 8th (Physics System)/Golf Assets/Prefabs/InteractProps/Ramp.prefab
  artifactKey: Guid(9d670e2f7d433be4bb98e34d82568e4b) Importer(2089858483,b0f066a214c2f5e87bad3c948f4d605d)
Start importing Assets/Class 8th (Physics System)/Golf Assets/Prefabs/InteractProps/Ramp.prefab using Guid(9d670e2f7d433be4bb98e34d82568e4b) Importer(2089858483,b0f066a214c2f5e87bad3c948f4d605d) (ScriptedImporter) -> (artifact id: 'b9be4206ff885ad7540c220a62777fdd') in 0.0100815 seconds
Number of updated asset objects reloaded before import = 0Number of asset objects unloaded after import = 14

========================================================================
Received Import Request.
  Time since last request: 0.000031 seconds.
  path: Assets/Class 8th (Physics System)/Golf Assets/Materials/InteractProps.mat
  artifactKey: Guid(bc73a14eefc4bc14c925a908af5c93eb) Importer(2089858483,b0f066a214c2f5e87bad3c948f4d605d)
Start importing Assets/Class 8th (Physics System)/Golf Assets/Materials/InteractProps.mat using Guid(bc73a14eefc4bc14c925a908af5c93eb) Importer(2089858483,b0f066a214c2f5e87bad3c948f4d605d) (ScriptedImporter) -> (artifact id: '7f54fd076476465aac80da6fd3f39d10') in 0.0241641 seconds
Number of updated asset objects reloaded before import = 0Number of asset objects unloaded after import = 5

========================================================================
Received Import Request.
  Time since last request: 0.000030 seconds.
  path: Assets/Class 8th (Physics System)/Golf Assets/UniversalRenderPipelineGlobalSettings.asset
  artifactKey: Guid(b20909cf6eb358e489e8c9a2ddaf1480) Importer(2089858483,b0f066a214c2f5e87bad3c948f4d605d)
Start importing Assets/Class 8th (Physics System)/Golf Assets/UniversalRenderPipelineGlobalSettings.asset using Guid(b20909cf6eb358e489e8c9a2ddaf1480) Importer(2089858483,b0f066a214c2f5e87bad3c948f4d605d) (ScriptedImporter) -> (artifact id: '07676a98e5685c962577ead59106c568') in 0.0128485 seconds
Number of updated asset objects reloaded before import = 0Number of asset objects unloaded after import = 1

========================================================================
Received Import Request.
  Time since last request: 0.000023 seconds.
  path: Assets/Class 8th (Physics System)/Golf Assets/Materials/Cosmetics/Wood.mat
  artifactKey: Guid(3a759a4e9e7bd934c900202c84f84d90) Importer(2089858483,b0f066a214c2f5e87bad3c948f4d605d)
Start importing Assets/Class 8th (Physics System)/Golf Assets/Materials/Cosmetics/Wood.mat using Guid(3a759a4e9e7bd934c900202c84f84d90) Importer(2089858483,b0f066a214c2f5e87bad3c948f4d605d) (ScriptedImporter) -> (artifact id: '12467c5eb1a61fe7f5f4819c4bac771e') in 0.0105732 seconds
Number of updated asset objects reloaded before import = 0Number of asset objects unloaded after import = 3

========================================================================
Received Import Request.
  Time since last request: 0.000023 seconds.
  path: Assets/Class 8th (Physics System)/Golf Assets/Textures/Hammer,Flag/1_DefaultMaterial_Normal.png
  artifactKey: Guid(60a3c79d40def9543a903d65c4418e03) Importer(2089858483,b0f066a214c2f5e87bad3c948f4d605d)
Start importing Assets/Class 8th (Physics System)/Golf Assets/Textures/Hammer,Flag/1_DefaultMaterial_Normal.png using Guid(60a3c79d40def9543a903d65c4418e03) Importer(2089858483,b0f066a214c2f5e87bad3c948f4d605d) (ScriptedImporter) -> (artifact id: '343a782ecc529b75fd9e1b9ac08a30a3') in 0.0115496 seconds
Number of updated asset objects reloaded before import = 0Number of asset objects unloaded after import = 1

========================================================================
Received Import Request.
  Time since last request: 0.000022 seconds.
  path: Assets/Class 8th (Physics System)/Golf Assets/Materials/Cosmetics/GolfBall.mat
  artifactKey: Guid(61b2cbcbc7214c04cbd8532e98166027) Importer(815301076,1909f56bfc062723c751e8b465ee728b)
Start importing Assets/Class 8th (Physics System)/Golf Assets/Materials/Cosmetics/GolfBall.mat using Guid(61b2cbcbc7214c04cbd8532e98166027) Importer(815301076,1909f56bfc062723c751e8b465ee728b) (PreviewImporter) -> (artifact id: '7cf6b22489a0a2ad03d2ee605e361a99') in 0.0133696 seconds
Number of updated asset objects reloaded before import = 0Number of asset objects unloaded after import = 3

========================================================================
Received Import Request.
  Time since last request: 0.000024 seconds.
  path: Assets/Class 8th (Physics System)/Golf Assets/Models/Level/Part1/CornerHole.fbx
  artifactKey: Guid(cf681ba8dc035704fae451e73cb9c9aa) Importer(2089858483,b0f066a214c2f5e87bad3c948f4d605d)
Start importing Assets/Class 8th (Physics System)/Golf Assets/Models/Level/Part1/CornerHole.fbx using Guid(cf681ba8dc035704fae451e73cb9c9aa) Importer(2089858483,b0f066a214c2f5e87bad3c948f4d605d) (ScriptedImporter) -> (artifact id: '8cf6b4bca44d73570f3b37dd7b9df16c') in 0.0167377 seconds
Number of updated asset objects reloaded before import = 0Number of asset objects unloaded after import = 9

========================================================================
Received Import Request.
  Time since last request: 0.000028 seconds.
  path: Assets/Class 8th (Physics System)/Golf Assets/Materials/WindMillFans.mat
  artifactKey: Guid(76a29bbece50ad540b524a337bac3111) Importer(2089858483,b0f066a214c2f5e87bad3c948f4d605d)
Start importing Assets/Class 8th (Physics System)/Golf Assets/Materials/WindMillFans.mat using Guid(76a29bbece50ad540b524a337bac3111) Importer(2089858483,b0f066a214c2f5e87bad3c948f4d605d) (ScriptedImporter) -> (artifact id: 'df975db615ea7b552e4063c8c82fbcec') in 0.008788 seconds
Number of updated asset objects reloaded before import = 0Number of asset objects unloaded after import = 3

========================================================================
Received Import Request.
  Time since last request: 0.192145 seconds.
  path: Assets/Class 8th (Physics System)/Golf Assets/Models/Interactable
  artifactKey: Guid(682038632684c3541a5821d44599eb0e) Importer(2089858483,b0f066a214c2f5e87bad3c948f4d605d)
Start importing Assets/Class 8th (Physics System)/Golf Assets/Models/Interactable using Guid(682038632684c3541a5821d44599eb0e) Importer(2089858483,b0f066a214c2f5e87bad3c948f4d605d) (ScriptedImporter) -> (artifact id: '27b9d172ef092cb93e904927876c70b6') in 0.008494 seconds
Number of updated asset objects reloaded before import = 0Number of asset objects unloaded after import = 1

========================================================================
Received Import Request.
  Time since last request: 0.000019 seconds.
  path: Assets/Class 8th (Physics System)/Golf Assets/Models/Level/Part1/D90Hole.fbx
  artifactKey: Guid(365e5ae3ed1abbf4bb47a85ef2e5f10d) Importer(2089858483,b0f066a214c2f5e87bad3c948f4d605d)
Start importing Assets/Class 8th (Physics System)/Golf Assets/Models/Level/Part1/D90Hole.fbx using Guid(365e5ae3ed1abbf4bb47a85ef2e5f10d) Importer(2089858483,b0f066a214c2f5e87bad3c948f4d605d) (ScriptedImporter) -> (artifact id: '55d2b1767defa05a3210105f33677a45') in 0.0136664 seconds
Number of updated asset objects reloaded before import = 0Number of asset objects unloaded after import = 9

========================================================================
Received Import Request.
  Time since last request: 0.000021 seconds.
  path: Assets/Class 8th (Physics System)/Golf Assets/Prefabs/Level/Norails.prefab
  artifactKey: Guid(0e5b43409606cc54c994716deef95891) Importer(2089858483,b0f066a214c2f5e87bad3c948f4d605d)
Start importing Assets/Class 8th (Physics System)/Golf Assets/Prefabs/Level/Norails.prefab using Guid(0e5b43409606cc54c994716deef95891) Importer(2089858483,b0f066a214c2f5e87bad3c948f4d605d) (ScriptedImporter) -> (artifact id: '65874e000b3d1c7e5c050ba8703a850a') in 0.0112257 seconds
Number of updated asset objects reloaded before import = 0Number of asset objects unloaded after import = 16

========================================================================
Received Import Request.
  Time since last request: 0.000021 seconds.
  path: Assets/Class 8th (Physics System)/Golf Assets/Models/Bumpers
  artifactKey: Guid(351c5eedfab1ad24289391ae7aff2099) Importer(2089858483,b0f066a214c2f5e87bad3c948f4d605d)
Start importing Assets/Class 8th (Physics System)/Golf Assets/Models/Bumpers using Guid(351c5eedfab1ad24289391ae7aff2099) Importer(2089858483,b0f066a214c2f5e87bad3c948f4d605d) (ScriptedImporter) -> (artifact id: '348a0c717f8bcffb33817014ea2e39fc') in 0.007283 seconds
Number of updated asset objects reloaded before import = 0Number of asset objects unloaded after import = 1

========================================================================
Received Import Request.
  Time since last request: 0.000025 seconds.
  path: Assets/Class 8th (Physics System)/Golf Assets/Prefabs/InteractProps/PoweUpBox.prefab
  artifactKey: Guid(14604b418a7b37d4898f571207b5ada3) Importer(2089858483,b0f066a214c2f5e87bad3c948f4d605d)
Start importing Assets/Class 8th (Physics System)/Golf Assets/Prefabs/InteractProps/PoweUpBox.prefab using Guid(14604b418a7b37d4898f571207b5ada3) Importer(2089858483,b0f066a214c2f5e87bad3c948f4d605d) (ScriptedImporter) -> (artifact id: 'a869b4607231367ed5b4c3ecf0dfa8d4') in 0.0128114 seconds
Number of updated asset objects reloaded before import = 0Number of asset objects unloaded after import = 15

========================================================================
Received Import Request.
  Time since last request: 0.000032 seconds.
  path: Assets/Class 8th (Physics System)/Golf Assets/Materials
  artifactKey: Guid(0ed53a5304b3905408abde20803b45ed) Importer(2089858483,b0f066a214c2f5e87bad3c948f4d605d)
Start importing Assets/Class 8th (Physics System)/Golf Assets/Materials using Guid(0ed53a5304b3905408abde20803b45ed) Importer(2089858483,b0f066a214c2f5e87bad3c948f4d605d) (ScriptedImporter) -> (artifact id: '515e3db5a061f6d187fbccf2e1a141eb') in 0.0065005 seconds
Number of updated asset objects reloaded before import = 0Number of asset objects unloaded after import = 1

========================================================================
Received Import Request.
  Time since last request: 0.000030 seconds.
  path: Assets/Class 8th (Physics System)/Golf Assets/Prefabs/Level
  artifactKey: Guid(fd49684aa6e58f04d867b459147baa1d) Importer(2089858483,b0f066a214c2f5e87bad3c948f4d605d)
Start importing Assets/Class 8th (Physics System)/Golf Assets/Prefabs/Level using Guid(fd49684aa6e58f04d867b459147baa1d) Importer(2089858483,b0f066a214c2f5e87bad3c948f4d605d) (ScriptedImporter) -> (artifact id: '0ac3400d3a5279a1c19e4a66c24b2c72') in 0.0072728 seconds
Number of updated asset objects reloaded before import = 0Number of asset objects unloaded after import = 1

========================================================================
Received Import Request.
  Time since last request: 0.000025 seconds.
  path: Assets/Class 8th (Physics System)/Golf Assets/Settings/Very Low_PipelineAsset_ForwardRenderer.asset
  artifactKey: Guid(aebad1f347dfe6d44959df1f3c07dc76) Importer(2089858483,b0f066a214c2f5e87bad3c948f4d605d)
Start importing Assets/Class 8th (Physics System)/Golf Assets/Settings/Very Low_PipelineAsset_ForwardRenderer.asset using Guid(aebad1f347dfe6d44959df1f3c07dc76) Importer(2089858483,b0f066a214c2f5e87bad3c948f4d605d) (ScriptedImporter) -> (artifact id: '2ca0a05df0e573ff5d6acbd04f460668') in 0.0105185 seconds
Number of updated asset objects reloaded before import = 0Number of asset objects unloaded after import = 1

========================================================================
Received Import Request.
  Time since last request: 0.000022 seconds.
  path: Assets/Class 8th (Physics System)/Golf Assets/Prefabs/Characters/FrogPortalEnterHold.prefab
  artifactKey: Guid(f5692bb23a87000468eb6fe2d283475b) Importer(2089858483,b0f066a214c2f5e87bad3c948f4d605d)
Start importing Assets/Class 8th (Physics System)/Golf Assets/Prefabs/Characters/FrogPortalEnterHold.prefab using Guid(f5692bb23a87000468eb6fe2d283475b) Importer(2089858483,b0f066a214c2f5e87bad3c948f4d605d) (ScriptedImporter) -> (artifact id: '7d8101543d3d53723b6911ff04ad0dcf') in 0.008726 seconds
Number of updated asset objects reloaded before import = 0Number of asset objects unloaded after import = 11

========================================================================
Received Import Request.
  Time since last request: 0.000021 seconds.
  path: Assets/Class 8th (Physics System)/Golf Assets/Textures/Pipes
  artifactKey: Guid(072b639b648481e43b85c4ec06eb1d8b) Importer(2089858483,b0f066a214c2f5e87bad3c948f4d605d)
Start importing Assets/Class 8th (Physics System)/Golf Assets/Textures/Pipes using Guid(072b639b648481e43b85c4ec06eb1d8b) Importer(2089858483,b0f066a214c2f5e87bad3c948f4d605d) (ScriptedImporter) -> (artifact id: 'adddb84b368f048feb6944171111d953') in 0.007534 seconds
Number of updated asset objects reloaded before import = 0Number of asset objects unloaded after import = 1

========================================================================
Received Import Request.
  Time since last request: 0.000022 seconds.
  path: Assets/Class 8th (Physics System)/Golf Assets/Prefabs/Bg/Clouds
  artifactKey: Guid(98e84314a914aed4590473b7146b77f0) Importer(2089858483,b0f066a214c2f5e87bad3c948f4d605d)
Start importing Assets/Class 8th (Physics System)/Golf Assets/Prefabs/Bg/Clouds using Guid(98e84314a914aed4590473b7146b77f0) Importer(2089858483,b0f066a214c2f5e87bad3c948f4d605d) (ScriptedImporter) -> (artifact id: 'afd89374f2e2b1c66bafa1fb786ebb09') in 0.0074916 seconds
Number of updated asset objects reloaded before import = 0Number of asset objects unloaded after import = 1

========================================================================
Received Import Request.
  Time since last request: 0.000021 seconds.
  path: Assets/Class 8th (Physics System)/Golf Assets/Textures/WindMill
  artifactKey: Guid(8dd94675c4160ec40885477cfac1a214) Importer(2089858483,b0f066a214c2f5e87bad3c948f4d605d)
Start importing Assets/Class 8th (Physics System)/Golf Assets/Textures/WindMill using Guid(8dd94675c4160ec40885477cfac1a214) Importer(2089858483,b0f066a214c2f5e87bad3c948f4d605d) (ScriptedImporter) -> (artifact id: 'ce11872c435b697cd8669a35c1839ffc') in 0.0072571 seconds
Number of updated asset objects reloaded before import = 0Number of asset objects unloaded after import = 1

========================================================================
Received Import Request.
  Time since last request: 0.000025 seconds.
  path: Assets/Class 8th (Physics System)/Golf Assets/Textures/Coins/1_DefaultMaterial_Normal.png
  artifactKey: Guid(865cb1d07d305314480f9f17d85bf7fa) Importer(2089858483,b0f066a214c2f5e87bad3c948f4d605d)
Start importing Assets/Class 8th (Physics System)/Golf Assets/Textures/Coins/1_DefaultMaterial_Normal.png using Guid(865cb1d07d305314480f9f17d85bf7fa) Importer(2089858483,b0f066a214c2f5e87bad3c948f4d605d) (ScriptedImporter) -> (artifact id: 'eec190a2ed1ea49c8dd48db042acea1c') in 0.0106799 seconds
Number of updated asset objects reloaded before import = 0Number of asset objects unloaded after import = 1

========================================================================
Received Import Request.
  Time since last request: 0.000027 seconds.
  path: Assets/Class 8th (Physics System)/Golf Assets/Animations
  artifactKey: Guid(84683e1b7a9510942a88194c155e2241) Importer(2089858483,b0f066a214c2f5e87bad3c948f4d605d)
Start importing Assets/Class 8th (Physics System)/Golf Assets/Animations using Guid(84683e1b7a9510942a88194c155e2241) Importer(2089858483,b0f066a214c2f5e87bad3c948f4d605d) (ScriptedImporter) -> (artifact id: '9588207a65b3d244f8f0a0019f10e7b2') in 0.0069144 seconds
Number of updated asset objects reloaded before import = 0Number of asset objects unloaded after import = 1

========================================================================
Received Import Request.
  Time since last request: 3.726472 seconds.
  path: Assets/Class 8th (Physics System)/Golf Assets/Settings/Low_PipelineAsset.asset
  artifactKey: Guid(1122bf35af95890459b869c7176d7b1e) Importer(815301076,1909f56bfc062723c751e8b465ee728b)
Start importing Assets/Class 8th (Physics System)/Golf Assets/Settings/Low_PipelineAsset.asset using Guid(1122bf35af95890459b869c7176d7b1e) Importer(815301076,1909f56bfc062723c751e8b465ee728b) (PreviewImporter) -> (artifact id: '4096397f0bd4514db73088eb7f660372') in 0.001688 seconds
Number of updated asset objects reloaded before import = 0Number of asset objects unloaded after import = 2

========================================================================
Received Import Request.
  Time since last request: 0.000021 seconds.
  path: Assets/Class 8th (Physics System)/Golf Assets/Settings/Very Low_PipelineAsset.asset
  artifactKey: Guid(3b8ab573f4230de4b9eeb5fec77e169c) Importer(815301076,1909f56bfc062723c751e8b465ee728b)
Start importing Assets/Class 8th (Physics System)/Golf Assets/Settings/Very Low_PipelineAsset.asset using Guid(3b8ab573f4230de4b9eeb5fec77e169c) Importer(815301076,1909f56bfc062723c751e8b465ee728b) (PreviewImporter) -> (artifact id: '7633f1f6ffce8ba3d7392cb147c5038c') in 0.0014299 seconds
Number of updated asset objects reloaded before import = 0Number of asset objects unloaded after import = 2

========================================================================
Received Import Request.
  Time since last request: 2.041057 seconds.
  path: Assets/Class 8th (Physics System)/Golf Assets/Prefabs/InteractProps/Bounce.prefab
  artifactKey: Guid(2420ab9f71fd6f446bafdfc9d0a0e60f) Importer(815301076,1909f56bfc062723c751e8b465ee728b)
Start importing Assets/Class 8th (Physics System)/Golf Assets/Prefabs/InteractProps/Bounce.prefab using Guid(2420ab9f71fd6f446bafdfc9d0a0e60f) Importer(815301076,1909f56bfc062723c751e8b465ee728b) (PreviewImporter) -> (artifact id: '2444b7cadac25fbc2845398ded182642') in 4.3956823 seconds
Number of updated asset objects reloaded before import = 0Number of asset objects unloaded after import = 19

========================================================================
Received Import Request.
  Time since last request: 2.664026 seconds.
  path: Assets/Class 8th (Physics System)/Golf Assets/Prefabs/Level/90hole.prefab
  artifactKey: Guid(a1cda437413b1434ba7f0f45169c0a2d) Importer(815301076,1909f56bfc062723c751e8b465ee728b)
Start importing Assets/Class 8th (Physics System)/Golf Assets/Prefabs/Level/90hole.prefab using Guid(a1cda437413b1434ba7f0f45169c0a2d) Importer(815301076,1909f56bfc062723c751e8b465ee728b) (PreviewImporter) -> (artifact id: 'da16222b27c1d4a4505f2e73b11ea12b') in 0.0179741 seconds
Number of updated asset objects reloaded before import = 0Number of asset objects unloaded after import = 22

========================================================================
Received Import Request.
  Time since last request: 0.000023 seconds.
  path: Assets/Class 8th (Physics System)/Golf Assets/Prefabs/Level/Sidehole.prefab
  artifactKey: Guid(8727499c941e7a74485799a892048acc) Importer(815301076,1909f56bfc062723c751e8b465ee728b)
Start importing Assets/Class 8th (Physics System)/Golf Assets/Prefabs/Level/Sidehole.prefab using Guid(8727499c941e7a74485799a892048acc) Importer(815301076,1909f56bfc062723c751e8b465ee728b) (PreviewImporter) -> (artifact id: '499aea9c8fab613ed0f40dbab300a548') in 0.0150385 seconds
Number of updated asset objects reloaded before import = 0Number of asset objects unloaded after import = 22

========================================================================
Received Import Request.
  Time since last request: 0.000024 seconds.
  path: Assets/Class 8th (Physics System)/Golf Assets/Prefabs/Level/SidesHazard.prefab
  artifactKey: Guid(c515f3e5539b8884ea7f2e1a4d94a27c) Importer(815301076,1909f56bfc062723c751e8b465ee728b)
Start importing Assets/Class 8th (Physics System)/Golf Assets/Prefabs/Level/SidesHazard.prefab using Guid(c515f3e5539b8884ea7f2e1a4d94a27c) Importer(815301076,1909f56bfc062723c751e8b465ee728b) (PreviewImporter) -> (artifact id: 'e3f3aaec2c23969f12b9e09920d15f34') in 0.0167345 seconds
Number of updated asset objects reloaded before import = 0Number of asset objects unloaded after import = 22

========================================================================
Received Import Request.
  Time since last request: 11.928957 seconds.
  path: Assets/Class 8th (Physics System)/Golf Assets/Settings/Ultra_PipelineAsset.asset
  artifactKey: Guid(1f3f6f826abe4314396f3d717bf9c0a6) Importer(2089858483,b0f066a214c2f5e87bad3c948f4d605d)
Start importing Assets/Class 8th (Physics System)/Golf Assets/Settings/Ultra_PipelineAsset.asset using Guid(1f3f6f826abe4314396f3d717bf9c0a6) Importer(2089858483,b0f066a214c2f5e87bad3c948f4d605d) (ScriptedImporter) -> (artifact id: '0eef71dd1159c67887cb43557998dde0') in 0.037098 seconds
Number of updated asset objects reloaded before import = 0Number of asset objects unloaded after import = 2

========================================================================
Received Import Request.
  Time since last request: 5.325676 seconds.
  path: Assets/Class 8th (Physics System)/Golf Assets/Textures/CheckerRandom2.png
  artifactKey: Guid(8d7d817c049c940479a5a3ffbda46cb3) Importer(815301076,1909f56bfc062723c751e8b465ee728b)
Start importing Assets/Class 8th (Physics System)/Golf Assets/Textures/CheckerRandom2.png using Guid(8d7d817c049c940479a5a3ffbda46cb3) Importer(815301076,1909f56bfc062723c751e8b465ee728b) (PreviewImporter) -> (artifact id: '5b849fed5fec7c492380a32930adb8a0') in 0.0146885 seconds
Number of updated asset objects reloaded before import = 0Number of asset objects unloaded after import = 2

========================================================================
Received Import Request.
  Time since last request: 0.720587 seconds.
  path: Assets/Class 8th (Physics System)/Golf Assets/Settings/Medium_PipelineAsset.asset
  artifactKey: Guid(7f423b31b6934b349b3ab8d7c337eafd) Importer(815301076,1909f56bfc062723c751e8b465ee728b)
Start importing Assets/Class 8th (Physics System)/Golf Assets/Settings/Medium_PipelineAsset.asset using Guid(7f423b31b6934b349b3ab8d7c337eafd) Importer(815301076,1909f56bfc062723c751e8b465ee728b) (PreviewImporter) -> (artifact id: '403fee8d5fa2d037adad7b12443d8f43') in 0.0016064 seconds
Number of updated asset objects reloaded before import = 0Number of asset objects unloaded after import = 2

========================================================================
Received Import Request.
  Time since last request: 0.575832 seconds.
  path: Assets/Class 8th (Physics System)/Golf Assets/Prefabs/Pipes/PipeStraightEnter.prefab
  artifactKey: Guid(b1e1a2b79f6f36d4a9e38d545cf8732d) Importer(815301076,1909f56bfc062723c751e8b465ee728b)
Start importing Assets/Class 8th (Physics System)/Golf Assets/Prefabs/Pipes/PipeStraightEnter.prefab using Guid(b1e1a2b79f6f36d4a9e38d545cf8732d) Importer(815301076,1909f56bfc062723c751e8b465ee728b) (PreviewImporter) -> (artifact id: '729d7ecf0c2ea10c1285dd6dc55bce3d') in 0.0167602 seconds
Number of updated asset objects reloaded before import = 0Number of asset objects unloaded after import = 15

========================================================================
Received Import Request.
  Time since last request: 16.472833 seconds.
  path: Assets/Class 8th (Physics System)/Golf Assets/Prefabs/Bumpers/Line.prefab
  artifactKey: Guid(c12ea050b83597a47a9dc334f863c691) Importer(815301076,1909f56bfc062723c751e8b465ee728b)
Start importing Assets/Class 8th (Physics System)/Golf Assets/Prefabs/Bumpers/Line.prefab using Guid(c12ea050b83597a47a9dc334f863c691) Importer(815301076,1909f56bfc062723c751e8b465ee728b) (PreviewImporter) -> (artifact id: 'a9b92a4dfe6517d93cd36177bcf86f47') in 0.0140167 seconds
Number of updated asset objects reloaded before import = 0Number of asset objects unloaded after import = 19

Editor requested this worker to shutdown with reason: Scaling down because of idle timeout
AssetImportWorker is now disconnected from the server
Process exiting
Exiting without the bug reporter. Application will terminate with return code 0